
> coastmas-web@0.1.0 test
> vitest run --run src/workflow-editor.test.ts


 RUN  v5.0.1 /Users/quanyiming/Projects/CoastMAS/apps/web

 ❯ src/workflow-editor.test.ts (0 test)

⎯⎯⎯⎯⎯⎯ Failed Suites 1 ⎯⎯⎯⎯⎯⎯⎯

 FAIL  src/workflow-editor.test.ts [ src/workflow-editor.test.ts ]
Error: Failed to resolve import "./workflow-editor" from "src/workflow-editor.test.ts". Does the file exist?
  Plugin: vite:import-analysis
  File: /Users/quanyiming/Projects/CoastMAS/apps/web/src/workflow-editor.test.ts:9:7
  1  |  import { expect, it } from "vitest";
  2  |  import { addModel, connectPorts, removeNode, setParameter, assignData, emptyWorkflow } from "./workflow-editor";
     |                                                                                               ^
  3  |  it("preserves explicit defaults and does not invent required scientific parameters", () => {
  4  |  	const draft = addModel(emptyWorkflow("w"), {
 ❯ TransformPluginContext._formatLog node_modules/vite/dist/node/chunks/node.js:8393:39
 ❯ TransformPluginContext.error node_modules/vite/dist/node/chunks/node.js:8390:14
 ❯ normalizeUrl node_modules/vite/dist/node/chunks/node.js:26058:18
 ❯ node_modules/vite/dist/node/chunks/node.js:26128:30
 ❯ TransformPluginContext.transform node_modules/vite/dist/node/chunks/node.js:26094:4
 ❯ EnvironmentPluginContainer.transform node_modules/vite/dist/node/chunks/node.js:8172:14
 ❯ loadAndTransform node_modules/vite/dist/node/chunks/node.js:19634:26

⎯⎯⎯⎯⎯⎯⎯⎯⎯⎯⎯⎯⎯⎯⎯⎯⎯⎯⎯⎯⎯⎯⎯⎯[1/1]⎯


 Test Files  1 failed (1)
      Tests  no tests
   Start at  22:14:12
   Duration  587ms (environment 86%, setup 12%, transform 2%, worker 1%)

