.F...........                                                            [100%]
=================================== FAILURES ===================================
___________ test_research_rechecks_current_access_before_worker_runs ___________

engine = Engine(postgresql+psycopg://coastmas:***@127.0.0.1:55432/coastmas_test_f8966f58470d4aba87f8898df7cd13fa)
actors = ('5dacd0af-3618-48b4-b2a5-43d96a77989f', '5b2cd219-98eb-418d-bd95-afeedf1fe965', '91c0bb5c-ca03-40f4-bcdc-2d40eb6c077f', '66dae0f0-ce59-4127-a339-3d81308db76f')
storage = <coastmas.adapters.storage.S3ArtifactStore object at 0x12073f680>
authenticated = (<starlette.testclient.TestClient object at 0x1209ae0c0>, '04vtdbUp1TdAU5jYXdBEWCCswdqFmVnk0PJ9m3-fy3Q', '66dae0f0-ce59-4127-a339-3d81308db76f', '5dacd0af-3618-48b4-b2a5-43d96a77989f')
tmp_path = PosixPath('/private/var/folders/28/dvzgw6td6ws6bfjb1g55hd_c0000gn/T/pytest-of-quanyiming/pytest-36/test_research_rechecks_current0')

    def test_research_rechecks_current_access_before_worker_runs(
        engine, actors, storage, authenticated, tmp_path
    ):
        client, csrf, seeded, body = setup_research(engine, actors, storage, authenticated)
        response = client.post(
            "/api/v1/research", json=body, headers={"X-CSRF-Token": csrf, "Idempotency-Key": "revoked"}
        )
        assert response.status_code == 202, response.text
        with Session(engine) as session, session.begin():
            session.get(Membership, (actors[3], actors[0])).role = "VIEWER"
        worker = WorkflowWorker(engine, seeded.catalog.registry, storage, work_root=tmp_path)
        worker.run(response.json()["id"])
        job = client.get("/api/v1/jobs/" + response.json()["id"]).json()
        assert job["status"] == "FAILED"
        assert job["error"]["error_code"] == "AUTHORIZATION_ERROR"
>       assert client.get("/api/v1/research/" + job["id"] + "/report").status_code == 409
E       AssertionError: assert 422 == 409
E        +  where 422 = <Response [422 Unprocessable Entity]>.status_code
E        +    where <Response [422 Unprocessable Entity]> = get((('/api/v1/research/' + 'd51220c8-4409-46e1-90e6-228d0c703052') + '/report'))
E        +      where get = <starlette.testclient.TestClient object at 0x1209ae0c0>.get

tests/integration/test_research_execution.py:91: AssertionError
------------------------------ Captured log call -------------------------------
ERROR    coastmas.worker.runtime:runtime.py:323 job_failed job=d51220c8-4409-46e1-90e6-228d0c703052 exception_type=CoastMASError code=AUTHORIZATION_ERROR
=============================== warnings summary ===============================
.venv/lib/python3.12/site-packages/fastapi/testclient.py:1
  /Users/quanyiming/Projects/CoastMAS/.venv/lib/python3.12/site-packages/fastapi/testclient.py:1: StarletteDeprecationWarning: Using `httpx` with `starlette.testclient` is deprecated; install `httpx2` instead.
    from starlette.testclient import TestClient as TestClient  # noqa

.venv/lib/python3.12/site-packages/starlette/testclient.py:53
  /Users/quanyiming/Projects/CoastMAS/.venv/lib/python3.12/site-packages/starlette/testclient.py:53: DeprecationWarning: The anyio.abc.BlockingPortal alias is deprecated, use anyio.from_thread.BlockingPortal instead.
    _PortalFactoryType = Callable[[], AbstractContextManager[anyio.abc.BlockingPortal]]

-- Docs: https://docs.pytest.org/en/stable/how-to/capture-warnings.html
=========================== short test summary info ============================
FAILED tests/integration/test_research_execution.py::test_research_rechecks_current_access_before_worker_runs
1 failed, 12 passed, 2 warnings in 43.90s
