
> coastmas-web@0.1.0 build
> tsc --noEmit && vite build

vite v8.3.0 building client environment for production...
transforming...
✓ 1038 modules transformed.
rendering chunks...
computing gzip size...
dist/index.html                                 0.51 kB │ gzip:   0.36 kB
dist/assets/maplibre-gl-worker-CNLXcz58.js    508.48 kB
dist/assets/index-BYO2DhKI.css                  9.48 kB │ gzip:   2.94 kB
dist/assets/style-DLioOiRN.css                 15.41 kB │ gzip:   2.56 kB
dist/assets/GeoMap-CKRTiAqP.css                82.86 kB │ gzip:  10.71 kB
dist/assets/result-data-gytPNOKJ.js             1.11 kB │ gzip:   0.51 kB
dist/assets/CoastalStatistics-DVO6bvp6.js       1.86 kB │ gzip:   0.76 kB
dist/assets/WorkflowGraph-BAhNw1cj.js           2.15 kB │ gzip:   1.09 kB
dist/assets/Dashboard-DVA2S884.js               2.40 kB │ gzip:   1.25 kB
dist/assets/useQueries-DZimKMN2.js              3.45 kB │ gzip:   1.48 kB
dist/assets/Runs-DkO1qknL.js                    3.51 kB │ gzip:   1.51 kB
dist/assets/Workflow-rCsW0B77.js                3.61 kB │ gzip:   1.78 kB
dist/assets/AssessmentResults-B2Jc8f79.js       4.08 kB │ gzip:   1.76 kB
dist/assets/GeoMap-B7RR0KcV.js                  4.10 kB │ gzip:   2.03 kB
dist/assets/ScientificFields-pau_tTZe.js        4.35 kB │ gzip:   1.89 kB
dist/assets/Catalog-DyjmVF02.js                 4.93 kB │ gzip:   2.11 kB
dist/assets/ResultComparison-g2hobc0R.js        5.12 kB │ gzip:   2.24 kB
dist/assets/KnowledgeGraph-CNOrdnXB.js          6.86 kB │ gzip:   3.09 kB
dist/assets/Entities-CBDaLCrj.js                7.01 kB │ gzip:   2.99 kB
dist/assets/Planner-DTNXcvxP.js                 8.25 kB │ gzip:   3.54 kB
dist/assets/ModelEditor-zINixYMD.js             8.79 kB │ gzip:   3.47 kB
dist/assets/jsx-runtime-Bzw2jH9X.js             9.08 kB │ gzip:   3.46 kB
dist/assets/Results-DQ6YYFfO.js                10.39 kB │ gzip:   3.86 kB
dist/assets/WorkflowEditor-CDNAZzjz.js         13.59 kB │ gzip:   5.18 kB
dist/assets/SceneWorkspace-CIxdtbtK.js         14.35 kB │ gzip:   5.29 kB
dist/assets/style-DbY8fXgH.js                 177.72 kB │ gzip:  57.31 kB
dist/assets/contracts-B9hZ3I1t.js             179.86 kB │ gzip:  47.14 kB
dist/assets/index-Ci1ixats.js                 393.56 kB │ gzip: 120.70 kB
dist/assets/Chart-mWtf9huH.js                 541.89 kB │ gzip: 184.40 kB
dist/assets/maplibre-gl-DdwH8xhJ.js         1,018.88 kB │ gzip: 274.90 kB

[plugin builtin:vite-reporter] 
(!) Some chunks are larger than 500 kB after minification. Consider:
- Using dynamic import() to code-split the application
- Use build.rolldownOptions.output.codeSplitting to improve chunking: https://rolldown.rs/reference/OutputOptions.codeSplitting
- Adjust chunk size limit for this warning via build.chunkSizeWarningLimit.
✓ built in 284ms
