
> coastmas-web@0.1.0 build
> tsc --noEmit && vite build

vite v8.3.0 building client environment for production...
transforming...
✓ 1033 modules transformed.
rendering chunks...
computing gzip size...
dist/index.html                                 0.51 kB │ gzip:   0.36 kB
dist/assets/maplibre-gl-worker-CNLXcz58.js    508.48 kB
dist/assets/index-B8V4qIhG.css                  9.32 kB │ gzip:   2.92 kB
dist/assets/style-DLioOiRN.css                 15.41 kB │ gzip:   2.56 kB
dist/assets/GeoMap-CKRTiAqP.css                82.86 kB │ gzip:  10.71 kB
dist/assets/result-data-CA2ez7N2.js             1.11 kB │ gzip:   0.51 kB
dist/assets/CoastalStatistics-DVO6bvp6.js       1.86 kB │ gzip:   0.76 kB
dist/assets/WorkflowGraph-VJrFe8nV.js           2.15 kB │ gzip:   1.09 kB
dist/assets/Dashboard-CD0gix9j.js               2.40 kB │ gzip:   1.25 kB
dist/assets/GeoMap-X7jXB96z.js                  3.34 kB │ gzip:   1.71 kB
dist/assets/Runs-quTcgFqk.js                    3.51 kB │ gzip:   1.51 kB
dist/assets/Workflow-B6rzJyko.js                3.61 kB │ gzip:   1.78 kB
dist/assets/AssessmentResults-opAl_HEA.js       4.08 kB │ gzip:   1.77 kB
dist/assets/Catalog-BvhIqCrm.js                 4.75 kB │ gzip:   2.06 kB
dist/assets/KnowledgeGraph-3VVIhVi8.js          6.85 kB │ gzip:   3.08 kB
dist/assets/Entities-CA6IJdYR.js                7.01 kB │ gzip:   2.99 kB
dist/assets/Planner-B9pe2th6.js                 8.25 kB │ gzip:   3.53 kB
dist/assets/jsx-runtime-Bzw2jH9X.js             9.08 kB │ gzip:   3.46 kB
dist/assets/Results-Bvhu_TDq.js                 9.17 kB │ gzip:   3.40 kB
dist/assets/WorkflowEditor-zpicohQf.js         16.88 kB │ gzip:   6.45 kB
dist/assets/SceneWorkspace-CuatQmQk.js         17.55 kB │ gzip:   6.29 kB
dist/assets/style-CCzksD02.js                 177.72 kB │ gzip:  57.32 kB
dist/assets/contracts-Dp1i-K7U.js             179.70 kB │ gzip:  47.07 kB
dist/assets/index-SAJCmZx7.js                 391.71 kB │ gzip: 120.13 kB
dist/assets/Chart-mWtf9huH.js                 541.89 kB │ gzip: 184.40 kB
dist/assets/maplibre-gl-DdwH8xhJ.js         1,018.88 kB │ gzip: 274.90 kB

[plugin builtin:vite-reporter] 
(!) Some chunks are larger than 500 kB after minification. Consider:
- Using dynamic import() to code-split the application
- Use build.rolldownOptions.output.codeSplitting to improve chunking: https://rolldown.rs/reference/OutputOptions.codeSplitting
- Adjust chunk size limit for this warning via build.chunkSizeWarningLimit.
✓ built in 415ms
