
> coastmas-web@0.1.0 test
> vitest run


 RUN  v5.0.1 /Users/quanyiming/Projects/CoastMAS/apps/web


 Test Files  26 passed (26)
      Tests  51 passed (51)
   Start at  15:28:07
   Duration  4.00s (environment 60%, import 16%, tests 11%, setup 7%, transform 6%)

Environment  jsdom was created 26 times · 17.54s total, 60% of tracked time
             create it once per worker with pool: 'vmThreads' (keeps per-file isolation) or isolate: false (shares it across files)
             learn more: https://vitest.dev/guide/improving-performance#test-environments


> coastmas-web@0.1.0 lint
> eslint src


> coastmas-web@0.1.0 build
> tsc --noEmit && vite build

vite v8.3.0 building client environment for production...
transforming...
✓ 1061 modules transformed.
rendering chunks...
computing gzip size...
dist/index.html                                  0.59 kB │ gzip:   0.38 kB
dist/assets/maplibre-gl-worker-CNLXcz58.js     508.48 kB
dist/assets/index-Dnavpvux.css                   9.61 kB │ gzip:   2.99 kB
dist/assets/style-DLioOiRN.css                  15.41 kB │ gzip:   2.56 kB
dist/assets/GeoMap-CKRTiAqP.css                 82.86 kB │ gzip:  10.71 kB
dist/assets/imagery-DBPWjAKq.js                  0.47 kB │ gzip:   0.33 kB
dist/assets/temporal-editor-Ct4jvUE2.js          0.53 kB │ gzip:   0.37 kB
dist/assets/scientific-labels-DqhEJHFT.js        0.77 kB │ gzip:   0.57 kB
dist/assets/result-data-BIVLBjW_.js              1.11 kB │ gzip:   0.52 kB
dist/assets/model-editor-BfO8KijL.js             1.23 kB │ gzip:   0.57 kB
dist/assets/CoastalStatistics-DVO6bvp6.js        1.86 kB │ gzip:   0.76 kB
dist/assets/WorkflowGraph-ChyMrgoW.js            2.15 kB │ gzip:   1.09 kB
dist/assets/Dashboard-1PJSVotx.js                2.40 kB │ gzip:   1.25 kB
dist/assets/DataMetadataForm-HpJqCJEA.js         2.85 kB │ gzip:   1.37 kB
dist/assets/useQueries-HTUreCoK.js               3.49 kB │ gzip:   1.51 kB
dist/assets/Runs-DnJOr3ib.js                     3.63 kB │ gzip:   1.57 kB
dist/assets/Workflow-b4MZHGSt.js                 4.03 kB │ gzip:   1.92 kB
dist/assets/AssessmentResults-D0VWlfUg.js        4.08 kB │ gzip:   1.77 kB
dist/assets/ScientificFields-BuaRt1ut.js         4.49 kB │ gzip:   1.96 kB
dist/assets/ResultComparison-DiGXQ1ME.js         5.12 kB │ gzip:   2.24 kB
dist/assets/TemporalAdaptation-N00ha90V.js       6.10 kB │ gzip:   2.67 kB
dist/assets/ModelDecomposer-CwN6mNNg.js          6.43 kB │ gzip:   2.95 kB
dist/assets/KnowledgeGraph-D8-nyrJY.js           6.85 kB │ gzip:   3.08 kB
dist/assets/Entities-Dr5DnT49.js                 7.11 kB │ gzip:   3.03 kB
dist/assets/DataSources-C1Z-Hl8R.js              7.37 kB │ gzip:   2.94 kB
dist/assets/DataWorkspace-sP-rYQo-.js            7.47 kB │ gzip:   3.09 kB
dist/assets/removable-zVvwFZIX.js                7.51 kB │ gzip:   2.95 kB
dist/assets/AssessmentRecords-BZNTVv5w.js        7.54 kB │ gzip:   2.78 kB
dist/assets/ModelEditor-DiDAi8hg.js              7.68 kB │ gzip:   3.15 kB
dist/assets/Catalog-RXigpmQ8.js                  8.07 kB │ gzip:   2.97 kB
dist/assets/GeoMap-kAutiHb3.js                   8.10 kB │ gzip:   3.60 kB
dist/assets/Planner-CDFG9j_b.js                  8.24 kB │ gzip:   3.54 kB
dist/assets/Admin-CVv8xQs_.js                    8.81 kB │ gzip:   2.78 kB
dist/assets/jsx-runtime-Bzw2jH9X.js              9.08 kB │ gzip:   3.46 kB
dist/assets/Research-Cliaiotv.js                11.76 kB │ gzip:   4.45 kB
dist/assets/Results-D_ZvFWq4.js                 13.20 kB │ gzip:   4.91 kB
dist/assets/WorkflowEditor-BgIBNipD.js          13.63 kB │ gzip:   5.20 kB
dist/assets/Collaboration-CHMzG2kn.js           14.26 kB │ gzip:   4.72 kB
dist/assets/SceneWorkspace-CB6dxj5b.js          15.01 kB │ gzip:   5.54 kB
dist/assets/SpatialOptimization-CiPcF5Ah.js     15.02 kB │ gzip:   5.18 kB
dist/assets/IndicatorFrameworks-CgoNP_-K.js     15.75 kB │ gzip:   5.19 kB
dist/assets/style-NwTYxknA.js                  177.72 kB │ gzip:  57.32 kB
dist/assets/contracts-DFZwym6C.js              216.40 kB │ gzip:  51.87 kB
dist/assets/index-9tK6owG8.js                  391.01 kB │ gzip: 119.76 kB
dist/assets/Chart-mWtf9huH.js                  541.89 kB │ gzip: 184.40 kB
dist/assets/maplibre-gl-DdwH8xhJ.js          1,018.88 kB │ gzip: 274.90 kB

[plugin builtin:vite-reporter] 
(!) Some chunks are larger than 500 kB after minification. Consider:
- Using dynamic import() to code-split the application
- Use build.rolldownOptions.output.codeSplitting to improve chunking: https://rolldown.rs/reference/OutputOptions.codeSplitting
- Adjust chunk size limit for this warning via build.chunkSizeWarningLimit.
✓ built in 388ms
