F                                                                        [100%]
=================================== FAILURES ===================================
______ test_data_download_cannot_use_forged_catalog_to_read_other_project ______
tests/integration/test_data_api.py:112: in test_data_download_cannot_use_forged_catalog_to_read_other_project
    assert response.status_code == 403, response.text
E   AssertionError: height
E     42
E     
E   assert 200 == 403
E    +  where 200 = <Response [200 OK]>.status_code
=============================== warnings summary ===============================
.venv/lib/python3.12/site-packages/fastapi/testclient.py:1
  /Users/quanyiming/Projects/CoastMAS/.venv/lib/python3.12/site-packages/fastapi/testclient.py:1: StarletteDeprecationWarning: Using `httpx` with `starlette.testclient` is deprecated; install `httpx2` instead.
    from starlette.testclient import TestClient as TestClient  # noqa

.venv/lib/python3.12/site-packages/starlette/testclient.py:53
  /Users/quanyiming/Projects/CoastMAS/.venv/lib/python3.12/site-packages/starlette/testclient.py:53: DeprecationWarning: The anyio.abc.BlockingPortal alias is deprecated, use anyio.from_thread.BlockingPortal instead.
    _PortalFactoryType = Callable[[], AbstractContextManager[anyio.abc.BlockingPortal]]

-- Docs: https://docs.pytest.org/en/stable/how-to/capture-warnings.html
=========================== short test summary info ============================
FAILED tests/integration/test_data_api.py::test_data_download_cannot_use_forged_catalog_to_read_other_project
1 failed, 4 deselected, 2 warnings in 4.36s
