F                                                                        [100%]
=================================== FAILURES ===================================
________ test_project_archive_hides_ui_records_without_deleting_history ________
tests/integration/test_project_archive.py:24: in test_project_archive_hides_ui_records_without_deleting_history
    assert client.post(url, headers=headers, json={"archived": True}).status_code == 403
E   AssertionError: assert 404 == 403
E    +  where 404 = <Response [404 Not Found]>.status_code
E    +    where <Response [404 Not Found]> = post('/api/v1/projects/1070555c-d1c1-4ccb-ab41-e4d0bc2436f4/archive', headers={'X-CSRF-Token': '-RzLFflastaSAvqYe8WZg4sQwVJONG5XqhiYJ7fJjKs'}, json={'archived': True})
E    +      where post = <starlette.testclient.TestClient object at 0x11cefa4e0>.post
=============================== warnings summary ===============================
.venv/lib/python3.12/site-packages/fastapi/testclient.py:1
  /Users/quanyiming/Projects/CoastMAS/.venv/lib/python3.12/site-packages/fastapi/testclient.py:1: StarletteDeprecationWarning: Using `httpx` with `starlette.testclient` is deprecated; install `httpx2` instead.
    from starlette.testclient import TestClient as TestClient  # noqa

.venv/lib/python3.12/site-packages/starlette/testclient.py:53
  /Users/quanyiming/Projects/CoastMAS/.venv/lib/python3.12/site-packages/starlette/testclient.py:53: DeprecationWarning: The anyio.abc.BlockingPortal alias is deprecated, use anyio.from_thread.BlockingPortal instead.
    _PortalFactoryType = Callable[[], AbstractContextManager[anyio.abc.BlockingPortal]]

-- Docs: https://docs.pytest.org/en/stable/how-to/capture-warnings.html
=========================== short test summary info ============================
FAILED tests/integration/test_project_archive.py::test_project_archive_hides_ui_records_without_deleting_history
1 failed, 2 warnings in 2.66s
