All checks passed!
Success: no issues found in 74 source files
..........                                                               [100%]
=============================== warnings summary ===============================
.venv/lib/python3.12/site-packages/fastapi/testclient.py:1
  /Users/quanyiming/Projects/CoastMAS/.venv/lib/python3.12/site-packages/fastapi/testclient.py:1: StarletteDeprecationWarning: Using `httpx` with `starlette.testclient` is deprecated; install `httpx2` instead.
    from starlette.testclient import TestClient as TestClient  # noqa

.venv/lib/python3.12/site-packages/starlette/testclient.py:53
  /Users/quanyiming/Projects/CoastMAS/.venv/lib/python3.12/site-packages/starlette/testclient.py:53: DeprecationWarning: The anyio.abc.BlockingPortal alias is deprecated, use anyio.from_thread.BlockingPortal instead.
    _PortalFactoryType = Callable[[], AbstractContextManager[anyio.abc.BlockingPortal]]

-- Docs: https://docs.pytest.org/en/stable/how-to/capture-warnings.html
10 passed, 2 warnings in 16.48s

> coastmas-web@0.1.0 typecheck
> tsc --noEmit


> coastmas-web@0.1.0 lint
> eslint src


> coastmas-web@0.1.0 test
> vitest run


 RUN  v5.0.1 /Users/quanyiming/Projects/CoastMAS/apps/web


 Test Files  18 passed (18)
      Tests  38 passed (38)
   Start at  09:22:49
   Duration  4.12s (environment 59%, import 13%, tests 12%, transform 9%, setup 7%)

Environment  jsdom was created 18 times · 18.60s total, 59% of tracked time
             create it once per worker with pool: 'vmThreads' (keeps per-file isolation) or isolate: false (shares it across files)
             learn more: https://vitest.dev/guide/improving-performance#test-environments


> coastmas-web@0.1.0 build
> tsc --noEmit && vite build

vite v8.3.0 building client environment for production...
transforming...
✓ 1042 modules transformed.
rendering chunks...
computing gzip size...
dist/index.html                                 0.51 kB │ gzip:   0.36 kB
dist/assets/maplibre-gl-worker-CNLXcz58.js    508.48 kB
dist/assets/index-BYO2DhKI.css                  9.48 kB │ gzip:   2.94 kB
dist/assets/style-DLioOiRN.css                 15.41 kB │ gzip:   2.56 kB
dist/assets/GeoMap-CKRTiAqP.css                82.86 kB │ gzip:  10.71 kB
dist/assets/result-data-CpztnrJQ.js             1.11 kB │ gzip:   0.51 kB
dist/assets/model-editor-DtPPfhT2.js            1.23 kB │ gzip:   0.57 kB
dist/assets/CoastalStatistics-DVO6bvp6.js       1.86 kB │ gzip:   0.76 kB
dist/assets/WorkflowGraph-R2WbKE74.js           2.15 kB │ gzip:   1.09 kB
dist/assets/Dashboard-OYqxwR0o.js               2.40 kB │ gzip:   1.25 kB
dist/assets/useQueries-B4RbDKzk.js              3.45 kB │ gzip:   1.49 kB
dist/assets/Runs-LFQ8m6Pp.js                    3.51 kB │ gzip:   1.51 kB
dist/assets/Workflow-vWGrM9na.js                3.61 kB │ gzip:   1.78 kB
dist/assets/AssessmentResults-Dc8G3zIG.js       4.08 kB │ gzip:   1.77 kB
dist/assets/GeoMap-Dyo3mtwB.js                  4.10 kB │ gzip:   2.03 kB
dist/assets/ScientificFields-BuaRt1ut.js        4.49 kB │ gzip:   1.96 kB
dist/assets/ResultComparison-eg7MrO-r.js        5.12 kB │ gzip:   2.24 kB
dist/assets/ModelDecomposer-DWMFV0Td.js         6.43 kB │ gzip:   2.95 kB
dist/assets/KnowledgeGraph-DybWhZL9.js          6.86 kB │ gzip:   3.08 kB
dist/assets/Entities-Bx2GqKzS.js                7.01 kB │ gzip:   2.99 kB
dist/assets/ModelEditor-CL3krlAY.js             7.64 kB │ gzip:   3.13 kB
dist/assets/Catalog-DyMGwvtf.js                 7.91 kB │ gzip:   2.90 kB
dist/assets/DataWorkspace-1p519cy4.js           8.12 kB │ gzip:   3.56 kB
dist/assets/Planner-DPW1P9-v.js                 8.25 kB │ gzip:   3.54 kB
dist/assets/jsx-runtime-Bzw2jH9X.js             9.08 kB │ gzip:   3.46 kB
dist/assets/Results-DjfOqwrn.js                10.39 kB │ gzip:   3.86 kB
dist/assets/WorkflowEditor-lYR0ZcZJ.js         13.59 kB │ gzip:   5.18 kB
dist/assets/SceneWorkspace-D-Jn3RiQ.js         14.35 kB │ gzip:   5.29 kB
dist/assets/style-D7F4gdNT.js                 177.72 kB │ gzip:  57.32 kB
dist/assets/contracts-f9dU6o4r.js             182.96 kB │ gzip:  47.62 kB
dist/assets/index-D2RnSuvf.js                 393.68 kB │ gzip: 120.76 kB
dist/assets/Chart-mWtf9huH.js                 541.89 kB │ gzip: 184.40 kB
dist/assets/maplibre-gl-DdwH8xhJ.js         1,018.88 kB │ gzip: 274.90 kB

[plugin builtin:vite-reporter] 
(!) Some chunks are larger than 500 kB after minification. Consider:
- Using dynamic import() to code-split the application
- Use build.rolldownOptions.output.codeSplitting to improve chunking: https://rolldown.rs/reference/OutputOptions.codeSplitting
- Adjust chunk size limit for this warning via build.chunkSizeWarningLimit.
✓ built in 339ms
