
> coastmas-web@0.1.0 test
> vitest run src/workflow-graph.test.ts


 RUN  v5.0.1 /Users/quanyiming/Projects/CoastMAS/apps/web

 ❯ src/workflow-graph.test.ts (0 test)

⎯⎯⎯⎯⎯⎯ Failed Suites 1 ⎯⎯⎯⎯⎯⎯⎯

 FAIL  src/workflow-graph.test.ts [ src/workflow-graph.test.ts ]
Error: Failed to resolve import "./workflow-graph" from "src/workflow-graph.test.ts". Does the file exist?
  Plugin: vite:import-analysis
  File: /Users/quanyiming/Projects/CoastMAS/apps/web/src/workflow-graph.test.ts:2:33
  1  |  import { expect, it } from "vitest";
  2  |  import { graphForWorkflow } from "./workflow-graph";
     |                                    ^
  3  |  import { workflowContract } from "./contracts";
  4  |  const workflow = workflowContract.parse({
 ❯ TransformPluginContext._formatLog node_modules/vite/dist/node/chunks/node.js:8393:39
 ❯ TransformPluginContext.error node_modules/vite/dist/node/chunks/node.js:8390:14
 ❯ normalizeUrl node_modules/vite/dist/node/chunks/node.js:26058:18
 ❯ node_modules/vite/dist/node/chunks/node.js:26128:30
 ❯ TransformPluginContext.transform node_modules/vite/dist/node/chunks/node.js:26094:4
 ❯ EnvironmentPluginContainer.transform node_modules/vite/dist/node/chunks/node.js:8172:14
 ❯ loadAndTransform node_modules/vite/dist/node/chunks/node.js:19634:26

⎯⎯⎯⎯⎯⎯⎯⎯⎯⎯⎯⎯⎯⎯⎯⎯⎯⎯⎯⎯⎯⎯⎯⎯[1/1]⎯


 Test Files  1 failed (1)
      Tests  no tests
   Start at  20:00:02
   Duration  585ms (environment 82%, setup 15%, transform 2%, worker 1%)

