
> coastmas-web@0.1.0 test
> vitest run --run src/scene-editor.test.ts


 RUN  v5.0.1 /Users/quanyiming/Projects/CoastMAS/apps/web

 ❯ src/scene-editor.test.ts (0 test)

⎯⎯⎯⎯⎯⎯ Failed Suites 1 ⎯⎯⎯⎯⎯⎯⎯

 FAIL  src/scene-editor.test.ts [ src/scene-editor.test.ts ]
Error: Failed to resolve import "./scene-editor" from "src/scene-editor.test.ts". Does the file exist?
  Plugin: vite:import-analysis
  File: /Users/quanyiming/Projects/CoastMAS/apps/web/src/scene-editor.test.ts:2:61
  1  |  import { expect, it } from "vitest";
  2  |  import { aoiFromUpload, closeDrawing, toggleReference } from "./scene-editor";
     |                                                                ^
  3  |  it("accepts a single declared geographic polygon and rejects collections or non-area geometry", () => {
  4  |  	const geometry = {
 ❯ TransformPluginContext._formatLog node_modules/vite/dist/node/chunks/node.js:8393:39
 ❯ TransformPluginContext.error node_modules/vite/dist/node/chunks/node.js:8390:14
 ❯ normalizeUrl node_modules/vite/dist/node/chunks/node.js:26058:18
 ❯ node_modules/vite/dist/node/chunks/node.js:26128:30
 ❯ TransformPluginContext.transform node_modules/vite/dist/node/chunks/node.js:26094:4
 ❯ EnvironmentPluginContainer.transform node_modules/vite/dist/node/chunks/node.js:8172:14
 ❯ loadAndTransform node_modules/vite/dist/node/chunks/node.js:19634:26

⎯⎯⎯⎯⎯⎯⎯⎯⎯⎯⎯⎯⎯⎯⎯⎯⎯⎯⎯⎯⎯⎯⎯⎯[1/1]⎯


 Test Files  1 failed (1)
      Tests  no tests
   Start at  22:50:49
   Duration  525ms (environment 87%, setup 11%, transform 2%)

