..                                                                       [100%]
=============================== warnings summary ===============================
.venv/lib/python3.12/site-packages/fastapi/testclient.py:1
  /Users/quanyiming/Projects/CoastMAS/.venv/lib/python3.12/site-packages/fastapi/testclient.py:1: StarletteDeprecationWarning: Using `httpx` with `starlette.testclient` is deprecated; install `httpx2` instead.
    from starlette.testclient import TestClient as TestClient  # noqa

.venv/lib/python3.12/site-packages/starlette/testclient.py:53
  /Users/quanyiming/Projects/CoastMAS/.venv/lib/python3.12/site-packages/starlette/testclient.py:53: DeprecationWarning: The anyio.abc.BlockingPortal alias is deprecated, use anyio.from_thread.BlockingPortal instead.
    _PortalFactoryType = Callable[[], AbstractContextManager[anyio.abc.BlockingPortal]]

-- Docs: https://docs.pytest.org/en/stable/how-to/capture-warnings.html
2 passed, 2 warnings in 3.16s

> coastmas-web@0.1.0 typecheck
> tsc --noEmit


> coastmas-web@0.1.0 lint
> eslint src


> coastmas-web@0.1.0 test
> vitest run


 RUN  v5.0.1 /Users/quanyiming/Projects/CoastMAS/apps/web


 Test Files  14 passed (14)
      Tests  28 passed (28)
   Start at  00:17:02
   Duration  2.30s (environment 66%, tests 10%, import 9%, setup 7%, transform 7%)

Environment  jsdom was created 14 times · 10.99s total, 66% of tracked time
             create it once per worker with pool: 'vmThreads' (keeps per-file isolation) or isolate: false (shares it across files)
             learn more: https://vitest.dev/guide/improving-performance#test-environments


> coastmas-web@0.1.0 build
> tsc --noEmit && vite build

vite v8.3.0 building client environment for production...
transforming...
✓ 1036 modules transformed.
rendering chunks...
computing gzip size...
dist/index.html                                 0.51 kB │ gzip:   0.36 kB
dist/assets/maplibre-gl-worker-CNLXcz58.js    508.48 kB
dist/assets/index-BYO2DhKI.css                  9.48 kB │ gzip:   2.94 kB
dist/assets/style-DLioOiRN.css                 15.41 kB │ gzip:   2.56 kB
dist/assets/GeoMap-CKRTiAqP.css                82.86 kB │ gzip:  10.71 kB
dist/assets/result-data-OaGnp4fG.js             1.11 kB │ gzip:   0.51 kB
dist/assets/CoastalStatistics-DVO6bvp6.js       1.86 kB │ gzip:   0.76 kB
dist/assets/WorkflowGraph-DyGiIXT6.js           2.15 kB │ gzip:   1.09 kB
dist/assets/Dashboard-C-QGv46y.js               2.40 kB │ gzip:   1.25 kB
dist/assets/useQueries-BaWO4fTk.js              3.45 kB │ gzip:   1.49 kB
dist/assets/Runs-BhCDPN6X.js                    3.51 kB │ gzip:   1.51 kB
dist/assets/Workflow-B9Gmvwqe.js                3.62 kB │ gzip:   1.79 kB
dist/assets/AssessmentResults-CrbdC-3e.js       4.08 kB │ gzip:   1.77 kB
dist/assets/GeoMap-ChfxYsg0.js                  4.10 kB │ gzip:   2.03 kB
dist/assets/Catalog-Dw_mBcoK.js                 4.75 kB │ gzip:   2.06 kB
dist/assets/ResultComparison-DOpCJZCE.js        5.12 kB │ gzip:   2.24 kB
dist/assets/KnowledgeGraph-CKDVAP6Z.js          6.85 kB │ gzip:   3.08 kB
dist/assets/Entities-DO1XMAyn.js                7.01 kB │ gzip:   2.99 kB
dist/assets/Planner-Ckr5giaB.js                 8.24 kB │ gzip:   3.53 kB
dist/assets/jsx-runtime-Bzw2jH9X.js             9.08 kB │ gzip:   3.46 kB
dist/assets/Results-CZ_Er19f.js                10.39 kB │ gzip:   3.86 kB
dist/assets/WorkflowEditor-B0LzlRLY.js         13.60 kB │ gzip:   5.18 kB
dist/assets/SceneWorkspace-BroY9vI7.js         17.56 kB │ gzip:   6.29 kB
dist/assets/style-xwgBo-aK.js                 177.72 kB │ gzip:  57.32 kB
dist/assets/contracts-C-5ZdiBg.js             179.70 kB │ gzip:  47.07 kB
dist/assets/index-DQdWpyQ1.js                 392.83 kB │ gzip: 120.53 kB
dist/assets/Chart-mWtf9huH.js                 541.89 kB │ gzip: 184.40 kB
dist/assets/maplibre-gl-DdwH8xhJ.js         1,018.88 kB │ gzip: 274.90 kB

[plugin builtin:vite-reporter] 
(!) Some chunks are larger than 500 kB after minification. Consider:
- Using dynamic import() to code-split the application
- Use build.rolldownOptions.output.codeSplitting to improve chunking: https://rolldown.rs/reference/OutputOptions.codeSplitting
- Adjust chunk size limit for this warning via build.chunkSizeWarningLimit.
✓ built in 289ms
