
> coastmas-web@0.1.0 test
> vitest run src/ManagementResults.test.tsx


 RUN  v5.0.1 /Users/quanyiming/Projects/CoastMAS/apps/web

 ❯ src/ManagementResults.test.tsx (0 test)

⎯⎯⎯⎯⎯⎯ Failed Suites 1 ⎯⎯⎯⎯⎯⎯⎯

 FAIL  src/ManagementResults.test.tsx [ src/ManagementResults.test.tsx ]
Error: Failed to resolve import "./ManagementResults" from "src/ManagementResults.test.tsx". Does the file exist?
  Plugin: vite:import-analysis
  File: /Users/quanyiming/Projects/CoastMAS/apps/web/src/ManagementResults.test.tsx:3:30
  1  |  import { render, screen, within } from "@testing-library/react";
  2  |  import { expect, it } from "vitest";
  3  |  import ManagementResults from "./ManagementResults";
     |                                 ^
  4  |  var _jsxFileName = "/Users/quanyiming/Projects/CoastMAS/apps/web/src/ManagementResults.test.tsx";
  5  |  import { jsxDEV as _jsxDEV } from "react/jsx-dev-runtime";
 ❯ TransformPluginContext._formatLog node_modules/vite/dist/node/chunks/node.js:8393:39
 ❯ TransformPluginContext.error node_modules/vite/dist/node/chunks/node.js:8390:14
 ❯ normalizeUrl node_modules/vite/dist/node/chunks/node.js:26058:18
 ❯ node_modules/vite/dist/node/chunks/node.js:26128:30
 ❯ TransformPluginContext.transform node_modules/vite/dist/node/chunks/node.js:26094:4
 ❯ EnvironmentPluginContainer.transform node_modules/vite/dist/node/chunks/node.js:8172:14
 ❯ loadAndTransform node_modules/vite/dist/node/chunks/node.js:19634:26

⎯⎯⎯⎯⎯⎯⎯⎯⎯⎯⎯⎯⎯⎯⎯⎯⎯⎯⎯⎯⎯⎯⎯⎯[1/1]⎯


 Test Files  1 failed (1)
      Tests  no tests
   Start at  23:34:11
   Duration  517ms (environment 84%, setup 13%, transform 3%, worker 1%)

