All checks passed!
.........................                                                [100%]
25 passed in 0.32s

> coastmas-web@0.1.0 test
> vitest run


 RUN  v5.0.1 /Users/quanyiming/Projects/CoastMAS/apps/web


 Test Files  26 passed (26)
      Tests  51 passed (51)
   Start at  15:41:17
   Duration  3.08s (environment 57%, import 18%, tests 12%, setup 6%, transform 6%, worker 1%)

Environment  jsdom was created 26 times · 12.98s total, 57% of tracked time
             create it once per worker with pool: 'vmThreads' (keeps per-file isolation) or isolate: false (shares it across files)
             learn more: https://vitest.dev/guide/improving-performance#test-environments


> coastmas-web@0.1.0 lint
> eslint src


> coastmas-web@0.1.0 build
> tsc --noEmit && vite build

vite v8.3.0 building client environment for production...
transforming...
✓ 1061 modules transformed.
rendering chunks...
computing gzip size...
dist/index.html                                  0.59 kB │ gzip:   0.38 kB
dist/assets/maplibre-gl-worker-CNLXcz58.js     508.48 kB
dist/assets/index-Dnavpvux.css                   9.61 kB │ gzip:   2.99 kB
dist/assets/style-DLioOiRN.css                  15.41 kB │ gzip:   2.56 kB
dist/assets/GeoMap-CKRTiAqP.css                 82.86 kB │ gzip:  10.71 kB
dist/assets/imagery-W8JVE6fB.js                  0.47 kB │ gzip:   0.33 kB
dist/assets/temporal-editor-Ct4jvUE2.js          0.53 kB │ gzip:   0.37 kB
dist/assets/scientific-labels-DFkRsqrz.js        0.80 kB │ gzip:   0.59 kB
dist/assets/result-data-kJGGaUfa.js              1.11 kB │ gzip:   0.51 kB
dist/assets/model-editor-DSf8SOOO.js             1.23 kB │ gzip:   0.57 kB
dist/assets/CoastalStatistics-DVO6bvp6.js        1.86 kB │ gzip:   0.76 kB
dist/assets/WorkflowGraph-Cu7wk57N.js            2.15 kB │ gzip:   1.09 kB
dist/assets/Dashboard-DbpNjB9A.js                2.40 kB │ gzip:   1.25 kB
dist/assets/DataMetadataForm-DztGOnfa.js         2.85 kB │ gzip:   1.37 kB
dist/assets/useQueries-CjDxUmgi.js               3.49 kB │ gzip:   1.51 kB
dist/assets/Runs-BvJzwqCT.js                     3.63 kB │ gzip:   1.57 kB
dist/assets/Workflow-CACuZMTC.js                 4.03 kB │ gzip:   1.92 kB
dist/assets/AssessmentResults-BQ1_hIb2.js        4.08 kB │ gzip:   1.77 kB
dist/assets/ScientificFields-BuaRt1ut.js         4.49 kB │ gzip:   1.96 kB
dist/assets/ResultComparison-DrdE5Jl_.js         5.12 kB │ gzip:   2.24 kB
dist/assets/TemporalAdaptation-D4q1vcOX.js       6.10 kB │ gzip:   2.67 kB
dist/assets/ModelDecomposer-DXJdLkq4.js          6.43 kB │ gzip:   2.95 kB
dist/assets/KnowledgeGraph-vv_Btgd3.js           6.85 kB │ gzip:   3.08 kB
dist/assets/Entities-G_I-7aN3.js                 7.11 kB │ gzip:   3.03 kB
dist/assets/DataSources-I88bQz4G.js              7.37 kB │ gzip:   2.94 kB
dist/assets/DataWorkspace-BZwJ05hF.js            7.47 kB │ gzip:   3.08 kB
dist/assets/removable-zVvwFZIX.js                7.51 kB │ gzip:   2.95 kB
dist/assets/AssessmentRecords-CDtXrjlP.js        7.54 kB │ gzip:   2.78 kB
dist/assets/ModelEditor-bKGdihQ7.js              7.68 kB │ gzip:   3.15 kB
dist/assets/Catalog-AUcMKWbM.js                  8.07 kB │ gzip:   2.97 kB
dist/assets/GeoMap-BnV0tQqa.js                   8.10 kB │ gzip:   3.60 kB
dist/assets/Planner-_uOw8bbr.js                  8.24 kB │ gzip:   3.54 kB
dist/assets/Admin-C2EV8aJw.js                    8.81 kB │ gzip:   2.78 kB
dist/assets/jsx-runtime-Bzw2jH9X.js              9.08 kB │ gzip:   3.46 kB
dist/assets/Research-CrWp5G5e.js                11.76 kB │ gzip:   4.45 kB
dist/assets/Results-D9c5Hnqo.js                 13.20 kB │ gzip:   4.90 kB
dist/assets/WorkflowEditor-zlCBkGsD.js          13.63 kB │ gzip:   5.20 kB
dist/assets/Collaboration-D66ik0Ny.js           14.26 kB │ gzip:   4.72 kB
dist/assets/SceneWorkspace-YUgdhLDT.js          15.01 kB │ gzip:   5.54 kB
dist/assets/SpatialOptimization-BE24H6yD.js     15.02 kB │ gzip:   5.18 kB
dist/assets/IndicatorFrameworks-Bdevt-iD.js     15.75 kB │ gzip:   5.19 kB
dist/assets/style-Bn8zXLia.js                  177.72 kB │ gzip:  57.32 kB
dist/assets/contracts-Dad2dCtL.js              216.40 kB │ gzip:  51.86 kB
dist/assets/index-k59G8ynt.js                  391.01 kB │ gzip: 119.76 kB
dist/assets/Chart-mWtf9huH.js                  541.89 kB │ gzip: 184.40 kB
dist/assets/maplibre-gl-DdwH8xhJ.js          1,018.88 kB │ gzip: 274.90 kB

[plugin builtin:vite-reporter] 
(!) Some chunks are larger than 500 kB after minification. Consider:
- Using dynamic import() to code-split the application
- Use build.rolldownOptions.output.codeSplitting to improve chunking: https://rolldown.rs/reference/OutputOptions.codeSplitting
- Adjust chunk size limit for this warning via build.chunkSizeWarningLimit.
✓ built in 267ms
Isolated browser environment ready: coastmas_e2e_f155196107554d0987adeb3703674ad3

> coastmas-web@0.1.0 e2e
> playwright test --output /Users/quanyiming/Projects/CoastMAS/artifacts/runtime/coastmas_e2e_f155196107554d0987adeb3703674ad3/playwright temporal.spec.ts


Running 1 test using 1 worker

(node:44740) Warning: The 'NO_COLOR' env is ignored due to the 'FORCE_COLOR' env being set.
(Use `node --trace-warnings ...` to show where the warning was created)


[1/1] e2e/temporal.spec.ts:4:1 › temporal form freezes observed support and real worker publishes weighted result
  1 passed (6.9s)
Isolated resources removed; private logs retained: artifacts/runtime/coastmas_e2e_f155196107554d0987adeb3703674ad3
