
> coastmas-web@0.1.0 typecheck
> tsc --noEmit


> coastmas-web@0.1.0 lint
> eslint src


> coastmas-web@0.1.0 test
> vitest run


 RUN  v5.0.1 /Users/quanyiming/Projects/CoastMAS/apps/web


 Test Files  21 passed (21)
      Tests  44 passed (44)
   Start at  12:48:53
   Duration  3.20s (environment 59%, import 16%, tests 12%, setup 6%, transform 6%)

Environment  jsdom was created 21 times · 13.73s total, 59% of tracked time
             create it once per worker with pool: 'vmThreads' (keeps per-file isolation) or isolate: false (shares it across files)
             learn more: https://vitest.dev/guide/improving-performance#test-environments


> coastmas-web@0.1.0 build
> tsc --noEmit && vite build

vite v8.3.0 building client environment for production...
transforming...
✓ 1052 modules transformed.
rendering chunks...
computing gzip size...
dist/index.html                                  0.51 kB │ gzip:   0.36 kB
dist/assets/maplibre-gl-worker-CNLXcz58.js     508.48 kB
dist/assets/index-Dnavpvux.css                   9.61 kB │ gzip:   2.99 kB
dist/assets/style-DLioOiRN.css                  15.41 kB │ gzip:   2.56 kB
dist/assets/GeoMap-CKRTiAqP.css                 82.86 kB │ gzip:  10.71 kB
dist/assets/result-data-XHH-P5cr.js              1.11 kB │ gzip:   0.51 kB
dist/assets/model-editor-h6EIR6ot.js             1.23 kB │ gzip:   0.57 kB
dist/assets/CoastalStatistics-DVO6bvp6.js        1.86 kB │ gzip:   0.76 kB
dist/assets/WorkflowGraph-ChqqPFO5.js            2.15 kB │ gzip:   1.09 kB
dist/assets/Dashboard-DxGAjEB3.js                2.40 kB │ gzip:   1.25 kB
dist/assets/DataMetadataForm-CoOcZ-cV.js         2.85 kB │ gzip:   1.37 kB
dist/assets/useQueries-DjTjZKtf.js               3.45 kB │ gzip:   1.49 kB
dist/assets/Runs-CmfodyWW.js                     3.51 kB │ gzip:   1.51 kB
dist/assets/Workflow-CvoRCW6v.js                 3.97 kB │ gzip:   1.88 kB
dist/assets/AssessmentResults-BWdbhByn.js        4.07 kB │ gzip:   1.77 kB
dist/assets/ScientificFields-BuaRt1ut.js         4.49 kB │ gzip:   1.96 kB
dist/assets/ResultComparison-CWEu3TgB.js         5.12 kB │ gzip:   2.24 kB
dist/assets/ModelDecomposer-DAXpnwg8.js          6.43 kB │ gzip:   2.95 kB
dist/assets/GeoMap-BeR4AFk-.js                   6.49 kB │ gzip:   3.12 kB
dist/assets/KnowledgeGraph-C-0hDN25.js           6.86 kB │ gzip:   3.08 kB
dist/assets/Entities-CJI9NzDl.js                 7.01 kB │ gzip:   2.99 kB
dist/assets/DataSources-DPwkewex.js              7.33 kB │ gzip:   2.92 kB
dist/assets/DataWorkspace-CQTL3A0d.js            7.42 kB │ gzip:   3.06 kB
dist/assets/AssessmentRecords-BPrk-pCT.js        7.50 kB │ gzip:   2.76 kB
dist/assets/ModelEditor-p9rgM7t8.js              7.64 kB │ gzip:   3.13 kB
dist/assets/Catalog-C1gRRyVq.js                  8.00 kB │ gzip:   2.92 kB
dist/assets/Planner-DCxLogN_.js                  8.25 kB │ gzip:   3.54 kB
dist/assets/jsx-runtime-Bzw2jH9X.js              9.08 kB │ gzip:   3.46 kB
dist/assets/Results-OEoH246N.js                 10.39 kB │ gzip:   3.86 kB
dist/assets/WorkflowEditor-9mWbtNo4.js          13.60 kB │ gzip:   5.18 kB
dist/assets/Collaboration-C1Y1pPzh.js           14.22 kB │ gzip:   4.70 kB
dist/assets/SceneWorkspace-BK8TDGdY.js          14.35 kB │ gzip:   5.29 kB
dist/assets/SpatialOptimization-BZJsvjmH.js     15.01 kB │ gzip:   5.17 kB
dist/assets/IndicatorFrameworks-Cwd-LEs2.js     15.71 kB │ gzip:   5.16 kB
dist/assets/style-CXGBQPnc.js                  177.72 kB │ gzip:  57.32 kB
dist/assets/contracts-DCCohebT.js              204.13 kB │ gzip:  50.18 kB
dist/assets/index-C2x1O2ar.js                  396.92 kB │ gzip: 121.50 kB
dist/assets/Chart-mWtf9huH.js                  541.89 kB │ gzip: 184.40 kB
dist/assets/maplibre-gl-DdwH8xhJ.js          1,018.88 kB │ gzip: 274.90 kB

[plugin builtin:vite-reporter] 
(!) Some chunks are larger than 500 kB after minification. Consider:
- Using dynamic import() to code-split the application
- Use build.rolldownOptions.output.codeSplitting to improve chunking: https://rolldown.rs/reference/OutputOptions.codeSplitting
- Adjust chunk size limit for this warning via build.chunkSizeWarningLimit.
✓ built in 301ms
