
> coastmas-web@0.1.0 test
> vitest run src/Admin.test.tsx


 RUN  v5.0.1 /Users/quanyiming/Projects/CoastMAS/apps/web

 ❯ src/Admin.test.tsx (0 test)

⎯⎯⎯⎯⎯⎯ Failed Suites 1 ⎯⎯⎯⎯⎯⎯⎯

 FAIL  src/Admin.test.tsx [ src/Admin.test.tsx ]
Error: Failed to resolve import "./Admin" from "src/Admin.test.tsx". Does the file exist?
  Plugin: vite:import-analysis
  File: /Users/quanyiming/Projects/CoastMAS/apps/web/src/Admin.test.tsx:4:18
  2  |  import { cleanup, fireEvent, render, screen, waitFor } from "@testing-library/react";
  3  |  import { QueryClient, QueryClientProvider } from "@tanstack/react-query";
  4  |  import Admin from "./Admin";
     |                     ^
  5  |  var _jsxFileName = "/Users/quanyiming/Projects/CoastMAS/apps/web/src/Admin.test.tsx";
  6  |  import { jsxDEV as _jsxDEV } from "react/jsx-dev-runtime";
 ❯ TransformPluginContext._formatLog node_modules/vite/dist/node/chunks/node.js:8393:39
 ❯ TransformPluginContext.error node_modules/vite/dist/node/chunks/node.js:8390:14
 ❯ normalizeUrl node_modules/vite/dist/node/chunks/node.js:26058:18
 ❯ node_modules/vite/dist/node/chunks/node.js:26128:30
 ❯ TransformPluginContext.transform node_modules/vite/dist/node/chunks/node.js:26094:4
 ❯ EnvironmentPluginContainer.transform node_modules/vite/dist/node/chunks/node.js:8172:14
 ❯ loadAndTransform node_modules/vite/dist/node/chunks/node.js:19634:26

⎯⎯⎯⎯⎯⎯⎯⎯⎯⎯⎯⎯⎯⎯⎯⎯⎯⎯⎯⎯⎯⎯⎯⎯[1/1]⎯


 Test Files  1 failed (1)
      Tests  no tests
   Start at  13:49:49
   Duration  578ms (environment 86%, setup 11%, transform 2%, worker 1%)

