Isolated browser environment ready: coastmas_e2e_54e63b4e86f7486e8d9858182963b8d2

> coastmas-web@0.1.0 e2e
> playwright test --output /Users/quanyiming/Projects/CoastMAS/artifacts/runtime/coastmas_e2e_54e63b4e86f7486e8d9858182963b8d2/playwright


Running 20 tests using 1 worker

(node:43825) Warning: The 'NO_COLOR' env is ignored due to the 'FORCE_COLOR' env being set.
(Use `node --trace-warnings ...` to show where the warning was created)


[1/20] e2e/collaboration.spec.ts:5:1 › stakeholder proposal preserves versions, opinions and hard conflicts
[2/20] e2e/data-sources.spec.ts:4:1 › registered HTTP source imports real immutable bytes with historical lineage
[3/20] e2e/data-workspace.spec.ts:4:1 › upload real data, preview zero, revise, revalidate and download immutable history
[4/20] e2e/entities.spec.ts:5:1 › geographic entities persist revisions and render actual geometry
[5/20] e2e/execution.spec.ts:5:1 › browser preflight -> Redis worker -> immutable coastal result
[6/20] e2e/indicator-framework.spec.ts:4:1 › indicator framework versions prepare real data and produce a temporal evaluation workflow
[7/20] e2e/knowledge-graph.spec.ts:5:1 › knowledge graph explores real model data and candidate downstream evidence
[8/20] e2e/model-decomposer.spec.ts:5:1 › static model decomposition preserves code, explicit dependencies and atomic black boxes
[9/20] e2e/model-editor.spec.ts:5:1 › register, revise, export history, copy, enable and import models without self-approving execution
[10/20] e2e/planner.spec.ts:4:1 › deterministic planning resolves explicit data ambiguity without external calls
[11/20] e2e/research.spec.ts:5:1 › research UI freezes inputs and real worker publishes honest A/B/C partial report
[12/20] e2e/scene-workspace.spec.ts:20:1 › map drawing, AOI upload, pinned entities/data, coverage and immutable scene revisions
[13/20] e2e/scene-workspace.spec.ts:160:1 › saved scene copy preflights and executes the actual pinned coastal workflow
[14/20] e2e/scene-workspace.spec.ts:340:1 › actual temporal assessment exposes aligned period selection and numeric time series
[15/20] e2e/scene-workspace.spec.ts:412:1 › compares real baseline and raised sea-level results without overwriting either
[16/20] e2e/spatial-optimization.spec.ts:5:1 › spatial optimization executes actual feasible and infeasible cases with pinned geometry
[17/20] e2e/temporal.spec.ts:4:1 › temporal form freezes observed support and real worker publishes weighted result
[18/20] e2e/workflow-editor.spec.ts:20:1 › create a real draft with model drag, ports, explicit parameters and blocked scientific preflight
[19/20] e2e/workflow-editor.spec.ts:131:1 › copy, revise and run a pinned workflow through actual worker and result storage
[20/20] e2e/workspace.spec.ts:9:1 › real session, seeded catalog, deep link and logout
  20 passed (2.3m)
Isolated resources removed; private logs retained: artifacts/runtime/coastmas_e2e_54e63b4e86f7486e8d9858182963b8d2
