
> coastmas-web@0.1.0 build
> tsc --noEmit && vite build

vite v8.3.0 building client environment for production...
transforming...
✓ 1048 modules transformed.
rendering chunks...
computing gzip size...
dist/index.html                                  0.51 kB │ gzip:   0.36 kB
dist/assets/maplibre-gl-worker-CNLXcz58.js     508.48 kB
dist/assets/index-Dnavpvux.css                   9.61 kB │ gzip:   2.99 kB
dist/assets/style-DLioOiRN.css                  15.41 kB │ gzip:   2.56 kB
dist/assets/GeoMap-CKRTiAqP.css                 82.86 kB │ gzip:  10.71 kB
dist/assets/result-data-ZQnNpEAX.js              1.11 kB │ gzip:   0.51 kB
dist/assets/model-editor-CKt5ARWc.js             1.23 kB │ gzip:   0.57 kB
dist/assets/CoastalStatistics-DVO6bvp6.js        1.86 kB │ gzip:   0.76 kB
dist/assets/WorkflowGraph-CnI4xcpM.js            2.15 kB │ gzip:   1.09 kB
dist/assets/Dashboard-D3gTt-jd.js                2.40 kB │ gzip:   1.25 kB
dist/assets/DataMetadataForm-BRPbO6aC.js         2.85 kB │ gzip:   1.37 kB
dist/assets/useQueries-D0G5lOWI.js               3.45 kB │ gzip:   1.49 kB
dist/assets/Runs-BPkUIMHz.js                     3.51 kB │ gzip:   1.51 kB
dist/assets/Workflow-uTHDzhVB.js                 3.62 kB │ gzip:   1.79 kB
dist/assets/AssessmentResults-DMZbQVIH.js        4.07 kB │ gzip:   1.77 kB
dist/assets/GeoMap-C6d8pe0Z.js                   4.10 kB │ gzip:   2.03 kB
dist/assets/ScientificFields-BuaRt1ut.js         4.49 kB │ gzip:   1.96 kB
dist/assets/ResultComparison-BH0mwM7M.js         5.12 kB │ gzip:   2.24 kB
dist/assets/ModelDecomposer-OwLVvTUm.js          6.43 kB │ gzip:   2.95 kB
dist/assets/KnowledgeGraph-KHQy5zwG.js           6.86 kB │ gzip:   3.09 kB
dist/assets/Entities-CrJebOuw.js                 7.01 kB │ gzip:   2.98 kB
dist/assets/DataSources-Ddq2x--I.js              7.33 kB │ gzip:   2.92 kB
dist/assets/DataWorkspace-D6jhao_m.js            7.42 kB │ gzip:   3.06 kB
dist/assets/ModelEditor-qzJUI_xp.js              7.64 kB │ gzip:   3.13 kB
dist/assets/Catalog-CRGIHdfx.js                  8.00 kB │ gzip:   2.92 kB
dist/assets/Planner-7E-sXFyJ.js                  8.25 kB │ gzip:   3.54 kB
dist/assets/jsx-runtime-Bzw2jH9X.js              9.08 kB │ gzip:   3.46 kB
dist/assets/Results-DoKLlG9i.js                 10.39 kB │ gzip:   3.86 kB
dist/assets/WorkflowEditor-Cs3FhSLa.js          13.60 kB │ gzip:   5.18 kB
dist/assets/SceneWorkspace-B_Hm3Axn.js          14.35 kB │ gzip:   5.29 kB
dist/assets/IndicatorFrameworks-BSDMjPbm.js     15.63 kB │ gzip:   5.16 kB
dist/assets/style-DD9rr8qc.js                  177.72 kB │ gzip:  57.32 kB
dist/assets/contracts-mDYQKb3i.js              189.22 kB │ gzip:  48.34 kB
dist/assets/index-CnRhslg6.js                  395.62 kB │ gzip: 121.23 kB
dist/assets/Chart-mWtf9huH.js                  541.89 kB │ gzip: 184.40 kB
dist/assets/maplibre-gl-DdwH8xhJ.js          1,018.88 kB │ gzip: 274.90 kB

[plugin builtin:vite-reporter] 
(!) Some chunks are larger than 500 kB after minification. Consider:
- Using dynamic import() to code-split the application
- Use build.rolldownOptions.output.codeSplitting to improve chunking: https://rolldown.rs/reference/OutputOptions.codeSplitting
- Adjust chunk size limit for this warning via build.chunkSizeWarningLimit.
✓ built in 341ms
