....F                                                                    [100%]
=================================== FAILURES ===================================
_______________ test_statistics_rejects_forged_inundation_codes ________________

    def test_statistics_rejects_forged_inundation_codes():
        context, dem, cover, units, population = coastal_inputs()
        screen = screening_component(context, {"dem": dem}, {"increment": 0.5})
        impacts = overlay_component(
            context,
            {
                "inundation": screen["inundation"],
                "land_cover": cover,
                "units": units,
                "population": population,
            },
            {},
        )
        impacts["impacts"]["inundation"][0][0] = 2
>       with pytest.raises(CoastMASError):
             ^^^^^^^^^^^^^^^^^^^^^^^^^^^^
E       Failed: DID NOT RAISE CoastMASError

tests/integration/test_coastal_components.py:156: Failed
=============================== warnings summary ===============================
.venv/lib/python3.12/site-packages/fastapi/testclient.py:1
  /Users/quanyiming/Projects/CoastMAS/.venv/lib/python3.12/site-packages/fastapi/testclient.py:1: StarletteDeprecationWarning: Using `httpx` with `starlette.testclient` is deprecated; install `httpx2` instead.
    from starlette.testclient import TestClient as TestClient  # noqa

.venv/lib/python3.12/site-packages/starlette/testclient.py:53
  /Users/quanyiming/Projects/CoastMAS/.venv/lib/python3.12/site-packages/starlette/testclient.py:53: DeprecationWarning: The anyio.abc.BlockingPortal alias is deprecated, use anyio.from_thread.BlockingPortal instead.
    _PortalFactoryType = Callable[[], AbstractContextManager[anyio.abc.BlockingPortal]]

-- Docs: https://docs.pytest.org/en/stable/how-to/capture-warnings.html
=========================== short test summary info ============================
FAILED tests/integration/test_coastal_components.py::test_statistics_rejects_forged_inundation_codes
1 failed, 4 passed, 2 warnings in 0.21s
