Success: no issues found in 105 source files
All checks passed!
F.........                                                               [100%]
=================================== FAILURES ===================================
___ test_temporal_preparation_freezes_versions_and_preserves_original_scene ____

authenticated = (<starlette.testclient.TestClient object at 0x1214f1820>, 'gDPjTf6g5DQ21yEU922U0TXyHZanvnp4iUyY4p2t5OY', 'df12aa6c-bb68-4139-b310-23d64d79c8a1', 'fb770d5a-4515-47e8-86bd-0efcd5f80528')
engine = Engine(postgresql+psycopg://coastmas:***@127.0.0.1:55432/coastmas_test_1ad84e5da0bf463cafaea738508c3990)
storage = <coastmas.adapters.storage.S3ArtifactStore object at 0x12158a8d0>

    def test_temporal_preparation_freezes_versions_and_preserves_original_scene(
        authenticated, engine, storage
    ):
        client, csrf, project, user = authenticated
        client.app.state.artifact_store = storage
        client.app.state.registry = BuiltinRuntimeRegistry(Path("sample-data"))
        original = scene(id=str(uuid4()))
        with Session(engine) as session, session.begin():
            create_resource(
                session,
                user_id=user,
                project_id=project,
                kind="scene",
                identifier=original.id,
                name=original.name,
                spec=original.model_dump(mode="json"),
            )
        body = {
            "project_id": project,
            "name": "SYNTHETIC verification only",
            "scene": {"id": original.id, "version": 1},
            "source": "Hand calculated fixture",
            "license": "CC0",
            "request": temporal_request().model_dump(mode="json"),
            "idempotency_key": str(uuid4()),
        }
        headers = {"X-CSRF-Token": csrf}
        response = client.post("/api/v1/adaptations/temporal", json=body, headers=headers)
        assert response.status_code == 201, response.text
        frozen = response.json()
        assert client.post("/api/v1/adaptations/temporal", json=body, headers=headers).json() == frozen
        assert (
            client.post(
                "/api/v1/adaptations/temporal", json={**body, "name": "changed"}, headers=headers
            ).status_code
            == 409
        )
        assert client.get("/api/v1/scenes/" + original.id).json()["spec"] == original.model_dump(
            mode="json"
        )
        derived = client.get("/api/v1/scenes/" + frozen["scene"]["id"]).json()["spec"]
        assert derived["time_range"]["start"] == "2025-01-01T00:00:00Z"
        assert derived["data_references"] == [frozen["data"]]
        data = client.get("/api/v1/data-assets/" + frozen["data"]["id"]).json()["spec"]
        assert data["quality"]["temporal_method"] == "mean"
        selection = {"workflow_version": 1, "scene_id": frozen["scene"]["id"], "scene_version": 1}
        checked = client.post(
            "/api/v1/workflows/" + frozen["workflow"]["id"] + "/validate",
            json=selection,
            headers=headers,
        )
        assert checked.status_code == 200 and checked.json()["valid"], checked.text
        missing = {**body, "scene": {"id": str(uuid4()), "version": 1}, "idempotency_key": str(uuid4())}
>       assert (
            client.post("/api/v1/adaptations/temporal", json=missing, headers=headers).status_code
            == 404
        )
E       AssertionError: assert 403 == 404
E        +  where 403 = <Response [403 Forbidden]>.status_code
E        +    where <Response [403 Forbidden]> = post('/api/v1/adaptations/temporal', json={'project_id': 'df12aa6c-bb68-4139-b310-23d64d79c8a1', 'name': 'SYNTHETIC verification only', 'scene': {'id': 'cfb5429e-dafe-4b2b-a652-1e968cb2ae4b', 'version': 1}, 'source': 'Hand calculated fixture', ...}, headers={'X-CSRF-Token': 'gDPjTf6g5DQ21yEU922U0TXyHZanvnp4iUyY4p2t5OY'})
E        +      where post = <starlette.testclient.TestClient object at 0x1214f1820>.post

tests/integration/test_temporal_api.py:65: AssertionError
------------------------------ Captured log call -------------------------------
WARNING  rasterio._env:features.py:148 CPLE_AppDefined in DeprecationWarning: 'Memory' driver is deprecated since GDAL 3.11. Use 'MEM' onwards. Further messages of this type will be suppressed.
=============================== warnings summary ===============================
.venv/lib/python3.12/site-packages/fastapi/testclient.py:1
  /Users/quanyiming/Projects/CoastMAS/.venv/lib/python3.12/site-packages/fastapi/testclient.py:1: StarletteDeprecationWarning: Using `httpx` with `starlette.testclient` is deprecated; install `httpx2` instead.
    from starlette.testclient import TestClient as TestClient  # noqa

.venv/lib/python3.12/site-packages/starlette/testclient.py:53
  /Users/quanyiming/Projects/CoastMAS/.venv/lib/python3.12/site-packages/starlette/testclient.py:53: DeprecationWarning: The anyio.abc.BlockingPortal alias is deprecated, use anyio.from_thread.BlockingPortal instead.
    _PortalFactoryType = Callable[[], AbstractContextManager[anyio.abc.BlockingPortal]]

-- Docs: https://docs.pytest.org/en/stable/how-to/capture-warnings.html
=========================== short test summary info ============================
FAILED tests/integration/test_temporal_api.py::test_temporal_preparation_freezes_versions_and_preserves_original_scene
1 failed, 9 passed, 2 warnings in 4.35s
