
> coastmas-web@0.1.0 e2e
> playwright test scene-workspace.spec.ts --grep saved scene copy|actual temporal


Running 2 tests using 1 worker

(node:29789) Warning: The 'NO_COLOR' env is ignored due to the 'FORCE_COLOR' env being set.
(Use `node --trace-warnings ...` to show where the warning was created)


[1/2] e2e/scene-workspace.spec.ts:168:1 › saved scene copy preflights and executes the actual pinned coastal workflow
[2/2] e2e/scene-workspace.spec.ts:330:1 › actual temporal assessment exposes aligned period selection and numeric time series
  1) e2e/scene-workspace.spec.ts:330:1 › actual temporal assessment exposes aligned period selection and numeric time series 

    TimeoutError: locator.selectOption: Timeout 15000ms exceeded.
    Call log:
      - waiting for getByLabel('评价管理单元', { exact: true })


      354 |   ).toBeVisible();
      355 |   const unit = page.getByLabel("评价管理单元", { exact: true });
    > 356 |   await unit.selectOption({ label: "U1" });
          |              ^
      357 |   await page
      358 |     .getByLabel("查看评价年份", { exact: true })
      359 |     .selectOption({ label: "2022" });
        at /Users/quanyiming/Projects/CoastMAS/apps/web/e2e/scene-workspace.spec.ts:356:14

    attachment #1: screenshot (image/png) ──────────────────────────────────────────────────────────
    ../../artifacts/runtime/playwright/scene-workspace-actual-tem-5f5fc-ion-and-numeric-time-series/test-failed-1.png
    ────────────────────────────────────────────────────────────────────────────────────────────────

    Error Context: ../../artifacts/runtime/playwright/scene-workspace-actual-tem-5f5fc-ion-and-numeric-time-series/error-context.md

    attachment #3: trace (application/zip) ─────────────────────────────────────────────────────────
    ../../artifacts/runtime/playwright/scene-workspace-actual-tem-5f5fc-ion-and-numeric-time-series/trace.zip
    Usage:

        npx playwright show-trace ../../artifacts/runtime/playwright/scene-workspace-actual-tem-5f5fc-ion-and-numeric-time-series/trace.zip

    ────────────────────────────────────────────────────────────────────────────────────────────────


  1 failed
    e2e/scene-workspace.spec.ts:330:1 › actual temporal assessment exposes aligned period selection and numeric time series 
  1 passed (37.1s)
