
> coastmas-web@0.1.0 test
> vitest run src/basemaps.test.ts


 RUN  v5.0.1 /Users/quanyiming/Projects/CoastMAS/apps/web

 ❯ src/basemaps.test.ts (0 test)

⎯⎯⎯⎯⎯⎯ Failed Suites 1 ⎯⎯⎯⎯⎯⎯⎯

 FAIL  src/basemaps.test.ts [ src/basemaps.test.ts ]
Error: Failed to resolve import "./basemaps" from "src/basemaps.test.ts". Does the file exist?
  Plugin: vite:import-analysis
  File: /Users/quanyiming/Projects/CoastMAS/apps/web/src/basemaps.test.ts:2:30
  1  |  import { expect, it } from "vitest";
  2  |  import { basemapSource } from "./basemaps";
     |                                 ^
  3  |  it("retains attribution, published tile URLs and native imagery resolution limits", () => {
  4  |  	const street = basemapSource("osm", "2024-06-01");
 ❯ TransformPluginContext._formatLog node_modules/vite/dist/node/chunks/node.js:8393:39
 ❯ TransformPluginContext.error node_modules/vite/dist/node/chunks/node.js:8390:14
 ❯ normalizeUrl node_modules/vite/dist/node/chunks/node.js:26058:18
 ❯ node_modules/vite/dist/node/chunks/node.js:26128:30
 ❯ TransformPluginContext.transform node_modules/vite/dist/node/chunks/node.js:26094:4
 ❯ EnvironmentPluginContainer.transform node_modules/vite/dist/node/chunks/node.js:8172:14
 ❯ loadAndTransform node_modules/vite/dist/node/chunks/node.js:19634:26

⎯⎯⎯⎯⎯⎯⎯⎯⎯⎯⎯⎯⎯⎯⎯⎯⎯⎯⎯⎯⎯⎯⎯⎯[1/1]⎯


 Test Files  1 failed (1)
      Tests  no tests
   Start at  12:43:58
   Duration  561ms (environment 86%, setup 11%, transform 2%, worker 1%)

