
> coastmas-web@0.1.0 test
> vitest run


 RUN  v5.0.1 /Users/quanyiming/Projects/CoastMAS/apps/web


 Test Files  20 passed (20)
      Tests  42 passed (42)
   Start at  11:09:51
   Duration  3.00s (environment 51%, import 16%, tests 13%, transform 10%, setup 9%)

Environment  jsdom was created 20 times · 11.37s total, 51% of tracked time
             create it once per worker with pool: 'vmThreads' (keeps per-file isolation) or isolate: false (shares it across files)
             learn more: https://vitest.dev/guide/improving-performance#test-environments


> coastmas-web@0.1.0 lint
> eslint src


> coastmas-web@0.1.0 build
> tsc --noEmit && vite build

vite v8.3.0 building client environment for production...
transforming...
✓ 1049 modules transformed.
rendering chunks...
computing gzip size...
dist/index.html                                  0.51 kB │ gzip:   0.36 kB
dist/assets/maplibre-gl-worker-CNLXcz58.js     508.48 kB
dist/assets/index-Dnavpvux.css                   9.61 kB │ gzip:   2.99 kB
dist/assets/style-DLioOiRN.css                  15.41 kB │ gzip:   2.56 kB
dist/assets/GeoMap-CKRTiAqP.css                 82.86 kB │ gzip:  10.71 kB
dist/assets/result-data-B4zCKTn6.js              1.11 kB │ gzip:   0.51 kB
dist/assets/model-editor-B9GcHCje.js             1.23 kB │ gzip:   0.57 kB
dist/assets/CoastalStatistics-DVO6bvp6.js        1.86 kB │ gzip:   0.76 kB
dist/assets/WorkflowGraph-CbZlW5dD.js            2.15 kB │ gzip:   1.09 kB
dist/assets/Dashboard-DzIyad_f.js                2.40 kB │ gzip:   1.25 kB
dist/assets/DataMetadataForm-RA5nyjpi.js         2.85 kB │ gzip:   1.37 kB
dist/assets/useQueries-DN_ZyLJj.js               3.45 kB │ gzip:   1.49 kB
dist/assets/Runs-BZTnW1Ye.js                     3.51 kB │ gzip:   1.51 kB
dist/assets/Workflow-BOJI-Aq6.js                 3.97 kB │ gzip:   1.88 kB
dist/assets/AssessmentResults-CVrTXu5M.js        4.07 kB │ gzip:   1.77 kB
dist/assets/GeoMap-BfTtL1EN.js                   4.10 kB │ gzip:   2.03 kB
dist/assets/ScientificFields-BuaRt1ut.js         4.49 kB │ gzip:   1.96 kB
dist/assets/ResultComparison-UKRkhXbs.js         5.12 kB │ gzip:   2.24 kB
dist/assets/ModelDecomposer-CaH6jNVL.js          6.43 kB │ gzip:   2.95 kB
dist/assets/KnowledgeGraph-Es7JOWHy.js           6.86 kB │ gzip:   3.09 kB
dist/assets/Entities-BDH_qdLU.js                 7.01 kB │ gzip:   2.99 kB
dist/assets/DataSources-N5EPQp2l.js              7.33 kB │ gzip:   2.92 kB
dist/assets/DataWorkspace-8exrBKd9.js            7.42 kB │ gzip:   3.06 kB
dist/assets/AssessmentRecords-DVDmu3gs.js        7.50 kB │ gzip:   2.76 kB
dist/assets/ModelEditor-C271xR1U.js              7.64 kB │ gzip:   3.13 kB
dist/assets/Catalog-G_AjZDSh.js                  8.00 kB │ gzip:   2.92 kB
dist/assets/Planner-C5ErxlCA.js                  8.25 kB │ gzip:   3.54 kB
dist/assets/jsx-runtime-Bzw2jH9X.js              9.08 kB │ gzip:   3.46 kB
dist/assets/Results-Bqq2g4My.js                 10.39 kB │ gzip:   3.86 kB
dist/assets/WorkflowEditor-CyZEtput.js          13.60 kB │ gzip:   5.19 kB
dist/assets/SceneWorkspace-33St1lpq.js          14.35 kB │ gzip:   5.29 kB
dist/assets/IndicatorFrameworks-sZrh8V4d.js     15.71 kB │ gzip:   5.16 kB
dist/assets/style-CuqT79bE.js                  177.72 kB │ gzip:  57.32 kB
dist/assets/contracts-9C4ky6et.js              189.98 kB │ gzip:  48.46 kB
dist/assets/index-Cxf0V_c-.js                  396.04 kB │ gzip: 121.33 kB
dist/assets/Chart-mWtf9huH.js                  541.89 kB │ gzip: 184.40 kB
dist/assets/maplibre-gl-DdwH8xhJ.js          1,018.88 kB │ gzip: 274.90 kB

[plugin builtin:vite-reporter] 
(!) Some chunks are larger than 500 kB after minification. Consider:
- Using dynamic import() to code-split the application
- Use build.rolldownOptions.output.codeSplitting to improve chunking: https://rolldown.rs/reference/OutputOptions.codeSplitting
- Adjust chunk size limit for this warning via build.chunkSizeWarningLimit.
✓ built in 284ms
