
> coastmas-web@0.1.0 build
> tsc --noEmit && vite build

vite v8.3.0 building client environment for production...
transforming...
✓ 1030 modules transformed.
rendering chunks...
computing gzip size...
dist/index.html                                 0.51 kB │ gzip:   0.36 kB
dist/assets/maplibre-gl-worker-CNLXcz58.js    508.48 kB
dist/assets/index-CNhkk7EJ.css                  9.28 kB │ gzip:   2.90 kB
dist/assets/style-DLioOiRN.css                 15.41 kB │ gzip:   2.56 kB
dist/assets/GeoMap-CKRTiAqP.css                82.86 kB │ gzip:  10.71 kB
dist/assets/result-data-BMpT9NBm.js             1.11 kB │ gzip:   0.51 kB
dist/assets/WorkflowGraph-CSnzc9BH.js           2.15 kB │ gzip:   1.09 kB
dist/assets/Dashboard-Bniun9Fs.js               2.40 kB │ gzip:   1.25 kB
dist/assets/GeoMap-yFKgFBGR.js                  3.08 kB │ gzip:   1.62 kB
dist/assets/Runs-SUaTb-q7.js                    3.51 kB │ gzip:   1.51 kB
dist/assets/Workflow-DjpDwYW5.js                3.61 kB │ gzip:   1.78 kB
dist/assets/Catalog-DJLX46s2.js                 4.75 kB │ gzip:   2.06 kB
dist/assets/Results-kczYaMwL.js                 5.41 kB │ gzip:   2.00 kB
dist/assets/KnowledgeGraph-BXEQ9efo.js          6.85 kB │ gzip:   3.08 kB
dist/assets/Entities-BeO3ob8F.js                7.01 kB │ gzip:   2.99 kB
dist/assets/Planner-DlJUbvKH.js                 8.25 kB │ gzip:   3.54 kB
dist/assets/jsx-runtime-Bzw2jH9X.js             9.08 kB │ gzip:   3.46 kB
dist/assets/WorkflowEditor-BoBK2sYw.js         16.88 kB │ gzip:   6.45 kB
dist/assets/SceneWorkspace-Doc5DfDt.js         17.55 kB │ gzip:   6.29 kB
dist/assets/style-DfyDqMWt.js                 177.72 kB │ gzip:  57.32 kB
dist/assets/contracts-Cf5pJAPF.js             178.04 kB │ gzip:  46.87 kB
dist/assets/index-CUQqxpuv.js                 391.71 kB │ gzip: 120.14 kB
dist/assets/CoastalStatistics-DUmXmHoH.js     543.54 kB │ gzip: 185.03 kB
dist/assets/maplibre-gl-DdwH8xhJ.js         1,018.88 kB │ gzip: 274.90 kB

[plugin builtin:vite-reporter] 
(!) Some chunks are larger than 500 kB after minification. Consider:
- Using dynamic import() to code-split the application
- Use build.rolldownOptions.output.codeSplitting to improve chunking: https://rolldown.rs/reference/OutputOptions.codeSplitting
- Adjust chunk size limit for this warning via build.chunkSizeWarningLimit.
✓ built in 341ms
