
> coastmas-web@0.1.0 test
> vitest run src/Catalog.search.test.tsx


 RUN  v5.0.1 /Users/quanyiming/Projects/CoastMAS/apps/web

 ❯ src/Catalog.search.test.tsx (1 test | 1 failed) 1019ms
   × searches the project model catalogue on the server rather than filtering a previously loaded page 1019ms

⎯⎯⎯⎯⎯⎯⎯ Failed Tests 1 ⎯⎯⎯⎯⎯⎯⎯

 FAIL  src/Catalog.search.test.tsx > searches the project model catalogue on the server rather than filtering a previously loaded page
TestingLibraryElementError: Unable to find role="textbox" and name "搜索全部模型"

Ignored nodes: comments, script, style
[36m<body>[39m
  [36m<div>[39m
    [36m<div[39m
      [33mclass[39m=[32m"project-bar"[39m
    [36m>[39m
      [36m<label[39m
        [33mfor[39m=[32m"project-select"[39m
      [36m>[39m
        [0m当前项目[0m
      [36m</label>[39m
      [36m<select[39m
        [33mid[39m=[32m"project-select"[39m
      [36m>[39m
        [36m<option[39m
          [33mvalue[39m=[32m"project"[39m
        [36m>[39m
          [0mProject[0m
        [36m</option>[39m
      [36m</select>[39m
      [36m<span[39m
        [33mclass[39m=[32m"muted"[39m
      [36m>[39m
        [0m独立版本 · 科学约束 · 可追溯结果[0m
      [36m</span>[39m
    [36m</div>[39m
    [36m<div>[39m
      [36m<div[39m
        [33mclass[39m=[32m"page-heading"[39m
      [36m>[39m
        [36m<div>[39m
          [36m<h1>[39m
            [0m模型中心[0m
          [36m</h1>[39m
          [36m<p>[39m
            [0m项目中的版本化资源；打开详情查看数据来源与科学约束。[0m
          [36m</p>[39m
        [36m</div>[39m
      [36m</div>[39m
      [36m<div[39m
        [33mclass[39m=[32m"toolbar"[39m
      [36m>[39m
        [36m<a[39m
          [33mdata-discover[39m=[32m"true"[39m
          [33mhref[39m=[32m"/models/new"[39m
        [36m>[39m
          [0m新增或导入模型[0m
        [36m</a>[39m
        [36m<label>[39m
          [0m筛选本页[0m
          [36m<input[39m
            [33mplaceholder[39m=[32m"名称或标识"[39m
            [33mvalue[39m=[32m""[39m
          [36m/>[39m
        [36m</label>[39m
        [36m<button[39m
          [33mclass[39m=[32m"secondary"[39m
        [36m>[39m
          [0m刷新[0m
        [36m</button>[39m
      [36m</div>[39m
      [36m<section[39m
        [33mclass[39m=[32m"panel"[39m
      [36m>[39m
        [36m<h2>[39m
          [0m资源 · 第 1 页[0m
        [36m</h2>[39m
        [36m<div[39m
          [33mclass[39m=[32m"empty"[39m
        [36m>[39m
          [0m当前页没有资源。[0m
        [36m</div>[39m
        [36m<div[39m
          [33mclass[39m=[32m"pagination"[39m
        [36m>[39m
          [36m<button[39m
            [33mdisabled[39m=[32m""[39m
          [36m>[39m
            [0m上一页[0m
          [36m</button>[39m
          [36m<span>[39m
            [0m每页最多 50 条[0m
          [36m</span>[39m
          [36m<button[39m
            [33mdisabled[39m=[32m""[39m
          [36m>[39m
            [0m下一页[0m
          [36m</button>[39m
        [36m</div>[39m
      [36m</section>[39m
    [36m</div>[39m
  [36m</div>[39m
[36m</body>[39m

Ignored nodes: comments, script, style
[36m<body>[39m
  [36m<div>[39m
    [36m<div[39m
      [33mclass[39m=[32m"project-bar"[39m
    [36m>[39m
      [36m<label[39m
        [33mfor[39m=[32m"project-select"[39m
      [36m>[39m
        [0m当前项目[0m
      [36m</label>[39m
      [36m<select[39m
        [33mid[39m=[32m"project-select"[39m
      [36m>[39m
        [36m<option[39m
          [33mvalue[39m=[32m"project"[39m
        [36m>[39m
          [0mProject[0m
        [36m</option>[39m
      [36m</select>[39m
      [36m<span[39m
        [33mclass[39m=[32m"muted"[39m
      [36m>[39m
        [0m独立版本 · 科学约束 · 可追溯结果[0m
      [36m</span>[39m
    [36m</div>[39m
    [36m<div>[39m
      [36m<div[39m
        [33mclass[39m=[32m"page-heading"[39m
      [36m>[39m
        [36m<div>[39m
          [36m<h1>[39m
            [0m模型中心[0m
          [36m</h1>[39m
          [36m<p>[39m
            [0m项目中的版本化资源；打开详情查看数据来源与科学约束。[0m
          [36m</p>[39m
        [36m</div>[39m
      [36m</div>[39m
      [36m<div[39m
        [33mclass[39m=[32m"toolbar"[39m
      [36m>[39m
        [36m<a[39m
          [33mdata-discover[39m=[32m"true"[39m
          [33mhref[39m=[32m"/models/new"[39m
        [36m>[39m
          [0m新增或导入模型[0m
        [36m</a>[39m
        [36m<label>[39m
          [0m筛选本页[0m
          [36m<input[39m
            [33mplaceholder[39m=[32m"名称或标识"[39m
            [33mvalue[39m=[32m""[39m
          [36m/>[39m
        [36m</label>[39m
        [36m<button[39m
          [33mclass[39m=[32m"secondary"[39m
        [36m>[39m
          [0m刷新[0m
        [36m</button>[39m
      [36m</div>[39m
      [36m<section[39m
        [33mclass[39m=[32m"panel"[39m
      [36m>[39m
        [36m<h2>[39m
          [0m资源 · 第 1 页[0m
        [36m</h2>[39m
        [36m<div[39m
          [33mclass[39m=[32m"empty"[39m
        [36m>[39m
          [0m当前页没有资源。[0m
        [36m</div>[39m
        [36m<div[39m
          [33mclass[39m=[32m"pagination"[39m
        [36m>[39m
          [36m<button[39m
            [33mdisabled[39m=[32m""[39m
          [36m>[39m
            [0m上一页[0m
          [36m</button>[39m
          [36m<span>[39m
            [0m每页最多 50 条[0m
          [36m</span>[39m
          [36m<button[39m
            [33mdisabled[39m=[32m""[39m
          [36m>[39m
            [0m下一页[0m
          [36m</button>[39m
        [36m</div>[39m
      [36m</section>[39m
    [36m</div>[39m
  [36m</div>[39m
[36m</body>[39m
 ❯ waitForWrapper node_modules/@testing-library/dom/dist/wait-for.js:163:27
 ❯ node_modules/@testing-library/dom/dist/query-helpers.js:86:33
 ❯ src/Catalog.search.test.tsx:19:33


⎯⎯⎯⎯⎯⎯⎯⎯⎯⎯⎯⎯⎯⎯⎯⎯⎯⎯⎯⎯⎯⎯⎯⎯[1/1]⎯


 Test Files  1 failed (1)
      Tests  1 failed (1)
   Start at  00:40:06
   Duration  2.10s (tests 51%, environment 33%, import 10%, transform 4%, setup 3%)

