
> coastmas-web@0.1.0 typecheck
> tsc --noEmit


> coastmas-web@0.1.0 lint
> eslint src


> coastmas-web@0.1.0 test
> vitest run


 RUN  v5.0.1 /Users/quanyiming/Projects/CoastMAS/apps/web


 Test Files  24 passed (24)
      Tests  47 passed (47)
   Start at  14:40:44
   Duration  3.13s (environment 58%, import 15%, tests 14%, transform 6%, setup 6%)

Environment  jsdom was created 24 times · 13.22s total, 58% of tracked time
             create it once per worker with pool: 'vmThreads' (keeps per-file isolation) or isolate: false (shares it across files)
             learn more: https://vitest.dev/guide/improving-performance#test-environments


> coastmas-web@0.1.0 build
> tsc --noEmit && vite build

vite v8.3.0 building client environment for production...
transforming...
✓ 1058 modules transformed.
rendering chunks...
computing gzip size...
dist/index.html                                  0.59 kB │ gzip:   0.38 kB
dist/assets/maplibre-gl-worker-CNLXcz58.js     508.48 kB
dist/assets/index-Dnavpvux.css                   9.61 kB │ gzip:   2.99 kB
dist/assets/style-DLioOiRN.css                  15.41 kB │ gzip:   2.56 kB
dist/assets/GeoMap-CKRTiAqP.css                 82.86 kB │ gzip:  10.71 kB
dist/assets/imagery-YqKYHdCr.js                  0.47 kB │ gzip:   0.33 kB
dist/assets/scientific-labels-DqhEJHFT.js        0.77 kB │ gzip:   0.57 kB
dist/assets/result-data-CI4OGX0j.js              1.11 kB │ gzip:   0.52 kB
dist/assets/model-editor-BVpKMKLj.js             1.23 kB │ gzip:   0.57 kB
dist/assets/CoastalStatistics-DVO6bvp6.js        1.86 kB │ gzip:   0.76 kB
dist/assets/WorkflowGraph-C1xzUnCR.js            2.15 kB │ gzip:   1.09 kB
dist/assets/Dashboard-CQXTUbLj.js                2.40 kB │ gzip:   1.25 kB
dist/assets/DataMetadataForm-DoPm03C6.js         2.85 kB │ gzip:   1.38 kB
dist/assets/useQueries-C3xFA26W.js               3.49 kB │ gzip:   1.51 kB
dist/assets/Runs-DoOoLUkt.js                     3.63 kB │ gzip:   1.56 kB
dist/assets/Workflow-Dj42ka2y.js                 4.00 kB │ gzip:   1.90 kB
dist/assets/AssessmentResults-CzhhJbjI.js        4.08 kB │ gzip:   1.77 kB
dist/assets/ScientificFields-BuaRt1ut.js         4.49 kB │ gzip:   1.96 kB
dist/assets/ResultComparison-Bg53sl3A.js         5.12 kB │ gzip:   2.24 kB
dist/assets/ModelDecomposer-DmKqGPNb.js          6.43 kB │ gzip:   2.95 kB
dist/assets/KnowledgeGraph-D78mHcOF.js           6.85 kB │ gzip:   3.08 kB
dist/assets/Entities-D4iXpkp5.js                 7.11 kB │ gzip:   3.03 kB
dist/assets/DataSources-D6c47SCz.js              7.37 kB │ gzip:   2.94 kB
dist/assets/DataWorkspace-CNTGKdKx.js            7.47 kB │ gzip:   3.09 kB
dist/assets/removable-zVvwFZIX.js                7.51 kB │ gzip:   2.95 kB
dist/assets/AssessmentRecords-B_HBdsVw.js        7.54 kB │ gzip:   2.78 kB
dist/assets/ModelEditor-BaNLf0TD.js              7.68 kB │ gzip:   3.16 kB
dist/assets/Catalog-BGIYIlOV.js                  8.07 kB │ gzip:   2.97 kB
dist/assets/GeoMap-DWMy2SSG.js                   8.10 kB │ gzip:   3.61 kB
dist/assets/Planner-TDliGqLS.js                  8.24 kB │ gzip:   3.53 kB
dist/assets/Admin-ytcSumLA.js                    8.81 kB │ gzip:   2.78 kB
dist/assets/jsx-runtime-Bzw2jH9X.js              9.08 kB │ gzip:   3.46 kB
dist/assets/Results-Cr07XmNW.js                 11.54 kB │ gzip:   4.36 kB
dist/assets/Research-BSXx55QR.js                11.76 kB │ gzip:   4.45 kB
dist/assets/WorkflowEditor-DS66mDJz.js          13.63 kB │ gzip:   5.20 kB
dist/assets/Collaboration-BwN_3MO-.js           14.26 kB │ gzip:   4.72 kB
dist/assets/SceneWorkspace-Tk7gJx4Y.js          15.01 kB │ gzip:   5.54 kB
dist/assets/SpatialOptimization-DedeDCaa.js     15.02 kB │ gzip:   5.18 kB
dist/assets/IndicatorFrameworks-DSxaaS3r.js     15.75 kB │ gzip:   5.19 kB
dist/assets/style-CWI2Xhio.js                  177.72 kB │ gzip:  57.32 kB
dist/assets/contracts-Cw-P-31V.js              212.45 kB │ gzip:  51.40 kB
dist/assets/index-DrvFW9Eu.js                  390.74 kB │ gzip: 119.65 kB
dist/assets/Chart-mWtf9huH.js                  541.89 kB │ gzip: 184.40 kB
dist/assets/maplibre-gl-DdwH8xhJ.js          1,018.88 kB │ gzip: 274.90 kB

[plugin builtin:vite-reporter] 
(!) Some chunks are larger than 500 kB after minification. Consider:
- Using dynamic import() to code-split the application
- Use build.rolldownOptions.output.codeSplitting to improve chunking: https://rolldown.rs/reference/OutputOptions.codeSplitting
- Adjust chunk size limit for this warning via build.chunkSizeWarningLimit.
✓ built in 296ms
