
> coastmas-web@0.1.0 typecheck
> tsc --noEmit


> coastmas-web@0.1.0 lint
> eslint src


> coastmas-web@0.1.0 test
> vitest run


 RUN  v5.0.1 /Users/quanyiming/Projects/CoastMAS/apps/web


 Test Files  19 passed (19)
      Tests  40 passed (40)
   Start at  09:49:06
   Duration  2.53s (environment 57%, import 14%, tests 12%, transform 10%, setup 7%, worker 1%)

Environment  jsdom was created 19 times · 10.34s total, 57% of tracked time
             create it once per worker with pool: 'vmThreads' (keeps per-file isolation) or isolate: false (shares it across files)
             learn more: https://vitest.dev/guide/improving-performance#test-environments


> coastmas-web@0.1.0 build
> tsc --noEmit && vite build

vite v8.3.0 building client environment for production...
transforming...
✓ 1045 modules transformed.
rendering chunks...
computing gzip size...
dist/index.html                                 0.51 kB │ gzip:   0.36 kB
dist/assets/maplibre-gl-worker-CNLXcz58.js    508.48 kB
dist/assets/index-BYO2DhKI.css                  9.48 kB │ gzip:   2.94 kB
dist/assets/style-DLioOiRN.css                 15.41 kB │ gzip:   2.56 kB
dist/assets/GeoMap-CKRTiAqP.css                82.86 kB │ gzip:  10.71 kB
dist/assets/result-data-r6tUxo-g.js             1.11 kB │ gzip:   0.51 kB
dist/assets/model-editor-DoBc7QZd.js            1.23 kB │ gzip:   0.57 kB
dist/assets/CoastalStatistics-DVO6bvp6.js       1.86 kB │ gzip:   0.76 kB
dist/assets/WorkflowGraph-CZAlksyV.js           2.15 kB │ gzip:   1.09 kB
dist/assets/Dashboard-DtQyI6fu.js               2.40 kB │ gzip:   1.25 kB
dist/assets/DataMetadataForm-BtbgiUIM.js        2.46 kB │ gzip:   1.29 kB
dist/assets/useQueries-CkcbwXLO.js              3.45 kB │ gzip:   1.49 kB
dist/assets/Runs-D9_-dyZ-.js                    3.51 kB │ gzip:   1.51 kB
dist/assets/Workflow-CoRri8jU.js                3.62 kB │ gzip:   1.78 kB
dist/assets/AssessmentResults-Cdbz2Y5r.js       4.07 kB │ gzip:   1.77 kB
dist/assets/GeoMap-DwzlFGHG.js                  4.10 kB │ gzip:   2.03 kB
dist/assets/ScientificFields-BuaRt1ut.js        4.49 kB │ gzip:   1.96 kB
dist/assets/ResultComparison-tHmqWbpO.js        5.12 kB │ gzip:   2.24 kB
dist/assets/DataWorkspace-BUYLQl6y.js           5.98 kB │ gzip:   2.71 kB
dist/assets/ModelDecomposer-BO4zz0pl.js         6.43 kB │ gzip:   2.95 kB
dist/assets/KnowledgeGraph-elDpDC46.js          6.86 kB │ gzip:   3.08 kB
dist/assets/Entities-eCK5Hv0s.js                7.01 kB │ gzip:   2.99 kB
dist/assets/DataSources-CnYr0HNF.js             7.61 kB │ gzip:   3.03 kB
dist/assets/ModelEditor-CNzkGAUo.js             7.64 kB │ gzip:   3.13 kB
dist/assets/Catalog-CLXVPY88.js                 8.00 kB │ gzip:   2.92 kB
dist/assets/Planner-Bw52uf3b.js                 8.25 kB │ gzip:   3.54 kB
dist/assets/jsx-runtime-Bzw2jH9X.js             9.08 kB │ gzip:   3.46 kB
dist/assets/Results-DMSMekRI.js                10.39 kB │ gzip:   3.86 kB
dist/assets/WorkflowEditor-dsNwwk4e.js         13.60 kB │ gzip:   5.18 kB
dist/assets/SceneWorkspace-7YpvLzLH.js         14.35 kB │ gzip:   5.29 kB
dist/assets/style-BG4SogFc.js                 177.72 kB │ gzip:  57.32 kB
dist/assets/contracts-Dru5tp40.js             185.46 kB │ gzip:  47.83 kB
dist/assets/index-CesbN_4A.js                 395.10 kB │ gzip: 121.11 kB
dist/assets/Chart-mWtf9huH.js                 541.89 kB │ gzip: 184.40 kB
dist/assets/maplibre-gl-DdwH8xhJ.js         1,018.88 kB │ gzip: 274.90 kB

[plugin builtin:vite-reporter] 
(!) Some chunks are larger than 500 kB after minification. Consider:
- Using dynamic import() to code-split the application
- Use build.rolldownOptions.output.codeSplitting to improve chunking: https://rolldown.rs/reference/OutputOptions.codeSplitting
- Adjust chunk size limit for this warning via build.chunkSizeWarningLimit.
✓ built in 284ms
