F                                                                        [100%]
=================================== FAILURES ===================================
___ test_temporal_preflight_rejects_target_that_differs_from_frozen_request ____

storage = <coastmas.adapters.storage.S3ArtifactStore object at 0x11bebbce0>

    def test_temporal_preflight_rejects_target_that_differs_from_frozen_request(storage):
        model, data, view, graph, _ = temporal_case(storage, "target-check")
        changed = view.model_copy(
            update={
                "time_range": view.time_range.model_copy(
                    update={"end": datetime(2025, 1, 1, 2, tzinfo=UTC)}
                )
            }
        )
        report = validate_workflow(graph, [model], [data], changed)
>       assert not report.valid
E       AssertionError: assert not True
E        +  where True = ValidationReport(issues=(), bindings=(BindingPlan(source=VersionReference(id='temporal-af4562d659244878bb94307215c0111...=None, quality_check=('semantics', 'unit', 'CRS', 'vertical_datum', 'scale', 'time', 'quality'), status='VALIDATED'),)).valid

tests/integration/test_temporal_worker.py:198: AssertionError
=============================== warnings summary ===============================
.venv/lib/python3.12/site-packages/fastapi/testclient.py:1
  /Users/quanyiming/Projects/CoastMAS/.venv/lib/python3.12/site-packages/fastapi/testclient.py:1: StarletteDeprecationWarning: Using `httpx` with `starlette.testclient` is deprecated; install `httpx2` instead.
    from starlette.testclient import TestClient as TestClient  # noqa

.venv/lib/python3.12/site-packages/starlette/testclient.py:53
  /Users/quanyiming/Projects/CoastMAS/.venv/lib/python3.12/site-packages/starlette/testclient.py:53: DeprecationWarning: The anyio.abc.BlockingPortal alias is deprecated, use anyio.from_thread.BlockingPortal instead.
    _PortalFactoryType = Callable[[], AbstractContextManager[anyio.abc.BlockingPortal]]

-- Docs: https://docs.pytest.org/en/stable/how-to/capture-warnings.html
=========================== short test summary info ============================
FAILED tests/integration/test_temporal_worker.py::test_temporal_preflight_rejects_target_that_differs_from_frozen_request
1 failed, 8 deselected, 2 warnings in 1.54s
