FFF                                                                      [100%]
=================================== FAILURES ===================================
______________ test_model_import_export_copy_history_and_archive _______________

authenticated = (<starlette.testclient.TestClient object at 0x10ab5e420>, 'bOXKktjNKY50DRfQooGKejRaGqvqQamT6L6Y2DGlVsc', '054f15c3-fc57-4da0-80f5-754c7edf0006', 'fc45b6f6-d1f3-48fe-a6c2-cab351d16fda')

    def test_model_import_export_copy_history_and_archive(authenticated):
        client, csrf, project, user = authenticated
        headers = {"X-CSRF-Token": csrf}
        original = model(id=uuid4().hex)
        response = client.post(
            "/api/v1/models/import",
            headers=headers,
            json={"project_id": project, "format": "json", "content": original.model_dump_json()},
        )
>       assert response.status_code == 201, response.text
E       AssertionError: {"error_code":"HTTP_ERROR","message":"request unavailable","details":null,"request_id":"57769f88-a52e-4e65-881a-874684d5d48b"}
E       assert 405 == 201
E        +  where 405 = <Response [405 Method Not Allowed]>.status_code

tests/integration/test_model_api.py:15: AssertionError
______________ test_metadata_create_cannot_self_certify_execution ______________

authenticated = (<starlette.testclient.TestClient object at 0x10acd1220>, '61IdQpe-VbV5A3vNVfcKqFxiD-GTKJBeE8DuBeKvj-4', 'bdad0446-09c1-4c33-8794-d5faf2eacda5', 'e4816099-278e-4435-bc9c-579c993c19fa')

    def test_metadata_create_cannot_self_certify_execution(authenticated):
        client, csrf, project, _ = authenticated
        response = client.post(
            "/api/v1/models",
            headers={"X-CSRF-Token": csrf},
            json={"project_id": project, "spec": model(id=uuid4().hex).model_dump(mode="json")},
        )
>       assert response.status_code == 422
E       assert 201 == 422
E        +  where 201 = <Response [201 Created]>.status_code

tests/integration/test_model_api.py:53: AssertionError
________ test_model_decomposition_is_available_without_executing_upload ________

authenticated = (<starlette.testclient.TestClient object at 0x10ad76ba0>, 'b45ZKuUZhILU8kF0N6MtG-pK8eQ_wLxa2jR8fmFbATI', '24cb1f7a-f18a-463c-be4a-57852d5a6f5c', '32610f76-f5ba-4c4a-bdb2-8392d3b5e38f')

    def test_model_decomposition_is_available_without_executing_upload(authenticated):
        client, csrf, _, _ = authenticated
        response = client.post(
            "/api/v1/models/decompose",
            headers={"X-CSRF-Token": csrf},
            json={"kind": "python", "name": "example", "source": "def compute(x):\n    return x*2"},
        )
>       assert response.status_code == 200, response.text
E       AssertionError: {"error_code":"HTTP_ERROR","message":"request unavailable","details":null,"request_id":"3f862f6d-2344-487f-927c-8f14512b1c75"}
E       assert 405 == 200
E        +  where 405 = <Response [405 Method Not Allowed]>.status_code

tests/integration/test_model_api.py:64: AssertionError
=============================== warnings summary ===============================
.venv/lib/python3.12/site-packages/fastapi/testclient.py:1
  /Users/quanyiming/Projects/CoastMAS/.venv/lib/python3.12/site-packages/fastapi/testclient.py:1: StarletteDeprecationWarning: Using `httpx` with `starlette.testclient` is deprecated; install `httpx2` instead.
    from starlette.testclient import TestClient as TestClient  # noqa

.venv/lib/python3.12/site-packages/starlette/testclient.py:53
  /Users/quanyiming/Projects/CoastMAS/.venv/lib/python3.12/site-packages/starlette/testclient.py:53: DeprecationWarning: The anyio.abc.BlockingPortal alias is deprecated, use anyio.from_thread.BlockingPortal instead.
    _PortalFactoryType = Callable[[], AbstractContextManager[anyio.abc.BlockingPortal]]

-- Docs: https://docs.pytest.org/en/stable/how-to/capture-warnings.html
=========================== short test summary info ============================
FAILED tests/integration/test_model_api.py::test_model_import_export_copy_history_and_archive
FAILED tests/integration/test_model_api.py::test_metadata_create_cannot_self_certify_execution
FAILED tests/integration/test_model_api.py::test_model_decomposition_is_available_without_executing_upload
3 failed, 2 warnings in 2.44s
