F                                                                        [100%]
=================================== FAILURES ===================================
___________ test_catalog_cannot_misstate_measured_raster_resolution ____________

storage = <coastmas.adapters.storage.S3ArtifactStore object at 0x117fbd550>

    def test_catalog_cannot_misstate_measured_raster_resolution(storage):
        content = encode_geotiff(
            Grid(np.ones((2, 2)), "EPSG:32650", Affine(10, 0, 0, 0, -10, 20), "m", "demo-datum")
        )
        record = storage.put("dem/resolution.tif", content)
        source = asset(
            uri=record.uri,
            checksum=record.sha256,
            spatial_extent=None,
            quality={
                "size_bytes": record.size,
                "spatial_resolution_m": 50,
                "geometry": "grid",
                "validated": True,
            },
        )
>       with pytest.raises(CoastMASError, match="resolution"):
             ^^^^^^^^^^^^^^^^^^^^^^^^^^^^^^^^^^^^^^^^^^^^^^^^
E       Failed: DID NOT RAISE CoastMASError

tests/integration/test_datasource.py:146: Failed
=============================== warnings summary ===============================
.venv/lib/python3.12/site-packages/fastapi/testclient.py:1
  /Users/quanyiming/Projects/CoastMAS/.venv/lib/python3.12/site-packages/fastapi/testclient.py:1: StarletteDeprecationWarning: Using `httpx` with `starlette.testclient` is deprecated; install `httpx2` instead.
    from starlette.testclient import TestClient as TestClient  # noqa

.venv/lib/python3.12/site-packages/starlette/testclient.py:53
  /Users/quanyiming/Projects/CoastMAS/.venv/lib/python3.12/site-packages/starlette/testclient.py:53: DeprecationWarning: The anyio.abc.BlockingPortal alias is deprecated, use anyio.from_thread.BlockingPortal instead.
    _PortalFactoryType = Callable[[], AbstractContextManager[anyio.abc.BlockingPortal]]

-- Docs: https://docs.pytest.org/en/stable/how-to/capture-warnings.html
=========================== short test summary info ============================
FAILED tests/integration/test_datasource.py::test_catalog_cannot_misstate_measured_raster_resolution
1 failed, 2 warnings in 1.23s
