{"status":"ready","dependencies":{"database":"ready","object_storage":"ready","queue":"ready"}}
> coastmas-web@0.1.0 e2e
> playwright test


Running 15 tests using 1 worker

(node:15064) Warning: The 'NO_COLOR' env is ignored due to the 'FORCE_COLOR' env being set.
(Use `node --trace-warnings ...` to show where the warning was created)


[1/15] e2e/data-sources.spec.ts:4:1 › registered HTTP source imports real immutable bytes with historical lineage
[2/15] e2e/data-workspace.spec.ts:4:1 › upload real data, preview zero, revise, revalidate and download immutable history
[3/15] e2e/entities.spec.ts:5:1 › geographic entities persist revisions and render actual geometry
[4/15] e2e/execution.spec.ts:5:1 › browser preflight -> Redis worker -> immutable coastal result
[5/15] e2e/knowledge-graph.spec.ts:5:1 › knowledge graph explores real model data and candidate downstream evidence
[6/15] e2e/model-decomposer.spec.ts:5:1 › static model decomposition preserves code, explicit dependencies and atomic black boxes
[7/15] e2e/model-editor.spec.ts:5:1 › register, revise, export history, copy, enable and import models without self-approving execution
[8/15] e2e/planner.spec.ts:4:1 › deterministic planning resolves explicit data ambiguity without external calls
[9/15] e2e/scene-workspace.spec.ts:28:1 › map drawing, AOI upload, pinned entities/data, coverage and immutable scene revisions
[10/15] e2e/scene-workspace.spec.ts:168:1 › saved scene copy preflights and executes the actual pinned coastal workflow
[11/15] e2e/scene-workspace.spec.ts:348:1 › actual temporal assessment exposes aligned period selection and numeric time series
[12/15] e2e/scene-workspace.spec.ts:420:1 › compares real baseline and raised sea-level results without overwriting either
[13/15] e2e/workflow-editor.spec.ts:28:1 › create a real draft with model drag, ports, explicit parameters and blocked scientific preflight
[14/15] e2e/workflow-editor.spec.ts:139:1 › copy, revise and run a pinned workflow through actual worker and result storage
[15/15] e2e/workspace.spec.ts:9:1 › real session, seeded catalog, deep link and logout
  15 passed (1.7m)
