
> coastmas-web@0.1.0 build
> tsc --noEmit && vite build

vite v8.3.0 building client environment for production...
transforming...
✓ 1038 modules transformed.
rendering chunks...
computing gzip size...
dist/index.html                                 0.51 kB │ gzip:   0.36 kB
dist/assets/maplibre-gl-worker-CNLXcz58.js    508.48 kB
dist/assets/index-BYO2DhKI.css                  9.48 kB │ gzip:   2.94 kB
dist/assets/style-DLioOiRN.css                 15.41 kB │ gzip:   2.56 kB
dist/assets/GeoMap-CKRTiAqP.css                82.86 kB │ gzip:  10.71 kB
dist/assets/result-data-gTC0yOQk.js             1.11 kB │ gzip:   0.51 kB
dist/assets/CoastalStatistics-DVO6bvp6.js       1.86 kB │ gzip:   0.76 kB
dist/assets/WorkflowGraph-S7xSDOqc.js           2.15 kB │ gzip:   1.09 kB
dist/assets/Dashboard-DFpJSpHA.js               2.40 kB │ gzip:   1.25 kB
dist/assets/useQueries-wJ8ugVD0.js              3.45 kB │ gzip:   1.48 kB
dist/assets/Runs-Cd3a_ghy.js                    3.51 kB │ gzip:   1.51 kB
dist/assets/Workflow-Den1q3rK.js                3.61 kB │ gzip:   1.78 kB
dist/assets/AssessmentResults-CNug4wCU.js       4.08 kB │ gzip:   1.76 kB
dist/assets/GeoMap-CXXg2oAW.js                  4.10 kB │ gzip:   2.03 kB
dist/assets/ScientificFields-pau_tTZe.js        4.35 kB │ gzip:   1.89 kB
dist/assets/Catalog-DeG-OJ2P.js                 4.93 kB │ gzip:   2.11 kB
dist/assets/ResultComparison-B5WD0IW_.js        5.12 kB │ gzip:   2.24 kB
dist/assets/KnowledgeGraph-CzkmsVys.js          6.86 kB │ gzip:   3.08 kB
dist/assets/Entities-DCyMKV-w.js                7.01 kB │ gzip:   2.99 kB
dist/assets/Planner-BvdHqFTp.js                 8.25 kB │ gzip:   3.53 kB
dist/assets/ModelEditor-0lcaWmBw.js             8.79 kB │ gzip:   3.47 kB
dist/assets/jsx-runtime-Bzw2jH9X.js             9.08 kB │ gzip:   3.46 kB
dist/assets/Results-DHiVEe_Z.js                10.39 kB │ gzip:   3.86 kB
dist/assets/WorkflowEditor-B5Tq0xNf.js         13.59 kB │ gzip:   5.18 kB
dist/assets/SceneWorkspace-X82_zZ_j.js         14.35 kB │ gzip:   5.29 kB
dist/assets/style-DLHs3N_w.js                 177.72 kB │ gzip:  57.31 kB
dist/assets/contracts-CDrXJ45S.js             179.86 kB │ gzip:  47.14 kB
dist/assets/index-Rsks11nO.js                 393.14 kB │ gzip: 120.60 kB
dist/assets/Chart-mWtf9huH.js                 541.89 kB │ gzip: 184.40 kB
dist/assets/maplibre-gl-DdwH8xhJ.js         1,018.88 kB │ gzip: 274.90 kB

[plugin builtin:vite-reporter] 
(!) Some chunks are larger than 500 kB after minification. Consider:
- Using dynamic import() to code-split the application
- Use build.rolldownOptions.output.codeSplitting to improve chunking: https://rolldown.rs/reference/OutputOptions.codeSplitting
- Adjust chunk size limit for this warning via build.chunkSizeWarningLimit.
✓ built in 474ms
