
> coastmas-web@0.1.0 typecheck
> tsc --noEmit


> coastmas-web@0.1.0 lint
> eslint src


> coastmas-web@0.1.0 test
> vitest run


 RUN  v5.0.1 /Users/quanyiming/Projects/CoastMAS/apps/web


 Test Files  18 passed (18)
      Tests  37 passed (37)
   Start at  01:02:35
   Duration  4.26s (environment 60%, import 15%, tests 14%, setup 6%, transform 5%)

Environment  jsdom was created 18 times · 19.13s total, 60% of tracked time
             create it once per worker with pool: 'vmThreads' (keeps per-file isolation) or isolate: false (shares it across files)
             learn more: https://vitest.dev/guide/improving-performance#test-environments


> coastmas-web@0.1.0 build
> tsc --noEmit && vite build

vite v8.3.0 building client environment for production...
transforming...
✓ 1042 modules transformed.
rendering chunks...
computing gzip size...
dist/index.html                                 0.51 kB │ gzip:   0.36 kB
dist/assets/maplibre-gl-worker-CNLXcz58.js    508.48 kB
dist/assets/index-BYO2DhKI.css                  9.48 kB │ gzip:   2.94 kB
dist/assets/style-DLioOiRN.css                 15.41 kB │ gzip:   2.56 kB
dist/assets/GeoMap-CKRTiAqP.css                82.86 kB │ gzip:  10.71 kB
dist/assets/result-data-BnTOpZKd.js             1.11 kB │ gzip:   0.52 kB
dist/assets/model-editor-C5pFW8h2.js            1.23 kB │ gzip:   0.57 kB
dist/assets/CoastalStatistics-DVO6bvp6.js       1.86 kB │ gzip:   0.76 kB
dist/assets/WorkflowGraph-BnTrkmGc.js           2.15 kB │ gzip:   1.09 kB
dist/assets/Dashboard-BpkVKv1x.js               2.40 kB │ gzip:   1.25 kB
dist/assets/useQueries-CEGP71xS.js              3.45 kB │ gzip:   1.49 kB
dist/assets/Runs-Ct9FM9Cv.js                    3.51 kB │ gzip:   1.51 kB
dist/assets/Workflow-Bs8qYkrh.js                3.61 kB │ gzip:   1.78 kB
dist/assets/AssessmentResults-CGX7_Zve.js       4.08 kB │ gzip:   1.77 kB
dist/assets/GeoMap-DKsjAoVE.js                  4.10 kB │ gzip:   2.03 kB
dist/assets/ScientificFields-BuaRt1ut.js        4.49 kB │ gzip:   1.96 kB
dist/assets/ResultComparison-CnEqmfpn.js        5.12 kB │ gzip:   2.24 kB
dist/assets/ModelDecomposer-DZSW5hNi.js         6.43 kB │ gzip:   2.95 kB
dist/assets/Catalog-CncqhUkd.js                 6.73 kB │ gzip:   2.66 kB
dist/assets/KnowledgeGraph-D2UsqUhJ.js          6.86 kB │ gzip:   3.08 kB
dist/assets/Entities-_AvI5uBb.js                7.01 kB │ gzip:   2.99 kB
dist/assets/ModelEditor-FlP1I1mV.js             7.64 kB │ gzip:   3.13 kB
dist/assets/DataWorkspace-DdVCKwvU.js           8.12 kB │ gzip:   3.57 kB
dist/assets/Planner-C5btpP9Y.js                 8.25 kB │ gzip:   3.54 kB
dist/assets/jsx-runtime-Bzw2jH9X.js             9.08 kB │ gzip:   3.46 kB
dist/assets/Results-CDmQl8a4.js                10.39 kB │ gzip:   3.86 kB
dist/assets/WorkflowEditor-nA5oN7cs.js         13.59 kB │ gzip:   5.18 kB
dist/assets/SceneWorkspace-BSQqEgHB.js         14.35 kB │ gzip:   5.29 kB
dist/assets/style-0-zGpMAy.js                 177.72 kB │ gzip:  57.32 kB
dist/assets/contracts-rUfc8pko.js             182.96 kB │ gzip:  47.62 kB
dist/assets/index-DXLjYuuy.js                 393.68 kB │ gzip: 120.76 kB
dist/assets/Chart-mWtf9huH.js                 541.89 kB │ gzip: 184.40 kB
dist/assets/maplibre-gl-DdwH8xhJ.js         1,018.88 kB │ gzip: 274.90 kB

[plugin builtin:vite-reporter] 
(!) Some chunks are larger than 500 kB after minification. Consider:
- Using dynamic import() to code-split the application
- Use build.rolldownOptions.output.codeSplitting to improve chunking: https://rolldown.rs/reference/OutputOptions.codeSplitting
- Adjust chunk size limit for this warning via build.chunkSizeWarningLimit.
✓ built in 366ms
