F                                                                        [100%]
=================================== FAILURES ===================================
___ test_invalid_update_does_not_stage_partial_version_when_error_is_caught ____

engine = Engine(postgresql+psycopg://coastmas:***@127.0.0.1:55432/coastmas_test_70e1f89cd3804f7ea77ece18c3d83e9b)
actors = ('53de7ba3-ef23-4bc1-83f2-94b6596295dc', '6ec950c5-c2b7-4759-804a-8d2107fd4d56', 'e102f927-2d06-400d-b527-cb8707d7fe89', '30b3c26d-7e64-4b93-a12b-df737c2482eb')

    def test_invalid_update_does_not_stage_partial_version_when_error_is_caught(engine, actors):
        from coastmas.persistence.resources import update_resource
    
        user, _, _, project = actors
        identifier = uuid4().hex
        with Session(engine) as session, session.begin():
            create_resource(
                session,
                user_id=user,
                project_id=project,
                kind="model",
                identifier=identifier,
                name="original",
                spec={"id": identifier, "version": 1, "name": "original"},
            )
            with pytest.raises(CoastMASError, match="boolean"):
                update_resource(
                    session,
                    user_id=user,
                    identifier=identifier,
                    expected_version=1,
                    spec={"id": identifier, "version": 2, "name": "changed", "enabled": "false"},
                )
        with Session(engine) as session:
            revision = read_resource(session, user_id=user, identifier=identifier)
>           assert revision.version == 1
E           AssertionError: assert 2 == 1
E            +  where 2 = Revision(resource_id='6db62749d30b4617828ec94580485416', version=2, spec={'id': '6db62749d30b4617828ec94580485416', 'n...anged', 'enabled': 'false', 'version': 2}, checksum='12a906269da70cdcf6f02d4fed17bb47ea4df6ca93fd64cd5e10b84afe1e1191').version

tests/integration/test_resource_lifecycle.py:238: AssertionError
=============================== warnings summary ===============================
.venv/lib/python3.12/site-packages/fastapi/testclient.py:1
  /Users/quanyiming/Projects/CoastMAS/.venv/lib/python3.12/site-packages/fastapi/testclient.py:1: StarletteDeprecationWarning: Using `httpx` with `starlette.testclient` is deprecated; install `httpx2` instead.
    from starlette.testclient import TestClient as TestClient  # noqa

.venv/lib/python3.12/site-packages/starlette/testclient.py:53
  /Users/quanyiming/Projects/CoastMAS/.venv/lib/python3.12/site-packages/starlette/testclient.py:53: DeprecationWarning: The anyio.abc.BlockingPortal alias is deprecated, use anyio.from_thread.BlockingPortal instead.
    _PortalFactoryType = Callable[[], AbstractContextManager[anyio.abc.BlockingPortal]]

-- Docs: https://docs.pytest.org/en/stable/how-to/capture-warnings.html
=========================== short test summary info ============================
FAILED tests/integration/test_resource_lifecycle.py::test_invalid_update_does_not_stage_partial_version_when_error_is_caught
1 failed, 2 warnings in 2.49s
