F                                                                        [100%]
=================================== FAILURES ===================================
_ test_matching_endpoint_uses_registered_versions_and_rejects_unvalidated_models _

authenticated = (<starlette.testclient.TestClient object at 0x10b8c7560>, 'jbg6cf8dvU4feQZFVskAJxLkcSFOo21LEiFFpbjtLLk', 'a59aff48-8cee-4fda-9d55-6016692f401b', '7cd0c771-41ac-4205-a22f-1bfffc0eba8c')

    def test_matching_endpoint_uses_registered_versions_and_rejects_unvalidated_models(authenticated):
        from tests.factories import scene
    
        client, csrf, project, _ = authenticated
        headers = {"X-CSRF-Token": csrf}
        source = model(id=uuid4().hex)
        imported = client.post(
            "/api/v1/models/import",
            headers=headers,
            json={
                "project_id": project,
                "format": "json",
                "content": source.model_dump_json(),
            },
        )
        assert imported.status_code == 201, imported.text
        context = scene(id=uuid4().hex)
        created = client.post(
            "/api/v1/scenes",
            headers=headers,
            json={
                "project_id": project,
                "spec": context.model_dump(mode="json"),
            },
        )
        assert created.status_code == 201, created.text
        response = client.post(
            "/api/v1/models/match",
            headers=headers,
            json={
                "project_id": project,
                "scene_id": context.id,
                "scene_version": 1,
                "capability": "screen",
                "parameters": {"increment": 0.5},
                "preferences": {source.id: 1},
            },
        )
>       assert response.status_code == 200, response.text
E       AssertionError: {"error_code":"HTTP_ERROR","message":"request unavailable","details":null,"request_id":"4c3b5c16-9803-49fe-91f6-02d7776d0a74"}
E       assert 405 == 200
E        +  where 405 = <Response [405 Method Not Allowed]>.status_code

tests/integration/test_model_api.py:161: AssertionError
=============================== warnings summary ===============================
.venv/lib/python3.12/site-packages/fastapi/testclient.py:1
  /Users/quanyiming/Projects/CoastMAS/.venv/lib/python3.12/site-packages/fastapi/testclient.py:1: StarletteDeprecationWarning: Using `httpx` with `starlette.testclient` is deprecated; install `httpx2` instead.
    from starlette.testclient import TestClient as TestClient  # noqa

.venv/lib/python3.12/site-packages/starlette/testclient.py:53
  /Users/quanyiming/Projects/CoastMAS/.venv/lib/python3.12/site-packages/starlette/testclient.py:53: DeprecationWarning: The anyio.abc.BlockingPortal alias is deprecated, use anyio.from_thread.BlockingPortal instead.
    _PortalFactoryType = Callable[[], AbstractContextManager[anyio.abc.BlockingPortal]]

-- Docs: https://docs.pytest.org/en/stable/how-to/capture-warnings.html
=========================== short test summary info ============================
FAILED tests/integration/test_model_api.py::test_matching_endpoint_uses_registered_versions_and_rejects_unvalidated_models
1 failed, 2 warnings in 2.46s
