............Exception occurred during processing of request from ('127.0.0.1', 54766)
............................................................ [ 54%]
...........................................................              [100%]
=============================== warnings summary ===============================
.venv/lib/python3.12/site-packages/fastapi/testclient.py:1
  /Users/quanyiming/Projects/CoastMAS/.venv/lib/python3.12/site-packages/fastapi/testclient.py:1: StarletteDeprecationWarning: Using `httpx` with `starlette.testclient` is deprecated; install `httpx2` instead.
    from starlette.testclient import TestClient as TestClient  # noqa

.venv/lib/python3.12/site-packages/starlette/testclient.py:53
  /Users/quanyiming/Projects/CoastMAS/.venv/lib/python3.12/site-packages/starlette/testclient.py:53: DeprecationWarning: The anyio.abc.BlockingPortal alias is deprecated, use anyio.from_thread.BlockingPortal instead.
    _PortalFactoryType = Callable[[], AbstractContextManager[anyio.abc.BlockingPortal]]

tests/unit/test_geofiles.py: 12 warnings
  /Users/quanyiming/Projects/CoastMAS/src/coastmas/domain/grid_conservation.py:39: PendingDeprecationWarning: Use `@` matmul instead of `*` mul operator for matrix multiplication
    transform * (column, row),

tests/unit/test_geofiles.py: 12 warnings
  /Users/quanyiming/Projects/CoastMAS/src/coastmas/domain/grid_conservation.py:40: PendingDeprecationWarning: Use `@` matmul instead of `*` mul operator for matrix multiplication
    transform * (column + 1, row),

tests/unit/test_geofiles.py: 12 warnings
  /Users/quanyiming/Projects/CoastMAS/src/coastmas/domain/grid_conservation.py:41: PendingDeprecationWarning: Use `@` matmul instead of `*` mul operator for matrix multiplication
    transform * (column + 1, row + 1),

tests/unit/test_geofiles.py: 12 warnings
  /Users/quanyiming/Projects/CoastMAS/src/coastmas/domain/grid_conservation.py:42: PendingDeprecationWarning: Use `@` matmul instead of `*` mul operator for matrix multiplication
    transform * (column, row + 1),

-- Docs: https://docs.pytest.org/en/stable/how-to/capture-warnings.html
================================ tests coverage ================================
______________ coverage: platform darwin, python 3.12.14-final-0 _______________

Coverage JSON written to file artifacts/coverage.json
131 passed, 50 warnings in 38.84s
