F                                                                        [100%]
=================================== FAILURES ===================================
______ test_builtin_enable_lifecycle_preserves_existing_runtime_evidence _______

authenticated = (<starlette.testclient.TestClient object at 0x11dd247a0>, 'FMAPAOo2wI-j6-GJFoB05qxmUp6RFjxd-c6kCv7kDTU', 'ece0ddd5-d990-4b06-840a-1bd15c226590', 'ae0990df-999d-4951-b3bd-54d9f1fbaf44')
engine = Engine(postgresql+psycopg://coastmas:***@127.0.0.1:55432/coastmas_test_c15ef7ef08674629ac5cbd67929cf510)

    def test_builtin_enable_lifecycle_preserves_existing_runtime_evidence(authenticated, engine):
        from pathlib import Path
        from coastmas.domain.builtin_catalog import assessment_catalog
        from coastmas.persistence.resources import create_resource
        from coastmas.runtime_bootstrap import BuiltinRuntimeRegistry
        client, csrf, project, owner = authenticated
        model = assessment_catalog(project).models[0]
        with Session(engine) as session, session.begin():
            create_resource(session, user_id=owner, project_id=project, kind='model',
                            identifier=model.id, name=model.name, spec=model.model_dump(mode='json'))
        client.app.state.registry = BuiltinRuntimeRegistry(Path('sample-data'))
        for version, enabled in [(1, False), (2, True)]:
            response = client.post('/api/v1/models/' + model.id + '/enabled',
                                   headers={'X-CSRF-Token': csrf},
                                   json={'expected_version': version, 'enabled': enabled})
            assert response.status_code == 200, response.text
>           assert response.json()['spec']['validation_status'] == 'VALIDATED'
E           AssertionError: assert 'UNVALIDATED' == 'VALIDATED'
E             
E             - VALIDATED
E             + UNVALIDATED
E             ? ++

tests/integration/test_workspace_api.py:108: AssertionError
=============================== warnings summary ===============================
.venv/lib/python3.12/site-packages/fastapi/testclient.py:1
  /Users/quanyiming/Projects/CoastMAS/.venv/lib/python3.12/site-packages/fastapi/testclient.py:1: StarletteDeprecationWarning: Using `httpx` with `starlette.testclient` is deprecated; install `httpx2` instead.
    from starlette.testclient import TestClient as TestClient  # noqa

.venv/lib/python3.12/site-packages/starlette/testclient.py:53
  /Users/quanyiming/Projects/CoastMAS/.venv/lib/python3.12/site-packages/starlette/testclient.py:53: DeprecationWarning: The anyio.abc.BlockingPortal alias is deprecated, use anyio.from_thread.BlockingPortal instead.
    _PortalFactoryType = Callable[[], AbstractContextManager[anyio.abc.BlockingPortal]]

-- Docs: https://docs.pytest.org/en/stable/how-to/capture-warnings.html
=========================== short test summary info ============================
FAILED tests/integration/test_workspace_api.py::test_builtin_enable_lifecycle_preserves_existing_runtime_evidence
1 failed, 3 deselected, 2 warnings in 2.69s
