
> coastmas-web@0.1.0 e2e
> playwright test


Running 1 test using 1 worker

(node:88611) Warning: The 'NO_COLOR' env is ignored due to the 'FORCE_COLOR' env being set.
(Use `node --trace-warnings ...` to show where the warning was created)


[1/1] e2e/workspace.spec.ts:9:1 › real session, seeded catalog, deep link and logout
  1) e2e/workspace.spec.ts:9:1 › real session, seeded catalog, deep link and logout ────────────────

    Error: browserType.launch: Executable doesn't exist at /Users/quanyiming/Library/Caches/ms-playwright/chromium_headless_shell-1243/chrome-headless-shell-mac-arm64/chrome-headless-shell
    ╔════════════════════════════════════════════════════════════╗
    ║ Looks like Playwright was just installed or updated.       ║
    ║ Please run the following command to download new browsers: ║
    ║                                                            ║
    ║     npx playwright install                                 ║
    ║                                                            ║
    ║ <3 Playwright Team                                         ║
    ╚════════════════════════════════════════════════════════════╝

    Error Context: ../../artifacts/runtime/playwright/workspace-real-session-seeded-catalog-deep-link-and-logout/error-context.md

    attachment #2: trace (application/zip) ─────────────────────────────────────────────────────────
    ../../artifacts/runtime/playwright/workspace-real-session-seeded-catalog-deep-link-and-logout/trace.zip
    Usage:

        npx playwright show-trace ../../artifacts/runtime/playwright/workspace-real-session-seeded-catalog-deep-link-and-logout/trace.zip

    ────────────────────────────────────────────────────────────────────────────────────────────────


  1 failed
    e2e/workspace.spec.ts:9:1 › real session, seeded catalog, deep link and logout ─────────────────
