
> coastmas-web@0.1.0 e2e
> playwright test


Running 11 tests using 1 worker

(node:30996) Warning: The 'NO_COLOR' env is ignored due to the 'FORCE_COLOR' env being set.
(Use `node --trace-warnings ...` to show where the warning was created)


[1/11] e2e/entities.spec.ts:5:1 › geographic entities persist revisions and render actual geometry
[2/11] e2e/execution.spec.ts:5:1 › browser preflight -> Redis worker -> immutable coastal result
[3/11] e2e/knowledge-graph.spec.ts:5:1 › knowledge graph explores real model data and candidate downstream evidence
[4/11] e2e/planner.spec.ts:4:1 › deterministic planning resolves explicit data ambiguity without external calls
[5/11] e2e/scene-workspace.spec.ts:28:1 › map drawing, AOI upload, pinned entities/data, coverage and immutable scene revisions
[6/11] e2e/scene-workspace.spec.ts:168:1 › saved scene copy preflights and executes the actual pinned coastal workflow
  1) e2e/scene-workspace.spec.ts:168:1 › saved scene copy preflights and executes the actual pinned coastal workflow 

    Error: expect(locator).toBeEnabled() failed

    Locator:  getByRole('button', { name: '下一页地理实体', exact: true })
    Expected: enabled
    Received: disabled
    Timeout:  5000ms

    Call log:
      - Expect "toBeEnabled" getByRole('button', { name: '下一页地理实体', exact: true }) with timeout 5000ms
      - waiting for getByRole('button', { name: '下一页地理实体', exact: true })
        14 × locator resolved to <button disabled class="secondary">下一页地理实体</button>
           - unexpected value "disabled"


      235 |       exact: true,
      236 |     });
    > 237 |     await expect(next).toBeEnabled();
          |                        ^
      238 |     const loaded = page.waitForResponse((response) =>
      239 |       response.url().includes("/api/v1/entities?"),
      240 |     );
        at /Users/quanyiming/Projects/CoastMAS/apps/web/e2e/scene-workspace.spec.ts:237:24

    attachment #1: screenshot (image/png) ──────────────────────────────────────────────────────────
    ../../artifacts/runtime/playwright/scene-workspace-saved-scen-5ca83-ual-pinned-coastal-workflow/test-failed-1.png
    ────────────────────────────────────────────────────────────────────────────────────────────────

    Error Context: ../../artifacts/runtime/playwright/scene-workspace-saved-scen-5ca83-ual-pinned-coastal-workflow/error-context.md

    attachment #3: trace (application/zip) ─────────────────────────────────────────────────────────
    ../../artifacts/runtime/playwright/scene-workspace-saved-scen-5ca83-ual-pinned-coastal-workflow/trace.zip
    Usage:

        npx playwright show-trace ../../artifacts/runtime/playwright/scene-workspace-saved-scen-5ca83-ual-pinned-coastal-workflow/trace.zip

    ────────────────────────────────────────────────────────────────────────────────────────────────


(node:31058) Warning: The 'NO_COLOR' env is ignored due to the 'FORCE_COLOR' env being set.
(Use `node --trace-warnings ...` to show where the warning was created)


[7/11] e2e/scene-workspace.spec.ts:330:1 › actual temporal assessment exposes aligned period selection and numeric time series
[8/11] e2e/scene-workspace.spec.ts:402:1 › compares real baseline and raised sea-level results without overwriting either
[9/11] e2e/workflow-editor.spec.ts:28:1 › create a real draft with model drag, ports, explicit parameters and blocked scientific preflight
[10/11] e2e/workflow-editor.spec.ts:139:1 › copy, revise and run a pinned workflow through actual worker and result storage
[11/11] e2e/workspace.spec.ts:9:1 › real session, seeded catalog, deep link and logout
  2) e2e/workspace.spec.ts:9:1 › real session, seeded catalog, deep link and logout ────────────────

    Error: expect(locator).toHaveCount(expected) failed

    Locator:  locator('tbody tr')
    Expected: 3
    Received: 12
    Timeout:  5000ms

    Call log:
      - Expect "toHaveCount" locator('tbody tr') with timeout 5000ms
      - waiting for locator('tbody tr')
        - locator resolved to 11 elements
        - unexpected value "11"
        - locator resolved to 0 elements
        - unexpected value "0"
        12 × locator resolved to 12 elements
           - unexpected value "12"


      54 |     .getByRole("link", { name: "场景空间" })
      55 |     .click();
    > 56 |   await expect(page.locator("tbody tr")).toHaveCount(3);
         |                                          ^
      57 |   await page
      58 |     .getByRole("navigation")
      59 |     .getByRole("link", { name: "工作流", exact: true })
        at /Users/quanyiming/Projects/CoastMAS/apps/web/e2e/workspace.spec.ts:56:42

    attachment #1: screenshot (image/png) ──────────────────────────────────────────────────────────
    ../../artifacts/runtime/playwright/workspace-real-session-seeded-catalog-deep-link-and-logout/test-failed-1.png
    ────────────────────────────────────────────────────────────────────────────────────────────────

    Error Context: ../../artifacts/runtime/playwright/workspace-real-session-seeded-catalog-deep-link-and-logout/error-context.md

    attachment #3: trace (application/zip) ─────────────────────────────────────────────────────────
    ../../artifacts/runtime/playwright/workspace-real-session-seeded-catalog-deep-link-and-logout/trace.zip
    Usage:

        npx playwright show-trace ../../artifacts/runtime/playwright/workspace-real-session-seeded-catalog-deep-link-and-logout/trace.zip

    ────────────────────────────────────────────────────────────────────────────────────────────────


  2 failed
    e2e/scene-workspace.spec.ts:168:1 › saved scene copy preflights and executes the actual pinned coastal workflow 
    e2e/workspace.spec.ts:9:1 › real session, seeded catalog, deep link and logout ─────────────────
  9 passed (1.3m)
