All checks passed!
Success: no issues found in 73 source files

> coastmas-web@0.1.0 lint
> eslint src


> coastmas-web@0.1.0 test
> vitest run


 RUN  v5.0.1 /Users/quanyiming/Projects/CoastMAS/apps/web


 Test Files  13 passed (13)
      Tests  26 passed (26)
   Start at  23:58:43
   Duration  2.13s (environment 65%, tests 10%, import 9%, transform 8%, setup 7%)

Environment  jsdom was created 13 times · 9.91s total, 65% of tracked time
             create it once per worker with pool: 'vmThreads' (keeps per-file isolation) or isolate: false (shares it across files)
             learn more: https://vitest.dev/guide/improving-performance#test-environments


> coastmas-web@0.1.0 build
> tsc --noEmit && vite build

src/ManagementResults.map.test.tsx(67,63): error TS2769: No overload matches this call.
  Overload 1 of 2, '(role: ByRoleMatcher, options?: ByRoleOptions | undefined): HTMLElement', gave the following error.
    Object literal may only specify known properties, and 'exact' does not exist in type 'ByRoleOptions'.
  Overload 2 of 2, '(role: ByRoleMatcher, options?: ByRoleOptions | undefined): HTMLElement', gave the following error.
    Object literal may only specify known properties, and 'exact' does not exist in type 'ByRoleOptions'.
src/ManagementResults.map.test.tsx(82,49): error TS2769: No overload matches this call.
  Overload 1 of 2, '(role: ByRoleMatcher, options?: ByRoleOptions | undefined): HTMLElement', gave the following error.
    Object literal may only specify known properties, and 'exact' does not exist in type 'ByRoleOptions'.
  Overload 2 of 2, '(role: ByRoleMatcher, options?: ByRoleOptions | undefined): HTMLElement', gave the following error.
    Object literal may only specify known properties, and 'exact' does not exist in type 'ByRoleOptions'.
src/ManagementResults.map.test.tsx(85,49): error TS2769: No overload matches this call.
  Overload 1 of 2, '(role: ByRoleMatcher, options?: ByRoleOptions | undefined): HTMLElement', gave the following error.
    Object literal may only specify known properties, and 'exact' does not exist in type 'ByRoleOptions'.
  Overload 2 of 2, '(role: ByRoleMatcher, options?: ByRoleOptions | undefined): HTMLElement', gave the following error.
    Object literal may only specify known properties, and 'exact' does not exist in type 'ByRoleOptions'.
