.....F                                                                   [100%]
=================================== FAILURES ===================================
___________ test_permission_revocation_invalidates_cached_membership ___________

engine = Engine(postgresql+psycopg://coastmas:***@127.0.0.1:55432/coastmas_test_04b27b75c4dd4dfab6d4f65772f8215e)
actors = ('f0fbdac6-d3e1-4dd6-9bc6-be4a0956d0d7', '386fbe25-a876-43f4-b201-1b42b59d3265', '27f29f6e-1881-45a6-b05e-5908202836ee', 'b761755e-ce29-4d06-b4b2-016e2df6257b')

    def test_permission_revocation_invalidates_cached_membership(engine,actors):
        from sqlalchemy import delete
        from coastmas.persistence.resources import require_permission
        from coastmas.persistence.schema import Membership
        user,_,_,project=actors
        with Session(engine) as stale:
            held=stale.get(Membership,(project,user))
            assert held.role=="RESEARCHER"
            with Session(engine) as fresh,fresh.begin():
                fresh.execute(delete(Membership).where(Membership.project_id==project,Membership.user_id==user))
>           with pytest.raises(CoastMASError,match="permission"):
                 ^^^^^^^^^^^^^^^^^^^^^^^^^^^^^^^^^^^^^^^^^^^^^^^
E           Failed: DID NOT RAISE CoastMASError

tests/integration/test_resource_lifecycle.py:203: Failed
=============================== warnings summary ===============================
.venv/lib/python3.12/site-packages/fastapi/testclient.py:1
  /Users/quanyiming/Projects/CoastMAS/.venv/lib/python3.12/site-packages/fastapi/testclient.py:1: StarletteDeprecationWarning: Using `httpx` with `starlette.testclient` is deprecated; install `httpx2` instead.
    from starlette.testclient import TestClient as TestClient  # noqa

.venv/lib/python3.12/site-packages/starlette/testclient.py:53
  /Users/quanyiming/Projects/CoastMAS/.venv/lib/python3.12/site-packages/starlette/testclient.py:53: DeprecationWarning: The anyio.abc.BlockingPortal alias is deprecated, use anyio.from_thread.BlockingPortal instead.
    _PortalFactoryType = Callable[[], AbstractContextManager[anyio.abc.BlockingPortal]]

-- Docs: https://docs.pytest.org/en/stable/how-to/capture-warnings.html
=========================== short test summary info ============================
FAILED tests/integration/test_resource_lifecycle.py::test_permission_revocation_invalidates_cached_membership
1 failed, 5 passed, 2 warnings in 2.64s
