
> coastmas-web@0.1.0 typecheck
> tsc --noEmit


> coastmas-web@0.1.0 lint
> eslint src


> coastmas-web@0.1.0 test
> vitest run


 RUN  v5.0.1 /Users/quanyiming/Projects/CoastMAS/apps/web


 Test Files  17 passed (17)
      Tests  34 passed (34)
   Start at  00:52:00
   Duration  3.55s (environment 64%, tests 11%, import 9%, transform 8%, setup 7%)

Environment  jsdom was created 17 times · 17.59s total, 64% of tracked time
             create it once per worker with pool: 'vmThreads' (keeps per-file isolation) or isolate: false (shares it across files)
             learn more: https://vitest.dev/guide/improving-performance#test-environments


> coastmas-web@0.1.0 build
> tsc --noEmit && vite build

vite v8.3.0 building client environment for production...
transforming...
✓ 1040 modules transformed.
rendering chunks...
computing gzip size...
dist/index.html                                 0.51 kB │ gzip:   0.36 kB
dist/assets/maplibre-gl-worker-CNLXcz58.js    508.48 kB
dist/assets/index-BYO2DhKI.css                  9.48 kB │ gzip:   2.94 kB
dist/assets/style-DLioOiRN.css                 15.41 kB │ gzip:   2.56 kB
dist/assets/GeoMap-CKRTiAqP.css                82.86 kB │ gzip:  10.71 kB
dist/assets/result-data-BqvFGdap.js             1.11 kB │ gzip:   0.52 kB
dist/assets/model-editor-CzrOGFR8.js            1.23 kB │ gzip:   0.57 kB
dist/assets/CoastalStatistics-DVO6bvp6.js       1.86 kB │ gzip:   0.76 kB
dist/assets/WorkflowGraph-C6kaZpfF.js           2.15 kB │ gzip:   1.09 kB
dist/assets/Dashboard-Dv5PikBj.js               2.40 kB │ gzip:   1.25 kB
dist/assets/useQueries-XgCI3_zT.js              3.45 kB │ gzip:   1.49 kB
dist/assets/Runs-_zWRE5oO.js                    3.51 kB │ gzip:   1.51 kB
dist/assets/Workflow-BKvzkis6.js                3.61 kB │ gzip:   1.78 kB
dist/assets/AssessmentResults-LPEYGYM3.js       4.08 kB │ gzip:   1.77 kB
dist/assets/GeoMap-B7IDANlf.js                  4.10 kB │ gzip:   2.03 kB
dist/assets/ScientificFields-pau_tTZe.js        4.35 kB │ gzip:   1.89 kB
dist/assets/ResultComparison-CS-vWJVn.js        5.12 kB │ gzip:   2.24 kB
dist/assets/ModelDecomposer-CJ5b3mbQ.js         6.43 kB │ gzip:   2.95 kB
dist/assets/Catalog-CLbp0a8J.js                 6.55 kB │ gzip:   2.62 kB
dist/assets/KnowledgeGraph-CIryp2uV.js          6.86 kB │ gzip:   3.08 kB
dist/assets/Entities-BoSLdSfa.js                7.01 kB │ gzip:   2.99 kB
dist/assets/ModelEditor-eiltWJ3B.js             7.64 kB │ gzip:   3.13 kB
dist/assets/Planner-Dr13bHqu.js                 8.25 kB │ gzip:   3.53 kB
dist/assets/jsx-runtime-Bzw2jH9X.js             9.08 kB │ gzip:   3.46 kB
dist/assets/Results-DeMe5VZ2.js                10.39 kB │ gzip:   3.86 kB
dist/assets/WorkflowEditor-BQqJHar-.js         13.59 kB │ gzip:   5.18 kB
dist/assets/SceneWorkspace-CiEcccHV.js         14.35 kB │ gzip:   5.29 kB
dist/assets/style-CheV-tva.js                 177.72 kB │ gzip:  57.32 kB
dist/assets/contracts-Cj3oNlx0.js             182.56 kB │ gzip:  47.56 kB
dist/assets/index-BebzQIn6.js                 393.38 kB │ gzip: 120.68 kB
dist/assets/Chart-mWtf9huH.js                 541.89 kB │ gzip: 184.40 kB
dist/assets/maplibre-gl-DdwH8xhJ.js         1,018.88 kB │ gzip: 274.90 kB

[plugin builtin:vite-reporter] 
(!) Some chunks are larger than 500 kB after minification. Consider:
- Using dynamic import() to code-split the application
- Use build.rolldownOptions.output.codeSplitting to improve chunking: https://rolldown.rs/reference/OutputOptions.codeSplitting
- Adjust chunk size limit for this warning via build.chunkSizeWarningLimit.
✓ built in 275ms
