
> coastmas-web@0.1.0 test
> vitest run temporal-editor.test.ts


 RUN  v5.0.1 /Users/quanyiming/Projects/CoastMAS/apps/web

 ❯ src/temporal-editor.test.ts (0 test)

⎯⎯⎯⎯⎯⎯ Failed Suites 1 ⎯⎯⎯⎯⎯⎯⎯

 FAIL  src/temporal-editor.test.ts [ src/temporal-editor.test.ts ]
Error: Failed to resolve import "./temporal-editor" from "src/temporal-editor.test.ts". Does the file exist?
  Plugin: vite:import-analysis
  File: /Users/quanyiming/Projects/CoastMAS/apps/web/src/temporal-editor.test.ts:2:33
  1  |  import { describe, expect, it } from "vitest";
  2  |  import { observationValue } from "./temporal-editor";
     |                                    ^
  3  |  describe("temporal observation entry", () => {
  4  |  	it("preserves unknown values separately from a real zero", () => {
 ❯ TransformPluginContext._formatLog node_modules/vite/dist/node/chunks/node.js:8393:39
 ❯ TransformPluginContext.error node_modules/vite/dist/node/chunks/node.js:8390:14
 ❯ normalizeUrl node_modules/vite/dist/node/chunks/node.js:26058:18
 ❯ node_modules/vite/dist/node/chunks/node.js:26128:30
 ❯ TransformPluginContext.transform node_modules/vite/dist/node/chunks/node.js:26094:4
 ❯ EnvironmentPluginContainer.transform node_modules/vite/dist/node/chunks/node.js:8172:14
 ❯ loadAndTransform node_modules/vite/dist/node/chunks/node.js:19634:26

⎯⎯⎯⎯⎯⎯⎯⎯⎯⎯⎯⎯⎯⎯⎯⎯⎯⎯⎯⎯⎯⎯⎯⎯[1/1]⎯


 Test Files  1 failed (1)
      Tests  no tests
   Start at  15:23:07
   Duration  550ms (environment 86%, setup 11%, transform 2%, worker 1%)

