
> coastmas-web@0.1.0 typecheck
> tsc --noEmit


> coastmas-web@0.1.0 lint
> eslint src


> coastmas-web@0.1.0 test
> vitest run


 RUN  v5.0.1 /Users/quanyiming/Projects/CoastMAS/apps/web


 Test Files  19 passed (19)
      Tests  40 passed (40)
   Start at  09:51:37
   Duration  2.40s (environment 56%, import 15%, tests 13%, transform 8%, setup 8%, worker 1%)

Environment  jsdom was created 19 times · 9.48s total, 56% of tracked time
             create it once per worker with pool: 'vmThreads' (keeps per-file isolation) or isolate: false (shares it across files)
             learn more: https://vitest.dev/guide/improving-performance#test-environments


> coastmas-web@0.1.0 build
> tsc --noEmit && vite build

vite v8.3.0 building client environment for production...
transforming...
✓ 1045 modules transformed.
rendering chunks...
computing gzip size...
dist/index.html                                 0.51 kB │ gzip:   0.36 kB
dist/assets/maplibre-gl-worker-CNLXcz58.js    508.48 kB
dist/assets/index-BYO2DhKI.css                  9.48 kB │ gzip:   2.94 kB
dist/assets/style-DLioOiRN.css                 15.41 kB │ gzip:   2.56 kB
dist/assets/GeoMap-CKRTiAqP.css                82.86 kB │ gzip:  10.71 kB
dist/assets/result-data-DDxvhK4c.js             1.11 kB │ gzip:   0.51 kB
dist/assets/model-editor-C2SoMbko.js            1.23 kB │ gzip:   0.57 kB
dist/assets/CoastalStatistics-DVO6bvp6.js       1.86 kB │ gzip:   0.76 kB
dist/assets/WorkflowGraph-hMqIaGT2.js           2.15 kB │ gzip:   1.09 kB
dist/assets/Dashboard-B1zuI-I1.js               2.40 kB │ gzip:   1.25 kB
dist/assets/DataMetadataForm-YL2cuIsp.js        2.85 kB │ gzip:   1.37 kB
dist/assets/useQueries-D6C11Zha.js              3.45 kB │ gzip:   1.49 kB
dist/assets/Runs-fLA-8bjB.js                    3.51 kB │ gzip:   1.51 kB
dist/assets/Workflow-Bpgrz94J.js                3.62 kB │ gzip:   1.78 kB
dist/assets/AssessmentResults-R2jYnDTb.js       4.07 kB │ gzip:   1.77 kB
dist/assets/GeoMap-DBIneSZR.js                  4.10 kB │ gzip:   2.03 kB
dist/assets/ScientificFields-BuaRt1ut.js        4.49 kB │ gzip:   1.96 kB
dist/assets/ResultComparison-nn36rl9e.js        5.12 kB │ gzip:   2.24 kB
dist/assets/ModelDecomposer-DVodJM62.js         6.43 kB │ gzip:   2.95 kB
dist/assets/DataWorkspace-XOiEXld4.js           6.53 kB │ gzip:   2.86 kB
dist/assets/KnowledgeGraph-C8PzzcE9.js          6.86 kB │ gzip:   3.09 kB
dist/assets/Entities-D1wt20pm.js                7.01 kB │ gzip:   2.99 kB
dist/assets/DataSources-NSUY4NBA.js             7.33 kB │ gzip:   2.92 kB
dist/assets/ModelEditor-Bj0ryZid.js             7.64 kB │ gzip:   3.13 kB
dist/assets/Catalog-Cf9dlghP.js                 8.00 kB │ gzip:   2.92 kB
dist/assets/Planner-DCW3TFR0.js                 8.25 kB │ gzip:   3.54 kB
dist/assets/jsx-runtime-Bzw2jH9X.js             9.08 kB │ gzip:   3.46 kB
dist/assets/Results-C15DPhg6.js                10.39 kB │ gzip:   3.86 kB
dist/assets/WorkflowEditor-BNYvCcn1.js         13.60 kB │ gzip:   5.18 kB
dist/assets/SceneWorkspace-Bj93wKsj.js         14.35 kB │ gzip:   5.29 kB
dist/assets/style-DdTbVdqJ.js                 177.72 kB │ gzip:  57.32 kB
dist/assets/contracts-CSBsyuvX.js             185.46 kB │ gzip:  47.83 kB
dist/assets/index-CV9r3E8V.js                 395.10 kB │ gzip: 121.11 kB
dist/assets/Chart-mWtf9huH.js                 541.89 kB │ gzip: 184.40 kB
dist/assets/maplibre-gl-DdwH8xhJ.js         1,018.88 kB │ gzip: 274.90 kB

[plugin builtin:vite-reporter] 
(!) Some chunks are larger than 500 kB after minification. Consider:
- Using dynamic import() to code-split the application
- Use build.rolldownOptions.output.codeSplitting to improve chunking: https://rolldown.rs/reference/OutputOptions.codeSplitting
- Adjust chunk size limit for this warning via build.chunkSizeWarningLimit.
✓ built in 287ms
