
> coastmas-web@0.1.0 build
> tsc --noEmit && vite build

vite v8.3.0 building client environment for production...
transforming...
✓ 1020 modules transformed.
rendering chunks...
computing gzip size...
dist/index.html                                 0.51 kB │ gzip:   0.36 kB
dist/assets/maplibre-gl-worker-CNLXcz58.js    508.48 kB
dist/assets/index-B8nLvA4x.css                  7.95 kB │ gzip:   2.59 kB
dist/assets/WorkflowGraph-DLioOiRN.css         15.41 kB │ gzip:   2.56 kB
dist/assets/GeoMap-CKRTiAqP.css                82.86 kB │ gzip:  10.71 kB
dist/assets/GeoMap-LjcentBa.js                  2.01 kB │ gzip:   1.17 kB
dist/assets/Dashboard-DBKmUaUJ.js               2.40 kB │ gzip:   1.25 kB
dist/assets/Runs-xUqnEcXV.js                    3.51 kB │ gzip:   1.51 kB
dist/assets/Workflow-CoBG_YPd.js                3.51 kB │ gzip:   1.74 kB
dist/assets/Catalog-DO6RlQnp.js                 4.38 kB │ gzip:   1.95 kB
dist/assets/Results-CbIV-jbz.js                 6.17 kB │ gzip:   2.32 kB
dist/assets/Planner-BGlu3zy5.js                 8.22 kB │ gzip:   3.53 kB
dist/assets/jsx-runtime-Bzw2jH9X.js             9.08 kB │ gzip:   3.46 kB
dist/assets/contracts-CNiSdL_5.js             170.60 kB │ gzip:  45.84 kB
dist/assets/WorkflowGraph-D_gdNRCC.js         179.65 kB │ gzip:  58.12 kB
dist/assets/index-QEgdeSl_.js                 390.16 kB │ gzip: 119.63 kB
dist/assets/CoastalStatistics-DUmXmHoH.js     543.54 kB │ gzip: 185.03 kB
dist/assets/maplibre-gl-558Sartg.js         1,018.90 kB │ gzip: 274.91 kB

[plugin builtin:vite-reporter] 
(!) Some chunks are larger than 500 kB after minification. Consider:
- Using dynamic import() to code-split the application
- Use build.rolldownOptions.output.codeSplitting to improve chunking: https://rolldown.rs/reference/OutputOptions.codeSplitting
- Adjust chunk size limit for this warning via build.chunkSizeWarningLimit.
✓ built in 325ms
