
> coastmas-web@0.1.0 test
> vitest run src/data-editor.test.ts


 RUN  v5.0.1 /Users/quanyiming/Projects/CoastMAS/apps/web

 ❯ src/data-editor.test.ts (0 test)

⎯⎯⎯⎯⎯⎯ Failed Suites 1 ⎯⎯⎯⎯⎯⎯⎯

 FAIL  src/data-editor.test.ts [ src/data-editor.test.ts ]
Error: Failed to resolve import "./data-editor" from "src/data-editor.test.ts". Does the file exist?
  Plugin: vite:import-analysis
  File: /Users/quanyiming/Projects/CoastMAS/apps/web/src/data-editor.test.ts:2:47
  1  |  import { expect, it } from "vitest";
  2  |  import { freshData, prepareDataRevision } from "./data-editor";
     |                                                  ^
  3  |  import { contract } from "./contracts";
  4  |  it("starts with unknown scientific metadata and requires explicit provenance", () => {
 ❯ TransformPluginContext._formatLog node_modules/vite/dist/node/chunks/node.js:8393:39
 ❯ TransformPluginContext.error node_modules/vite/dist/node/chunks/node.js:8390:14
 ❯ normalizeUrl node_modules/vite/dist/node/chunks/node.js:26058:18
 ❯ node_modules/vite/dist/node/chunks/node.js:26128:30
 ❯ TransformPluginContext.transform node_modules/vite/dist/node/chunks/node.js:26094:4
 ❯ EnvironmentPluginContainer.transform node_modules/vite/dist/node/chunks/node.js:8172:14
 ❯ loadAndTransform node_modules/vite/dist/node/chunks/node.js:19634:26

⎯⎯⎯⎯⎯⎯⎯⎯⎯⎯⎯⎯⎯⎯⎯⎯⎯⎯⎯⎯⎯⎯⎯⎯[1/1]⎯


 Test Files  1 failed (1)
      Tests  no tests
   Start at  00:57:52
   Duration  599ms (environment 84%, setup 13%, transform 3%, worker 1%)

