
> coastmas-web@0.1.0 test
> vitest run


 RUN  v5.0.1 /Users/quanyiming/Projects/CoastMAS/apps/web


 Test Files  28 passed (28)
      Tests  57 passed (57)
   Start at  16:17:01
   Duration  4.33s (environment 55%, import 17%, tests 15%, setup 6%, transform 6%)

Environment  jsdom was created 28 times · 18.15s total, 55% of tracked time
             create it once per worker with pool: 'vmThreads' (keeps per-file isolation) or isolate: false (shares it across files)
             learn more: https://vitest.dev/guide/improving-performance#test-environments


> coastmas-web@0.1.0 lint
> eslint src


> coastmas-web@0.1.0 build
> tsc --noEmit && vite build

vite v8.3.0 building client environment for production...
transforming...
✓ 2925 modules transformed.
rendering chunks...
computing gzip size...
dist/index.html                                  0.59 kB │ gzip:   0.38 kB
dist/assets/maplibre-gl-worker-CNLXcz58.js     508.48 kB
dist/assets/style-DLioOiRN.css                  15.41 kB │ gzip:   2.56 kB
dist/assets/index-DjCqTjJc.css                  15.52 kB │ gzip:   4.07 kB
dist/assets/GeoMap-CKRTiAqP.css                 82.86 kB │ gzip:  10.71 kB
dist/assets/imagery-BX1L6wYV.js                  0.47 kB │ gzip:   0.34 kB
dist/assets/temporal-editor-Ct4jvUE2.js          0.53 kB │ gzip:   0.37 kB
dist/assets/scientific-labels-DFkRsqrz.js        0.80 kB │ gzip:   0.59 kB
dist/assets/result-data-CClkRXhT.js              1.11 kB │ gzip:   0.52 kB
dist/assets/model-editor-DN41VGcL.js             1.23 kB │ gzip:   0.57 kB
dist/assets/CoastalStatistics-DRYTYbvW.js        1.96 kB │ gzip:   0.78 kB
dist/assets/WorkflowGraph-DMigvNB9.js            2.15 kB │ gzip:   1.09 kB
dist/assets/Dashboard-CpwEB_Ew.js                2.39 kB │ gzip:   1.25 kB
dist/assets/DataMetadataForm-4S31rlgK.js         2.85 kB │ gzip:   1.37 kB
dist/assets/useQueries-BWNups2X.js               3.49 kB │ gzip:   1.51 kB
dist/assets/Runs-BEiLTU63.js                     3.64 kB │ gzip:   1.57 kB
dist/assets/Workflow-KLLZVQJn.js                 4.04 kB │ gzip:   1.93 kB
dist/assets/AssessmentResults-DRPcWfaD.js        4.05 kB │ gzip:   1.77 kB
dist/assets/ScientificFields-BuaRt1ut.js         4.49 kB │ gzip:   1.96 kB
dist/assets/ResultComparison-D-cpblAy.js         5.14 kB │ gzip:   2.24 kB
dist/assets/ModelDecomposer-BQpkdSPI.js          6.40 kB │ gzip:   2.95 kB
dist/assets/TemporalAdaptation-pceyx3PV.js       6.57 kB │ gzip:   2.75 kB
dist/assets/KnowledgeGraph-nbtUva9m.js           6.85 kB │ gzip:   3.08 kB
dist/assets/Entities-qvgEL7kE.js                 7.16 kB │ gzip:   3.03 kB
dist/assets/DataWorkspace-COkPfQJe.js            7.46 kB │ gzip:   3.09 kB
dist/assets/removable-zVvwFZIX.js                7.51 kB │ gzip:   2.95 kB
dist/assets/DataSources-gK6IHK6Z.js              7.52 kB │ gzip:   2.99 kB
dist/assets/AssessmentRecords-LRJJYpWG.js        7.72 kB │ gzip:   2.81 kB
dist/assets/ModelEditor-Bveg-8Pk.js              7.72 kB │ gzip:   3.17 kB
dist/assets/GeoMap-CmqlrxRM.js                   8.10 kB │ gzip:   3.61 kB
dist/assets/Catalog-DCU1loNw.js                  8.11 kB │ gzip:   2.97 kB
dist/assets/Planner-BUpwk1aR.js                  8.25 kB │ gzip:   3.54 kB
dist/assets/Admin-CeFfbjGf.js                    8.82 kB │ gzip:   2.79 kB
dist/assets/jsx-runtime-Bzw2jH9X.js              9.08 kB │ gzip:   3.46 kB
dist/assets/Research-DpH_fR83.js                12.13 kB │ gzip:   4.50 kB
dist/assets/Results-T_Ws8e0n.js                 13.08 kB │ gzip:   4.91 kB
dist/assets/WorkflowEditor-CTmYjs1t.js          13.63 kB │ gzip:   5.20 kB
dist/assets/SceneWorkspace-BAVMPDhu.js          14.96 kB │ gzip:   5.53 kB
dist/assets/Collaboration-CKuDr_yi.js           14.98 kB │ gzip:   4.88 kB
dist/assets/SpatialOptimization-DcYzPo4j.js     15.64 kB │ gzip:   5.28 kB
dist/assets/IndicatorFrameworks-CD7Yg10g.js     15.96 kB │ gzip:   5.22 kB
dist/assets/style-B4sG1bNW.js                  177.72 kB │ gzip:  57.32 kB
dist/assets/contracts-D2RnenEM.js              216.40 kB │ gzip:  51.86 kB
dist/assets/index-CYw3NJt0.js                  405.32 kB │ gzip: 124.78 kB
dist/assets/Chart-mWtf9huH.js                  541.89 kB │ gzip: 184.40 kB
dist/assets/maplibre-gl-DdwH8xhJ.js          1,018.88 kB │ gzip: 274.90 kB

[plugin builtin:vite-reporter] 
(!) Some chunks are larger than 500 kB after minification. Consider:
- Using dynamic import() to code-split the application
- Use build.rolldownOptions.output.codeSplitting to improve chunking: https://rolldown.rs/reference/OutputOptions.codeSplitting
- Adjust chunk size limit for this warning via build.chunkSizeWarningLimit.
✓ built in 399ms
Isolated browser environment ready: coastmas_e2e_bc6d2f4069d149c8bf5300b11e9bb75a

> coastmas-web@0.1.0 e2e
> playwright test --output /Users/quanyiming/Projects/CoastMAS/artifacts/runtime/coastmas_e2e_bc6d2f4069d149c8bf5300b11e9bb75a/playwright ui-consistency.spec.ts


Running 1 test using 1 worker

(node:47957) Warning: The 'NO_COLOR' env is ignored due to the 'FORCE_COLOR' env being set.
(Use `node --trace-warnings ...` to show where the warning was created)


[1/1] e2e/ui-consistency.spec.ts:32:1 › representative UI screenshots and unchanged scientific submission semantics
  1 passed (4.5s)
Isolated resources removed; private logs retained: artifacts/runtime/coastmas_e2e_bc6d2f4069d149c8bf5300b11e9bb75a
