F.                                                                       [100%]
=================================== FAILURES ===================================
____ test_plan_parse_recommend_build_share_artifact_then_run_real_workflow _____

authenticated = (<starlette.testclient.TestClient object at 0x11b2bee40>, 'dKNtQM_QX3xkkiHIpSBVw6EnwKL6SkL-P1VAf20Gdek', '82a7e0f7-7a7e-44e7-b851-2feb7f654234', '49dbdf1b-6c59-4444-836d-bf631abb2f86')
engine = Engine(postgresql+psycopg://coastmas:***@127.0.0.1:55432/coastmas_test_10999d1f4e174a6da3ba5de3b553c368)
actors = ('49dbdf1b-6c59-4444-836d-bf631abb2f86', '6015bc95-2220-4d7b-afeb-220c1983c0ef', 'db753fef-93a3-48dd-bc35-a865cd54a53e', '82a7e0f7-7a7e-44e7-b851-2feb7f654234')
storage = <coastmas.adapters.storage.S3ArtifactStore object at 0x11b28ac90>
tmp_path = PosixPath('/private/var/folders/28/dvzgw6td6ws6bfjb1g55hd_c0000gn/T/pytest-of-quanyiming/pytest-124/test_plan_parse_recommend_buil0')

    def test_plan_parse_recommend_build_share_artifact_then_run_real_workflow(
        authenticated,
        engine,
        actors,
        storage,
        tmp_path,
    ):
        client, csrf, project, _ = authenticated
        catalog, data, context = prepare(engine, actors, storage, client)
        headers = {"X-CSRF-Token": csrf, "Idempotency-Key": uuid4().hex}
        request = {
            "project_id": project,
            "scene": {"id": context.id, "version": 1},
            "goal": "可持续性评价：等权综合评价",
            "allow_external": False,
        }
        response = client.post("/api/v1/plans", headers=headers, json=request)
        assert response.status_code == 201, response.text
        plan = response.json()
        identifier = plan["id"]
        assert plan["artifact"]["candidate_workflow"]
        assert plan["reserved_requests"] == 0
        assert client.post("/api/v1/plans", headers=headers, json=request).json()["id"] == identifier
        for operation in ("parse", "recommend", "build-workflow"):
            result = client.post(f"/api/v1/plans/{identifier}/{operation}", headers=headers)
            assert result.status_code == 200, result.text
            assert result.json()["artifact"] == plan["artifact"]
            assert result.json()["reserved_requests"] == 0
        saved = client.post(f"/api/v1/plans/{identifier}/workflow", headers=headers)
        assert saved.status_code == 201, saved.text
        workflow_id = saved.json()["id"]
        assert (
            client.post(f"/api/v1/plans/{identifier}/workflow", headers=headers).json()["id"]
            == workflow_id
        )
        run = client.post(
            f"/api/v1/workflows/{workflow_id}/run",
            headers=headers,
            json={
                "workflow_version": 1,
                "scene_id": context.id,
                "scene_version": 1,
            },
        )
        assert run.status_code == 202, run.text
        worker = WorkflowWorker(engine, catalog.registry, storage, work_root=tmp_path)
        worker.run(run.json()["id"])
        assert client.get("/api/v1/jobs/" + run.json()["id"]).json()["status"] == "SUCCEEDED"
        result_id = client.get("/api/v1/results", params={"project_id": project}).json()[0]["id"]
        values = client.get(f"/api/v1/results/{result_id}/content").json()["outputs"][
            "composite.scores"
        ]["values"][0]
>       assert values == [0.2, 0.4, 0.6, 0.8]
E       assert [0.1999999999...0.4, 0.6, 0.8] == [0.2, 0.4, 0.6, 0.8]
E         
E         At index 0 diff: 0.19999999999999998 != 0.2
E         Use -v to get more diff

tests/integration/test_planning_api.py:103: AssertionError
=============================== warnings summary ===============================
.venv/lib/python3.12/site-packages/fastapi/testclient.py:1
  /Users/quanyiming/Projects/CoastMAS/.venv/lib/python3.12/site-packages/fastapi/testclient.py:1: StarletteDeprecationWarning: Using `httpx` with `starlette.testclient` is deprecated; install `httpx2` instead.
    from starlette.testclient import TestClient as TestClient  # noqa

.venv/lib/python3.12/site-packages/starlette/testclient.py:53
  /Users/quanyiming/Projects/CoastMAS/.venv/lib/python3.12/site-packages/starlette/testclient.py:53: DeprecationWarning: The anyio.abc.BlockingPortal alias is deprecated, use anyio.from_thread.BlockingPortal instead.
    _PortalFactoryType = Callable[[], AbstractContextManager[anyio.abc.BlockingPortal]]

-- Docs: https://docs.pytest.org/en/stable/how-to/capture-warnings.html
=========================== short test summary info ============================
FAILED tests/integration/test_planning_api.py::test_plan_parse_recommend_build_share_artifact_then_run_real_workflow
1 failed, 1 passed, 2 warnings in 7.49s
