...............EFEE                                                      [100%]
==================================== ERRORS ====================================
_ ERROR at teardown of test_running_worker_stops_on_cancel_or_permission_revocation[revoke] _

    @pytest.fixture
    def storage():
        settings = local_storage_settings()
        bucket = "coastmas-test-" + uuid4().hex
        store = S3ArtifactStore(settings, bucket=bucket)
        store.ensure_bucket()
        yield store
        client = boto3.client(
            "s3",
            endpoint_url=settings.endpoint,
            aws_access_key_id=settings.access_key,
            aws_secret_access_key=settings.secret_key,
            region_name="us-east-1",
        )
>       response = client.list_objects_v2(Bucket=bucket)
                   ^^^^^^^^^^^^^^^^^^^^^^^^^^^^^^^^^^^^^

tests/integration/conftest.py:92: 
_ _ _ _ _ _ _ _ _ _ _ _ _ _ _ _ _ _ _ _ _ _ _ _ _ _ _ _ _ _ _ _ _ _ _ _ _ _ _ _ 
.venv/lib/python3.12/site-packages/botocore/client.py:606: in _api_call
    return self._make_api_call(operation_name, kwargs)
           ^^^^^^^^^^^^^^^^^^^^^^^^^^^^^^^^^^^^^^^^^^^
.venv/lib/python3.12/site-packages/botocore/context.py:123: in wrapper
    return func(*args, **kwargs)
           ^^^^^^^^^^^^^^^^^^^^^
_ _ _ _ _ _ _ _ _ _ _ _ _ _ _ _ _ _ _ _ _ _ _ _ _ _ _ _ _ _ _ _ _ _ _ _ _ _ _ _ 

self = <botocore.client.S3 object at 0x11c291af0>
operation_name = 'ListObjectsV2'
api_params = {'Bucket': 'coastmas-test-3f74bacb1a0a44f88d0541401fb155e6', 'EncodingType': 'url'}

    @with_current_context()
    def _make_api_call(self, operation_name, api_params):
        operation_model = self._service_model.operation_model(operation_name)
        service_name = self._service_model.service_name
        history_recorder.record(
            'API_CALL',
            {
                'service': service_name,
                'operation': operation_name,
                'params': api_params,
            },
        )
        if operation_model.deprecated:
            logger.debug(
                'Warning: %s.%s() is deprecated', service_name, operation_name
            )
        # If the operation has the `auth` property and the client has a
        # configured auth scheme preference, use both to compute the
        # auth type. Otherwise, fallback to auth/auth_type resolution.
        if operation_model.auth and self.meta.config.auth_scheme_preference:
            preferred_schemes = self.meta.config.auth_scheme_preference.split(
                ','
            )
            auth_type = resolve_auth_scheme_preference(
                preferred_schemes, operation_model.auth
            )
        else:
            auth_type = operation_model.resolved_auth_type
        request_context = {
            'client_region': self.meta.region_name,
            'client_config': self.meta.config,
            'has_streaming_input': operation_model.has_streaming_input,
            'auth_type': auth_type,
            'unsigned_payload': operation_model.unsigned_payload,
            'auth_options': self._service_model.metadata.get('auth'),
        }
    
        api_params = self._emit_api_params(
            api_params=api_params,
            operation_model=operation_model,
            context=request_context,
        )
        (
            endpoint_url,
            additional_headers,
            properties,
        ) = self._resolve_endpoint_ruleset(
            operation_model, api_params, request_context
        )
        if properties:
            # Pass arbitrary endpoint info with the Request
            # for use during construction.
            request_context['endpoint_properties'] = properties
        request_dict = self._convert_to_request_dict(
            api_params=api_params,
            operation_model=operation_model,
            endpoint_url=endpoint_url,
            context=request_context,
            headers=additional_headers,
        )
        resolve_checksum_context(request_dict, operation_model, api_params)
    
        service_id = self._service_model.service_id.hyphenize()
        handler, event_response = self.meta.events.emit_until_response(
            f'before-call.{service_id}.{operation_name}',
            model=operation_model,
            params=request_dict,
            request_signer=self._request_signer,
            context=request_context,
        )
    
        if event_response is not None:
            http, parsed_response = event_response
        else:
            maybe_compress_request(
                self.meta.config, request_dict, operation_model
            )
            apply_request_checksum(request_dict)
            http, parsed_response = self._make_request(
                operation_model, request_dict, request_context
            )
    
        self.meta.events.emit(
            f'after-call.{service_id}.{operation_name}',
            http_response=http,
            parsed=parsed_response,
            model=operation_model,
            context=request_context,
        )
    
        if http.status_code >= 300:
            error_info = parsed_response.get("Error", {})
            error_code = request_context.get(
                'error_code_override'
            ) or error_info.get("Code")
            error_class = self.exceptions.from_code(error_code)
>           raise error_class(parsed_response, operation_name)
E           botocore.exceptions.ClientError: An error occurred (SignatureDoesNotMatch) when calling the ListObjectsV2 operation: The request signature we calculated does not match the signature you provided. Check your key and signing method.

.venv/lib/python3.12/site-packages/botocore/client.py:1094: ClientError
----------------------------- Captured stderr call -----------------------------
[2026-09-20 19:27:17,360: ERROR/MainProcess] job_failed job=bf0e2c1f-2434-4866-b2b1-6ef30e4854da exception_type=CoastMASError code=LEASE_ERROR
_ ERROR at teardown of test_manifest_rechecks_cached_resource_lifecycle[enabled-False] _

    @pytest.fixture
    def storage():
        settings = local_storage_settings()
        bucket = "coastmas-test-" + uuid4().hex
        store = S3ArtifactStore(settings, bucket=bucket)
        store.ensure_bucket()
        yield store
        client = boto3.client(
            "s3",
            endpoint_url=settings.endpoint,
            aws_access_key_id=settings.access_key,
            aws_secret_access_key=settings.secret_key,
            region_name="us-east-1",
        )
        response = client.list_objects_v2(Bucket=bucket)
        for item in response.get("Contents", []):
>           client.delete_object(Bucket=bucket, Key=item["Key"])

tests/integration/conftest.py:94: 
_ _ _ _ _ _ _ _ _ _ _ _ _ _ _ _ _ _ _ _ _ _ _ _ _ _ _ _ _ _ _ _ _ _ _ _ _ _ _ _ 
.venv/lib/python3.12/site-packages/botocore/client.py:606: in _api_call
    return self._make_api_call(operation_name, kwargs)
           ^^^^^^^^^^^^^^^^^^^^^^^^^^^^^^^^^^^^^^^^^^^
.venv/lib/python3.12/site-packages/botocore/context.py:123: in wrapper
    return func(*args, **kwargs)
           ^^^^^^^^^^^^^^^^^^^^^
_ _ _ _ _ _ _ _ _ _ _ _ _ _ _ _ _ _ _ _ _ _ _ _ _ _ _ _ _ _ _ _ _ _ _ _ _ _ _ _ 

self = <botocore.client.S3 object at 0x11c339b20>
operation_name = 'DeleteObject'
api_params = {'Bucket': 'coastmas-test-6e23ac2aec4a409c8d9dadbf7ab5932a', 'Key': 'input/height.json'}

    @with_current_context()
    def _make_api_call(self, operation_name, api_params):
        operation_model = self._service_model.operation_model(operation_name)
        service_name = self._service_model.service_name
        history_recorder.record(
            'API_CALL',
            {
                'service': service_name,
                'operation': operation_name,
                'params': api_params,
            },
        )
        if operation_model.deprecated:
            logger.debug(
                'Warning: %s.%s() is deprecated', service_name, operation_name
            )
        # If the operation has the `auth` property and the client has a
        # configured auth scheme preference, use both to compute the
        # auth type. Otherwise, fallback to auth/auth_type resolution.
        if operation_model.auth and self.meta.config.auth_scheme_preference:
            preferred_schemes = self.meta.config.auth_scheme_preference.split(
                ','
            )
            auth_type = resolve_auth_scheme_preference(
                preferred_schemes, operation_model.auth
            )
        else:
            auth_type = operation_model.resolved_auth_type
        request_context = {
            'client_region': self.meta.region_name,
            'client_config': self.meta.config,
            'has_streaming_input': operation_model.has_streaming_input,
            'auth_type': auth_type,
            'unsigned_payload': operation_model.unsigned_payload,
            'auth_options': self._service_model.metadata.get('auth'),
        }
    
        api_params = self._emit_api_params(
            api_params=api_params,
            operation_model=operation_model,
            context=request_context,
        )
        (
            endpoint_url,
            additional_headers,
            properties,
        ) = self._resolve_endpoint_ruleset(
            operation_model, api_params, request_context
        )
        if properties:
            # Pass arbitrary endpoint info with the Request
            # for use during construction.
            request_context['endpoint_properties'] = properties
        request_dict = self._convert_to_request_dict(
            api_params=api_params,
            operation_model=operation_model,
            endpoint_url=endpoint_url,
            context=request_context,
            headers=additional_headers,
        )
        resolve_checksum_context(request_dict, operation_model, api_params)
    
        service_id = self._service_model.service_id.hyphenize()
        handler, event_response = self.meta.events.emit_until_response(
            f'before-call.{service_id}.{operation_name}',
            model=operation_model,
            params=request_dict,
            request_signer=self._request_signer,
            context=request_context,
        )
    
        if event_response is not None:
            http, parsed_response = event_response
        else:
            maybe_compress_request(
                self.meta.config, request_dict, operation_model
            )
            apply_request_checksum(request_dict)
            http, parsed_response = self._make_request(
                operation_model, request_dict, request_context
            )
    
        self.meta.events.emit(
            f'after-call.{service_id}.{operation_name}',
            http_response=http,
            parsed=parsed_response,
            model=operation_model,
            context=request_context,
        )
    
        if http.status_code >= 300:
            error_info = parsed_response.get("Error", {})
            error_code = request_context.get(
                'error_code_override'
            ) or error_info.get("Code")
            error_class = self.exceptions.from_code(error_code)
>           raise error_class(parsed_response, operation_name)
E           botocore.exceptions.ClientError: An error occurred (502) when calling the DeleteObject operation (reached max retries: 4): Bad Gateway

.venv/lib/python3.12/site-packages/botocore/client.py:1094: ClientError
_ ERROR at setup of test_manifest_rechecks_cached_resource_lifecycle[archived-True] _

self = <coastmas.adapters.storage.S3ArtifactStore object at 0x11c378890>

    def ensure_bucket(self) -> None:
        try:
>           self.client.head_bucket(Bucket=self.bucket)

src/coastmas/adapters/storage.py:85: 
_ _ _ _ _ _ _ _ _ _ _ _ _ _ _ _ _ _ _ _ _ _ _ _ _ _ _ _ _ _ _ _ _ _ _ _ _ _ _ _ 
.venv/lib/python3.12/site-packages/botocore/client.py:606: in _api_call
    return self._make_api_call(operation_name, kwargs)
           ^^^^^^^^^^^^^^^^^^^^^^^^^^^^^^^^^^^^^^^^^^^
.venv/lib/python3.12/site-packages/botocore/context.py:123: in wrapper
    return func(*args, **kwargs)
           ^^^^^^^^^^^^^^^^^^^^^
_ _ _ _ _ _ _ _ _ _ _ _ _ _ _ _ _ _ _ _ _ _ _ _ _ _ _ _ _ _ _ _ _ _ _ _ _ _ _ _ 

self = <botocore.client.S3 object at 0x11c313a40>, operation_name = 'HeadBucket'
api_params = {'Bucket': 'coastmas-test-cf3ce06d104e42d69ecf4f3b8a49e2e4'}

    @with_current_context()
    def _make_api_call(self, operation_name, api_params):
        operation_model = self._service_model.operation_model(operation_name)
        service_name = self._service_model.service_name
        history_recorder.record(
            'API_CALL',
            {
                'service': service_name,
                'operation': operation_name,
                'params': api_params,
            },
        )
        if operation_model.deprecated:
            logger.debug(
                'Warning: %s.%s() is deprecated', service_name, operation_name
            )
        # If the operation has the `auth` property and the client has a
        # configured auth scheme preference, use both to compute the
        # auth type. Otherwise, fallback to auth/auth_type resolution.
        if operation_model.auth and self.meta.config.auth_scheme_preference:
            preferred_schemes = self.meta.config.auth_scheme_preference.split(
                ','
            )
            auth_type = resolve_auth_scheme_preference(
                preferred_schemes, operation_model.auth
            )
        else:
            auth_type = operation_model.resolved_auth_type
        request_context = {
            'client_region': self.meta.region_name,
            'client_config': self.meta.config,
            'has_streaming_input': operation_model.has_streaming_input,
            'auth_type': auth_type,
            'unsigned_payload': operation_model.unsigned_payload,
            'auth_options': self._service_model.metadata.get('auth'),
        }
    
        api_params = self._emit_api_params(
            api_params=api_params,
            operation_model=operation_model,
            context=request_context,
        )
        (
            endpoint_url,
            additional_headers,
            properties,
        ) = self._resolve_endpoint_ruleset(
            operation_model, api_params, request_context
        )
        if properties:
            # Pass arbitrary endpoint info with the Request
            # for use during construction.
            request_context['endpoint_properties'] = properties
        request_dict = self._convert_to_request_dict(
            api_params=api_params,
            operation_model=operation_model,
            endpoint_url=endpoint_url,
            context=request_context,
            headers=additional_headers,
        )
        resolve_checksum_context(request_dict, operation_model, api_params)
    
        service_id = self._service_model.service_id.hyphenize()
        handler, event_response = self.meta.events.emit_until_response(
            f'before-call.{service_id}.{operation_name}',
            model=operation_model,
            params=request_dict,
            request_signer=self._request_signer,
            context=request_context,
        )
    
        if event_response is not None:
            http, parsed_response = event_response
        else:
            maybe_compress_request(
                self.meta.config, request_dict, operation_model
            )
            apply_request_checksum(request_dict)
            http, parsed_response = self._make_request(
                operation_model, request_dict, request_context
            )
    
        self.meta.events.emit(
            f'after-call.{service_id}.{operation_name}',
            http_response=http,
            parsed=parsed_response,
            model=operation_model,
            context=request_context,
        )
    
        if http.status_code >= 300:
            error_info = parsed_response.get("Error", {})
            error_code = request_context.get(
                'error_code_override'
            ) or error_info.get("Code")
            error_class = self.exceptions.from_code(error_code)
>           raise error_class(parsed_response, operation_name)
E           botocore.exceptions.ClientError: An error occurred (502) when calling the HeadBucket operation (reached max retries: 4): Bad Gateway

.venv/lib/python3.12/site-packages/botocore/client.py:1094: ClientError

The above exception was the direct cause of the following exception:

    @pytest.fixture
    def storage():
        settings = local_storage_settings()
        bucket = "coastmas-test-" + uuid4().hex
        store = S3ArtifactStore(settings, bucket=bucket)
>       store.ensure_bucket()

tests/integration/conftest.py:83: 
_ _ _ _ _ _ _ _ _ _ _ _ _ _ _ _ _ _ _ _ _ _ _ _ _ _ _ _ _ _ _ _ _ _ _ _ _ _ _ _ 

self = <coastmas.adapters.storage.S3ArtifactStore object at 0x11c378890>

    def ensure_bucket(self) -> None:
        try:
            self.client.head_bucket(Bucket=self.bucket)
        except ClientError as exc:
            if str(exc.response.get("Error", {}).get("Code")) not in {"404", "NoSuchBucket"}:
>               raise CoastMASError(
                    "STORAGE_ERROR", "object storage bucket is unavailable"
                ) from exc
E               coastmas.core.errors.CoastMASError: object storage bucket is unavailable

src/coastmas/adapters/storage.py:88: CoastMASError
=================================== FAILURES ===================================
_______ test_manifest_rechecks_cached_resource_lifecycle[enabled-False] ________

self = <coastmas.adapters.storage.S3ArtifactStore object at 0x11c2803b0>
artifact = ArtifactRecord(bucket='coastmas-test-6e23ac2aec4a409c8d9dadbf7ab5932a', key='input/height.json', sha256='1ea7c4b235222eee109723e4a35bdc227ea54ce4a12797c1b467d76f8da77eee', size=16)

    def read(self, artifact: ArtifactRecord) -> bytes:
        self.validate_key(artifact.key)
        if artifact.bucket != self.bucket or not 0 <= artifact.size <= self.max_bytes:
            raise CoastMASError("STORAGE_ERROR", "artifact scope or size invalid")
        try:
>           response = self.client.get_object(Bucket=self.bucket, Key=artifact.key)
                       ^^^^^^^^^^^^^^^^^^^^^^^^^^^^^^^^^^^^^^^^^^^^^^^^^^^^^^^^^^^^

src/coastmas/adapters/storage.py:129: 
_ _ _ _ _ _ _ _ _ _ _ _ _ _ _ _ _ _ _ _ _ _ _ _ _ _ _ _ _ _ _ _ _ _ _ _ _ _ _ _ 
.venv/lib/python3.12/site-packages/botocore/client.py:606: in _api_call
    return self._make_api_call(operation_name, kwargs)
           ^^^^^^^^^^^^^^^^^^^^^^^^^^^^^^^^^^^^^^^^^^^
.venv/lib/python3.12/site-packages/botocore/context.py:123: in wrapper
    return func(*args, **kwargs)
           ^^^^^^^^^^^^^^^^^^^^^
_ _ _ _ _ _ _ _ _ _ _ _ _ _ _ _ _ _ _ _ _ _ _ _ _ _ _ _ _ _ _ _ _ _ _ _ _ _ _ _ 

self = <botocore.client.S3 object at 0x11c278740>, operation_name = 'GetObject'
api_params = {'Bucket': 'coastmas-test-6e23ac2aec4a409c8d9dadbf7ab5932a', 'Key': 'input/height.json', 'ChecksumMode': 'ENABLED'}

    @with_current_context()
    def _make_api_call(self, operation_name, api_params):
        operation_model = self._service_model.operation_model(operation_name)
        service_name = self._service_model.service_name
        history_recorder.record(
            'API_CALL',
            {
                'service': service_name,
                'operation': operation_name,
                'params': api_params,
            },
        )
        if operation_model.deprecated:
            logger.debug(
                'Warning: %s.%s() is deprecated', service_name, operation_name
            )
        # If the operation has the `auth` property and the client has a
        # configured auth scheme preference, use both to compute the
        # auth type. Otherwise, fallback to auth/auth_type resolution.
        if operation_model.auth and self.meta.config.auth_scheme_preference:
            preferred_schemes = self.meta.config.auth_scheme_preference.split(
                ','
            )
            auth_type = resolve_auth_scheme_preference(
                preferred_schemes, operation_model.auth
            )
        else:
            auth_type = operation_model.resolved_auth_type
        request_context = {
            'client_region': self.meta.region_name,
            'client_config': self.meta.config,
            'has_streaming_input': operation_model.has_streaming_input,
            'auth_type': auth_type,
            'unsigned_payload': operation_model.unsigned_payload,
            'auth_options': self._service_model.metadata.get('auth'),
        }
    
        api_params = self._emit_api_params(
            api_params=api_params,
            operation_model=operation_model,
            context=request_context,
        )
        (
            endpoint_url,
            additional_headers,
            properties,
        ) = self._resolve_endpoint_ruleset(
            operation_model, api_params, request_context
        )
        if properties:
            # Pass arbitrary endpoint info with the Request
            # for use during construction.
            request_context['endpoint_properties'] = properties
        request_dict = self._convert_to_request_dict(
            api_params=api_params,
            operation_model=operation_model,
            endpoint_url=endpoint_url,
            context=request_context,
            headers=additional_headers,
        )
        resolve_checksum_context(request_dict, operation_model, api_params)
    
        service_id = self._service_model.service_id.hyphenize()
        handler, event_response = self.meta.events.emit_until_response(
            f'before-call.{service_id}.{operation_name}',
            model=operation_model,
            params=request_dict,
            request_signer=self._request_signer,
            context=request_context,
        )
    
        if event_response is not None:
            http, parsed_response = event_response
        else:
            maybe_compress_request(
                self.meta.config, request_dict, operation_model
            )
            apply_request_checksum(request_dict)
            http, parsed_response = self._make_request(
                operation_model, request_dict, request_context
            )
    
        self.meta.events.emit(
            f'after-call.{service_id}.{operation_name}',
            http_response=http,
            parsed=parsed_response,
            model=operation_model,
            context=request_context,
        )
    
        if http.status_code >= 300:
            error_info = parsed_response.get("Error", {})
            error_code = request_context.get(
                'error_code_override'
            ) or error_info.get("Code")
            error_class = self.exceptions.from_code(error_code)
>           raise error_class(parsed_response, operation_name)
E           botocore.exceptions.ClientError: An error occurred (SignatureDoesNotMatch) when calling the GetObject operation: The request signature we calculated does not match the signature you provided. Check your key and signing method.

.venv/lib/python3.12/site-packages/botocore/client.py:1094: ClientError

The above exception was the direct cause of the following exception:

engine = Engine(postgresql+psycopg://coastmas:***@127.0.0.1:55432/coastmas_test_b98a01d93c1640a6b2f05fab7f5a84b0)
actors = ('e03c066b-38b5-4528-bab9-8223f6d5259f', '9b8c3415-c799-4a95-8c51-b0635c60e6f5', '29fb8709-6409-422b-abef-aa639e7b4e8f', '68ea04ae-baaf-4300-85e9-e6ac7507e3f6')
storage = <coastmas.adapters.storage.S3ArtifactStore object at 0x11c2803b0>
tmp_path = PosixPath('/private/var/folders/28/dvzgw6td6ws6bfjb1g55hd_c0000gn/T/pytest-of-quanyiming/pytest-133/test_manifest_rechecks_cached_0')
field = 'enabled', value = False

    @pytest.mark.parametrize("field,value", [("enabled", False), ("archived", True)])
    def test_manifest_rechecks_cached_resource_lifecycle(
        engine, actors, storage, tmp_path, field, value
    ):
        from coastmas.core.errors import CoastMASError
        from coastmas.persistence.schema import Resource
    
        def add(inputs, parameters):
            return {"result": [item + parameters["increment"] for item in inputs["height"]]}
    
>       runner, job = prepare_worker(engine, actors, storage, tmp_path, add)
                      ^^^^^^^^^^^^^^^^^^^^^^^^^^^^^^^^^^^^^^^^^^^^^^^^^^^^^^

tests/integration/test_worker.py:184: 
_ _ _ _ _ _ _ _ _ _ _ _ _ _ _ _ _ _ _ _ _ _ _ _ _ _ _ _ _ _ _ _ _ _ _ _ _ _ _ _ 
tests/integration/test_worker.py:24: in prepare_worker
    blob = storage.put("input/height.json", b'{"height":[1,2]}')
           ^^^^^^^^^^^^^^^^^^^^^^^^^^^^^^^^^^^^^^^^^^^^^^^^^^^^^
src/coastmas/adapters/storage.py:121: in put
    self.read(artifact)
_ _ _ _ _ _ _ _ _ _ _ _ _ _ _ _ _ _ _ _ _ _ _ _ _ _ _ _ _ _ _ _ _ _ _ _ _ _ _ _ 

self = <coastmas.adapters.storage.S3ArtifactStore object at 0x11c2803b0>
artifact = ArtifactRecord(bucket='coastmas-test-6e23ac2aec4a409c8d9dadbf7ab5932a', key='input/height.json', sha256='1ea7c4b235222eee109723e4a35bdc227ea54ce4a12797c1b467d76f8da77eee', size=16)

    def read(self, artifact: ArtifactRecord) -> bytes:
        self.validate_key(artifact.key)
        if artifact.bucket != self.bucket or not 0 <= artifact.size <= self.max_bytes:
            raise CoastMASError("STORAGE_ERROR", "artifact scope or size invalid")
        try:
            response = self.client.get_object(Bucket=self.bucket, Key=artifact.key)
        except ClientError as exc:
>           raise CoastMASError("STORAGE_ERROR", "artifact cannot be read") from exc
E           coastmas.core.errors.CoastMASError: artifact cannot be read

src/coastmas/adapters/storage.py:131: CoastMASError
=============================== warnings summary ===============================
.venv/lib/python3.12/site-packages/fastapi/testclient.py:1
  /Users/quanyiming/Projects/CoastMAS/.venv/lib/python3.12/site-packages/fastapi/testclient.py:1: StarletteDeprecationWarning: Using `httpx` with `starlette.testclient` is deprecated; install `httpx2` instead.
    from starlette.testclient import TestClient as TestClient  # noqa

.venv/lib/python3.12/site-packages/starlette/testclient.py:53
  /Users/quanyiming/Projects/CoastMAS/.venv/lib/python3.12/site-packages/starlette/testclient.py:53: DeprecationWarning: The anyio.abc.BlockingPortal alias is deprecated, use anyio.from_thread.BlockingPortal instead.
    _PortalFactoryType = Callable[[], AbstractContextManager[anyio.abc.BlockingPortal]]

-- Docs: https://docs.pytest.org/en/stable/how-to/capture-warnings.html
=========================== short test summary info ============================
FAILED tests/integration/test_worker.py::test_manifest_rechecks_cached_resource_lifecycle[enabled-False]
ERROR tests/integration/test_worker.py::test_running_worker_stops_on_cancel_or_permission_revocation[revoke]
ERROR tests/integration/test_worker.py::test_manifest_rechecks_cached_resource_lifecycle[enabled-False]
ERROR tests/integration/test_worker.py::test_manifest_rechecks_cached_resource_lifecycle[archived-True]
1 failed, 15 passed, 2 warnings, 3 errors in 59.92s
