
> coastmas-web@0.1.0 e2e
> playwright test workflow-editor.spec.ts


Running 2 tests using 1 worker

(node:15686) Warning: The 'NO_COLOR' env is ignored due to the 'FORCE_COLOR' env being set.
(Use `node --trace-warnings ...` to show where the warning was created)


[1/2] e2e/workflow-editor.spec.ts:28:1 › create a real draft with model drag, ports, explicit parameters and blocked scientific preflight
  1) e2e/workflow-editor.spec.ts:28:1 › create a real draft with model drag, ports, explicit parameters and blocked scientific preflight 

    TimeoutError: locator.selectOption: Timeout 15000ms exceeded.
    Call log:
      - waiting for getByLabel('输入数据 · dem [m]', { exact: true })


      43 |   await page
      44 |     .getByLabel("输入数据 · dem [m]", { exact: true })
    > 45 |     .selectOption({ label: "dem.tif · v1" });
         |      ^
      46 |   await page.getByLabel("发布输出 · mask [1]", { exact: true }).check();
      47 |   await page
      48 |     .getByRole("button", {
        at /Users/quanyiming/Projects/CoastMAS/apps/web/e2e/workflow-editor.spec.ts:45:6

    attachment #1: screenshot (image/png) ──────────────────────────────────────────────────────────
    ../../artifacts/runtime/playwright/workflow-editor-create-a-r-2d725-locked-scientific-preflight/test-failed-1.png
    ────────────────────────────────────────────────────────────────────────────────────────────────

    Error Context: ../../artifacts/runtime/playwright/workflow-editor-create-a-r-2d725-locked-scientific-preflight/error-context.md

    attachment #3: trace (application/zip) ─────────────────────────────────────────────────────────
    ../../artifacts/runtime/playwright/workflow-editor-create-a-r-2d725-locked-scientific-preflight/trace.zip
    Usage:

        npx playwright show-trace ../../artifacts/runtime/playwright/workflow-editor-create-a-r-2d725-locked-scientific-preflight/trace.zip

    ────────────────────────────────────────────────────────────────────────────────────────────────


(node:15714) Warning: The 'NO_COLOR' env is ignored due to the 'FORCE_COLOR' env being set.
(Use `node --trace-warnings ...` to show where the warning was created)


[2/2] e2e/workflow-editor.spec.ts:103:1 › copy, revise and run a pinned workflow through actual worker and result storage
  2) e2e/workflow-editor.spec.ts:103:1 › copy, revise and run a pinned workflow through actual worker and result storage 

    TimeoutError: locator.selectOption: Timeout 15000ms exceeded.
    Call log:
      - waiting for getByLabel('预检场景', { exact: true })


      120 |   await page
      121 |     .getByLabel("预检场景", { exact: true })
    > 122 |     .selectOption({ label: "Synthetic coastal inundation screening · v1" });
          |      ^
      123 |   await page.getByRole("button", { name: "校验当前草稿", exact: true }).click();
      124 |   await expect(page.getByText("VALIDATED", { exact: true })).toBeVisible();
      125 |   await page.screenshot({
        at /Users/quanyiming/Projects/CoastMAS/apps/web/e2e/workflow-editor.spec.ts:122:6

    attachment #1: screenshot (image/png) ──────────────────────────────────────────────────────────
    ../../artifacts/runtime/playwright/workflow-editor-copy-revis-90de0-l-worker-and-result-storage/test-failed-1.png
    ────────────────────────────────────────────────────────────────────────────────────────────────

    Error Context: ../../artifacts/runtime/playwright/workflow-editor-copy-revis-90de0-l-worker-and-result-storage/error-context.md

    attachment #3: trace (application/zip) ─────────────────────────────────────────────────────────
    ../../artifacts/runtime/playwright/workflow-editor-copy-revis-90de0-l-worker-and-result-storage/trace.zip
    Usage:

        npx playwright show-trace ../../artifacts/runtime/playwright/workflow-editor-copy-revis-90de0-l-worker-and-result-storage/trace.zip

    ────────────────────────────────────────────────────────────────────────────────────────────────


  2 failed
    e2e/workflow-editor.spec.ts:28:1 › create a real draft with model drag, ports, explicit parameters and blocked scientific preflight 
    e2e/workflow-editor.spec.ts:103:1 › copy, revise and run a pinned workflow through actual worker and result storage 
