All checks passed!
Success: no issues found in 81 source files

> coastmas-web@0.1.0 test
> vitest run


 RUN  v5.0.1 /Users/quanyiming/Projects/CoastMAS/apps/web


 Test Files  20 passed (20)
      Tests  42 passed (42)
   Start at  10:47:29
   Duration  2.88s (environment 59%, import 16%, tests 12%, setup 7%, transform 7%)

Environment  jsdom was created 20 times · 12.09s total, 59% of tracked time
             create it once per worker with pool: 'vmThreads' (keeps per-file isolation) or isolate: false (shares it across files)
             learn more: https://vitest.dev/guide/improving-performance#test-environments


> coastmas-web@0.1.0 lint
> eslint src


> coastmas-web@0.1.0 build
> tsc --noEmit && vite build

vite v8.3.0 building client environment for production...
transforming...
✓ 1048 modules transformed.
rendering chunks...
computing gzip size...
dist/index.html                                  0.51 kB │ gzip:   0.36 kB
dist/assets/maplibre-gl-worker-CNLXcz58.js     508.48 kB
dist/assets/index-BYO2DhKI.css                   9.48 kB │ gzip:   2.94 kB
dist/assets/style-DLioOiRN.css                  15.41 kB │ gzip:   2.56 kB
dist/assets/GeoMap-CKRTiAqP.css                 82.86 kB │ gzip:  10.71 kB
dist/assets/result-data-BOWkya-O.js              1.11 kB │ gzip:   0.52 kB
dist/assets/model-editor-BrL1YGq5.js             1.23 kB │ gzip:   0.57 kB
dist/assets/CoastalStatistics-DVO6bvp6.js        1.86 kB │ gzip:   0.76 kB
dist/assets/WorkflowGraph-CX2s3sPF.js            2.15 kB │ gzip:   1.09 kB
dist/assets/Dashboard-BygOrfHe.js                2.40 kB │ gzip:   1.25 kB
dist/assets/DataMetadataForm-Ck_MqRN2.js         2.85 kB │ gzip:   1.37 kB
dist/assets/useQueries-o6hSp0zW.js               3.45 kB │ gzip:   1.49 kB
dist/assets/Runs-6UmpvoSe.js                     3.51 kB │ gzip:   1.51 kB
dist/assets/Workflow-D5RFHDFQ.js                 3.62 kB │ gzip:   1.79 kB
dist/assets/AssessmentResults-BsV7CiuP.js        4.07 kB │ gzip:   1.77 kB
dist/assets/GeoMap-DFHBiOY_.js                   4.10 kB │ gzip:   2.03 kB
dist/assets/ScientificFields-BuaRt1ut.js         4.49 kB │ gzip:   1.96 kB
dist/assets/ResultComparison-DfEUOop9.js         5.12 kB │ gzip:   2.24 kB
dist/assets/ModelDecomposer-CvBMOUZH.js          6.43 kB │ gzip:   2.95 kB
dist/assets/KnowledgeGraph-BWzv7-2I.js           6.86 kB │ gzip:   3.09 kB
dist/assets/Entities-C8_MDqWJ.js                 7.01 kB │ gzip:   2.99 kB
dist/assets/DataSources-B9eZd2Zi.js              7.33 kB │ gzip:   2.92 kB
dist/assets/DataWorkspace-DzgBGJRM.js            7.42 kB │ gzip:   3.06 kB
dist/assets/ModelEditor-Ca8PNaKX.js              7.64 kB │ gzip:   3.13 kB
dist/assets/Catalog-CLCoxBOR.js                  8.00 kB │ gzip:   2.92 kB
dist/assets/Planner-BPb3pK5g.js                  8.25 kB │ gzip:   3.54 kB
dist/assets/jsx-runtime-Bzw2jH9X.js              9.08 kB │ gzip:   3.46 kB
dist/assets/Results-D67g9loY.js                 10.39 kB │ gzip:   3.86 kB
dist/assets/WorkflowEditor-bP1Q7p7-.js          13.60 kB │ gzip:   5.18 kB
dist/assets/SceneWorkspace-ZqFB-yKL.js          14.35 kB │ gzip:   5.29 kB
dist/assets/IndicatorFrameworks-BD3P7lpn.js     15.63 kB │ gzip:   5.16 kB
dist/assets/style-Brjk0fVr.js                  177.72 kB │ gzip:  57.32 kB
dist/assets/contracts-BjLcHBr0.js              189.22 kB │ gzip:  48.34 kB
dist/assets/index-DIn75QLT.js                  395.62 kB │ gzip: 121.24 kB
dist/assets/Chart-mWtf9huH.js                  541.89 kB │ gzip: 184.40 kB
dist/assets/maplibre-gl-DdwH8xhJ.js          1,018.88 kB │ gzip: 274.90 kB

[plugin builtin:vite-reporter] 
(!) Some chunks are larger than 500 kB after minification. Consider:
- Using dynamic import() to code-split the application
- Use build.rolldownOptions.output.codeSplitting to improve chunking: https://rolldown.rs/reference/OutputOptions.codeSplitting
- Adjust chunk size limit for this warning via build.chunkSizeWarningLimit.
✓ built in 278ms
