
> coastmas-web@0.1.0 test
> vitest run


 RUN  v5.0.1 /Users/quanyiming/Projects/CoastMAS/apps/web


 Test Files  20 passed (20)
      Tests  42 passed (42)
   Start at  10:24:10
   Duration  2.80s (environment 60%, import 16%, tests 11%, setup 6%, transform 5%)

Environment  jsdom was created 20 times · 12.17s total, 60% of tracked time
             create it once per worker with pool: 'vmThreads' (keeps per-file isolation) or isolate: false (shares it across files)
             learn more: https://vitest.dev/guide/improving-performance#test-environments


> coastmas-web@0.1.0 lint
> eslint src


> coastmas-web@0.1.0 build
> tsc --noEmit && vite build

vite v8.3.0 building client environment for production...
transforming...
✓ 1047 modules transformed.
rendering chunks...
computing gzip size...
dist/index.html                                  0.51 kB │ gzip:   0.36 kB
dist/assets/maplibre-gl-worker-CNLXcz58.js     508.48 kB
dist/assets/index-BYO2DhKI.css                   9.48 kB │ gzip:   2.94 kB
dist/assets/style-DLioOiRN.css                  15.41 kB │ gzip:   2.56 kB
dist/assets/GeoMap-CKRTiAqP.css                 82.86 kB │ gzip:  10.71 kB
dist/assets/result-data-Z1LIZrBu.js              1.11 kB │ gzip:   0.51 kB
dist/assets/model-editor-CXSyWmsJ.js             1.23 kB │ gzip:   0.57 kB
dist/assets/CoastalStatistics-DVO6bvp6.js        1.86 kB │ gzip:   0.76 kB
dist/assets/WorkflowGraph-GPfzWt6d.js            2.15 kB │ gzip:   1.09 kB
dist/assets/Dashboard-Xk9sexeE.js                2.40 kB │ gzip:   1.25 kB
dist/assets/DataMetadataForm-0F_MA7pc.js         2.85 kB │ gzip:   1.37 kB
dist/assets/useQueries-Cyl4Q7Gj.js               3.45 kB │ gzip:   1.49 kB
dist/assets/Runs-UysdD5rG.js                     3.51 kB │ gzip:   1.51 kB
dist/assets/Workflow-YJJ9LKdi.js                 3.62 kB │ gzip:   1.79 kB
dist/assets/AssessmentResults-qTDRSqa4.js        4.07 kB │ gzip:   1.77 kB
dist/assets/GeoMap-B-bykX46.js                   4.10 kB │ gzip:   2.03 kB
dist/assets/ScientificFields-BuaRt1ut.js         4.49 kB │ gzip:   1.96 kB
dist/assets/ResultComparison-DeaWMsD4.js         5.12 kB │ gzip:   2.24 kB
dist/assets/ModelDecomposer-IvcNSE-E.js          6.43 kB │ gzip:   2.95 kB
dist/assets/DataWorkspace-Vb7WwBRB.js            6.53 kB │ gzip:   2.86 kB
dist/assets/KnowledgeGraph-BEFOtM7w.js           6.86 kB │ gzip:   3.09 kB
dist/assets/Entities-CYhuBDUk.js                 7.01 kB │ gzip:   2.99 kB
dist/assets/DataSources-DLNGK-NB.js              7.33 kB │ gzip:   2.92 kB
dist/assets/ModelEditor-BhAjjIzF.js              7.64 kB │ gzip:   3.13 kB
dist/assets/Catalog-DFygEbGK.js                  8.00 kB │ gzip:   2.92 kB
dist/assets/Planner-BVYx2RDg.js                  8.25 kB │ gzip:   3.54 kB
dist/assets/jsx-runtime-Bzw2jH9X.js              9.08 kB │ gzip:   3.46 kB
dist/assets/Results-BsGDFHLh.js                 10.39 kB │ gzip:   3.86 kB
dist/assets/IndicatorFrameworks-ZduHm9oH.js     13.09 kB │ gzip:   4.44 kB
dist/assets/WorkflowEditor-ZFqMGcR3.js          13.60 kB │ gzip:   5.19 kB
dist/assets/SceneWorkspace-BbZNYvtQ.js          14.35 kB │ gzip:   5.29 kB
dist/assets/style-N4dWwMkJ.js                  177.72 kB │ gzip:  57.32 kB
dist/assets/contracts-BnxeLJ4F.js              188.56 kB │ gzip:  48.28 kB
dist/assets/index-Da3stHEA.js                  395.61 kB │ gzip: 121.24 kB
dist/assets/Chart-mWtf9huH.js                  541.89 kB │ gzip: 184.40 kB
dist/assets/maplibre-gl-DdwH8xhJ.js          1,018.88 kB │ gzip: 274.90 kB

[plugin builtin:vite-reporter] 
(!) Some chunks are larger than 500 kB after minification. Consider:
- Using dynamic import() to code-split the application
- Use build.rolldownOptions.output.codeSplitting to improve chunking: https://rolldown.rs/reference/OutputOptions.codeSplitting
- Adjust chunk size limit for this warning via build.chunkSizeWarningLimit.
✓ built in 312ms
