
> coastmas-web@0.1.0 build
> tsc --noEmit && vite build

vite v8.3.0 building client environment for production...
transforming...
✓ 1025 modules transformed.
rendering chunks...
computing gzip size...
dist/index.html                                 0.51 kB │ gzip:   0.36 kB
dist/assets/maplibre-gl-worker-CNLXcz58.js    508.48 kB
dist/assets/index-CydU-A9W.css                  8.89 kB │ gzip:   2.81 kB
dist/assets/style-DLioOiRN.css                 15.41 kB │ gzip:   2.56 kB
dist/assets/GeoMap-CKRTiAqP.css                82.86 kB │ gzip:  10.71 kB
dist/assets/result-data-CBxREPr7.js             1.11 kB │ gzip:   0.51 kB
dist/assets/WorkflowGraph-_9savpXG.js           2.15 kB │ gzip:   1.09 kB
dist/assets/GeoMap-nzRvwlxV.js                  2.37 kB │ gzip:   1.30 kB
dist/assets/Dashboard-BROXlNYH.js               2.40 kB │ gzip:   1.25 kB
dist/assets/Runs-B3rYgwsx.js                    3.51 kB │ gzip:   1.51 kB
dist/assets/Workflow-CkN8h81y.js                3.61 kB │ gzip:   1.78 kB
dist/assets/Catalog-BlBAFm-Y.js                 4.56 kB │ gzip:   2.02 kB
dist/assets/Results-B08D7Ztg.js                 5.41 kB │ gzip:   1.99 kB
dist/assets/KnowledgeGraph-Dj_RIvtU.js          6.85 kB │ gzip:   3.08 kB
dist/assets/Entities-D54gtLO1.js                7.01 kB │ gzip:   2.99 kB
dist/assets/Planner-DBJYjn8F.js                 8.25 kB │ gzip:   3.53 kB
dist/assets/jsx-runtime-Bzw2jH9X.js             9.08 kB │ gzip:   3.46 kB
dist/assets/WorkflowEditor-Cz4ElNob.js         16.36 kB │ gzip:   6.27 kB
dist/assets/contracts-DUQHLnPW.js             176.29 kB │ gzip:  46.57 kB
dist/assets/style-DA1Hun5U.js                 177.71 kB │ gzip:  57.31 kB
dist/assets/index-BFdx_s3n.js                 391.45 kB │ gzip: 120.09 kB
dist/assets/CoastalStatistics-DUmXmHoH.js     543.54 kB │ gzip: 185.03 kB
dist/assets/maplibre-gl-558Sartg.js         1,018.90 kB │ gzip: 274.91 kB

[plugin builtin:vite-reporter] 
(!) Some chunks are larger than 500 kB after minification. Consider:
- Using dynamic import() to code-split the application
- Use build.rolldownOptions.output.codeSplitting to improve chunking: https://rolldown.rs/reference/OutputOptions.codeSplitting
- Adjust chunk size limit for this warning via build.chunkSizeWarningLimit.
✓ built in 287ms
