
> coastmas-web@0.1.0 test
> vitest run indicator-editor.test.ts


 RUN  v5.0.1 /Users/quanyiming/Projects/CoastMAS/apps/web

 ❯ src/indicator-editor.test.ts (0 test)

⎯⎯⎯⎯⎯⎯ Failed Suites 1 ⎯⎯⎯⎯⎯⎯⎯

 FAIL  src/indicator-editor.test.ts [ src/indicator-editor.test.ts ]
Error: Failed to resolve import "./indicator-editor" from "src/indicator-editor.test.ts". Does the file exist?
  Plugin: vite:import-analysis
  File: /Users/quanyiming/Projects/CoastMAS/apps/web/src/indicator-editor.test.ts:2:90
  1  |  import { expect, it } from "vitest";
  2  |  import { freshFramework, freshIndicator, prepareFrameworkRevision, setWeightMethod } from "./indicator-editor";
     |                                                                                             ^
  3  |  import { contract } from "./contracts";
  4  |  it("requires explicit scientific bounds and units instead of fabricated defaults", () => {
 ❯ TransformPluginContext._formatLog node_modules/vite/dist/node/chunks/node.js:8393:39
 ❯ TransformPluginContext.error node_modules/vite/dist/node/chunks/node.js:8390:14
 ❯ normalizeUrl node_modules/vite/dist/node/chunks/node.js:26058:18
 ❯ node_modules/vite/dist/node/chunks/node.js:26128:30
 ❯ TransformPluginContext.transform node_modules/vite/dist/node/chunks/node.js:26094:4
 ❯ EnvironmentPluginContainer.transform node_modules/vite/dist/node/chunks/node.js:8172:14
 ❯ loadAndTransform node_modules/vite/dist/node/chunks/node.js:19634:26

⎯⎯⎯⎯⎯⎯⎯⎯⎯⎯⎯⎯⎯⎯⎯⎯⎯⎯⎯⎯⎯⎯⎯⎯[1/1]⎯


 Test Files  1 failed (1)
      Tests  no tests
   Start at  10:20:21
   Duration  576ms (environment 86%, setup 11%, transform 3%, worker 1%)

