
> coastmas-web@0.1.0 test
> vitest run


 RUN  v5.0.1 /Users/quanyiming/Projects/CoastMAS/apps/web


 Test Files  20 passed (20)
      Tests  42 passed (42)
   Start at  10:28:50
   Duration  2.58s (environment 58%, import 16%, tests 12%, setup 7%, transform 6%)

Environment  jsdom was created 20 times · 11.06s total, 58% of tracked time
             create it once per worker with pool: 'vmThreads' (keeps per-file isolation) or isolate: false (shares it across files)
             learn more: https://vitest.dev/guide/improving-performance#test-environments


> coastmas-web@0.1.0 lint
> eslint src


> coastmas-web@0.1.0 build
> tsc --noEmit && vite build

vite v8.3.0 building client environment for production...
transforming...
✓ 1048 modules transformed.
rendering chunks...
computing gzip size...
dist/index.html                                  0.51 kB │ gzip:   0.36 kB
dist/assets/maplibre-gl-worker-CNLXcz58.js     508.48 kB
dist/assets/index-BYO2DhKI.css                   9.48 kB │ gzip:   2.94 kB
dist/assets/style-DLioOiRN.css                  15.41 kB │ gzip:   2.56 kB
dist/assets/GeoMap-CKRTiAqP.css                 82.86 kB │ gzip:  10.71 kB
dist/assets/result-data-BsX47V24.js              1.11 kB │ gzip:   0.51 kB
dist/assets/model-editor-BcHK8cMx.js             1.23 kB │ gzip:   0.57 kB
dist/assets/CoastalStatistics-DVO6bvp6.js        1.86 kB │ gzip:   0.76 kB
dist/assets/WorkflowGraph-D5Co2NhK.js            2.15 kB │ gzip:   1.09 kB
dist/assets/Dashboard-LZYrtkzy.js                2.40 kB │ gzip:   1.25 kB
dist/assets/DataMetadataForm-Calpi-zZ.js         2.85 kB │ gzip:   1.38 kB
dist/assets/useQueries-ChrDQmj2.js               3.45 kB │ gzip:   1.49 kB
dist/assets/Runs-CuRQEr5w.js                     3.51 kB │ gzip:   1.51 kB
dist/assets/Workflow-Udqbe5Km.js                 3.62 kB │ gzip:   1.79 kB
dist/assets/AssessmentResults-CUiFY4Xk.js        4.07 kB │ gzip:   1.77 kB
dist/assets/GeoMap-B2C0_wJn.js                   4.10 kB │ gzip:   2.03 kB
dist/assets/ScientificFields-BuaRt1ut.js         4.49 kB │ gzip:   1.96 kB
dist/assets/ResultComparison-CcQ1gzyz.js         5.12 kB │ gzip:   2.24 kB
dist/assets/ModelDecomposer-CbEJDPjL.js          6.43 kB │ gzip:   2.95 kB
dist/assets/DataWorkspace-BD-3o_U0.js            6.53 kB │ gzip:   2.86 kB
dist/assets/KnowledgeGraph-DA5txmFc.js           6.86 kB │ gzip:   3.09 kB
dist/assets/Entities-BE9_UNRO.js                 7.01 kB │ gzip:   2.99 kB
dist/assets/DataSources-JC4S03aU.js              7.33 kB │ gzip:   2.92 kB
dist/assets/ModelEditor-DB84GyX4.js              7.64 kB │ gzip:   3.13 kB
dist/assets/Catalog-DlrA-L0G.js                  8.00 kB │ gzip:   2.92 kB
dist/assets/Planner-StOWs8QT.js                  8.25 kB │ gzip:   3.54 kB
dist/assets/jsx-runtime-Bzw2jH9X.js              9.08 kB │ gzip:   3.46 kB
dist/assets/Results-Dy54HYYS.js                 10.39 kB │ gzip:   3.86 kB
dist/assets/WorkflowEditor-Bc5Ry-Aq.js          13.60 kB │ gzip:   5.18 kB
dist/assets/SceneWorkspace-C9faZntS.js          14.35 kB │ gzip:   5.29 kB
dist/assets/IndicatorFrameworks-CAZuNHxx.js     15.59 kB │ gzip:   5.15 kB
dist/assets/style-BsI-jhdE.js                  177.72 kB │ gzip:  57.32 kB
dist/assets/contracts-D1734fvF.js              189.22 kB │ gzip:  48.34 kB
dist/assets/index-B-0sGBeN.js                  395.62 kB │ gzip: 121.24 kB
dist/assets/Chart-mWtf9huH.js                  541.89 kB │ gzip: 184.40 kB
dist/assets/maplibre-gl-DdwH8xhJ.js          1,018.88 kB │ gzip: 274.90 kB

[plugin builtin:vite-reporter] 
(!) Some chunks are larger than 500 kB after minification. Consider:
- Using dynamic import() to code-split the application
- Use build.rolldownOptions.output.codeSplitting to improve chunking: https://rolldown.rs/reference/OutputOptions.codeSplitting
- Adjust chunk size limit for this warning via build.chunkSizeWarningLimit.
✓ built in 277ms
