All checks passed!
Success: no issues found in 86 source files

> coastmas-web@0.1.0 typecheck
> tsc --noEmit


> coastmas-web@0.1.0 lint
> eslint src


> coastmas-web@0.1.0 test
> vitest run


 RUN  v5.0.1 /Users/quanyiming/Projects/CoastMAS/apps/web


 Test Files  20 passed (20)
      Tests  42 passed (42)
   Start at  11:36:42
   Duration  3.61s (environment 58%, import 16%, tests 13%, transform 7%, setup 6%)

Environment  jsdom was created 20 times · 15.27s total, 58% of tracked time
             create it once per worker with pool: 'vmThreads' (keeps per-file isolation) or isolate: false (shares it across files)
             learn more: https://vitest.dev/guide/improving-performance#test-environments


> coastmas-web@0.1.0 build
> tsc --noEmit && vite build

vite v8.3.0 building client environment for production...
transforming...
✓ 1050 modules transformed.
rendering chunks...
computing gzip size...
dist/index.html                                  0.51 kB │ gzip:   0.36 kB
dist/assets/maplibre-gl-worker-CNLXcz58.js     508.48 kB
dist/assets/index-Dnavpvux.css                   9.61 kB │ gzip:   2.99 kB
dist/assets/style-DLioOiRN.css                  15.41 kB │ gzip:   2.56 kB
dist/assets/GeoMap-CKRTiAqP.css                 82.86 kB │ gzip:  10.71 kB
dist/assets/result-data-DU80WZF5.js              1.11 kB │ gzip:   0.52 kB
dist/assets/model-editor-Cj4V_6W9.js             1.23 kB │ gzip:   0.57 kB
dist/assets/CoastalStatistics-DVO6bvp6.js        1.86 kB │ gzip:   0.76 kB
dist/assets/WorkflowGraph-CWIVWZnk.js            2.15 kB │ gzip:   1.09 kB
dist/assets/Dashboard-DIDhW5KD.js                2.40 kB │ gzip:   1.25 kB
dist/assets/DataMetadataForm-BM6p952t.js         2.85 kB │ gzip:   1.38 kB
dist/assets/useQueries-B4CEjiu2.js               3.45 kB │ gzip:   1.49 kB
dist/assets/Runs-PmvFmiHl.js                     3.51 kB │ gzip:   1.52 kB
dist/assets/Workflow-CnOL6H8O.js                 3.97 kB │ gzip:   1.88 kB
dist/assets/AssessmentResults-DSInSLVG.js        4.07 kB │ gzip:   1.77 kB
dist/assets/GeoMap-Dn5wrlmP.js                   4.10 kB │ gzip:   2.03 kB
dist/assets/ScientificFields-BuaRt1ut.js         4.49 kB │ gzip:   1.96 kB
dist/assets/ResultComparison-xgjwtwBf.js         5.12 kB │ gzip:   2.24 kB
dist/assets/ModelDecomposer-DO9q12Zp.js          6.43 kB │ gzip:   2.95 kB
dist/assets/KnowledgeGraph-B5iwjTio.js           6.86 kB │ gzip:   3.09 kB
dist/assets/Entities-DJHRPu1j.js                 7.01 kB │ gzip:   2.99 kB
dist/assets/DataSources-7mqPzLGH.js              7.33 kB │ gzip:   2.92 kB
dist/assets/DataWorkspace-ol3bBI7o.js            7.42 kB │ gzip:   3.06 kB
dist/assets/AssessmentRecords-DEJw0U8H.js        7.50 kB │ gzip:   2.77 kB
dist/assets/ModelEditor-suC5dxzT.js              7.64 kB │ gzip:   3.14 kB
dist/assets/Catalog-KHzjdpal.js                  8.00 kB │ gzip:   2.92 kB
dist/assets/Planner-qfoHOJNV.js                  8.25 kB │ gzip:   3.54 kB
dist/assets/jsx-runtime-Bzw2jH9X.js              9.08 kB │ gzip:   3.46 kB
dist/assets/Results-C2So5lqY.js                 10.39 kB │ gzip:   3.86 kB
dist/assets/WorkflowEditor-CvZ9pLyP.js          13.60 kB │ gzip:   5.19 kB
dist/assets/Collaboration-WUHkJGPI.js           14.22 kB │ gzip:   4.70 kB
dist/assets/SceneWorkspace-Dooq_N9N.js          14.35 kB │ gzip:   5.29 kB
dist/assets/IndicatorFrameworks-V7zhjz-9.js     15.71 kB │ gzip:   5.17 kB
dist/assets/style-C4-ARGoz.js                  177.72 kB │ gzip:  57.32 kB
dist/assets/contracts-CgfH1VYA.js              197.23 kB │ gzip:  49.27 kB
dist/assets/index-BI4wVkR6.js                  396.26 kB │ gzip: 121.41 kB
dist/assets/Chart-mWtf9huH.js                  541.89 kB │ gzip: 184.40 kB
dist/assets/maplibre-gl-DdwH8xhJ.js          1,018.88 kB │ gzip: 274.90 kB

[plugin builtin:vite-reporter] 
(!) Some chunks are larger than 500 kB after minification. Consider:
- Using dynamic import() to code-split the application
- Use build.rolldownOptions.output.codeSplitting to improve chunking: https://rolldown.rs/reference/OutputOptions.codeSplitting
- Adjust chunk size limit for this warning via build.chunkSizeWarningLimit.
✓ built in 315ms
