
> coastmas-web@0.1.0 build
> tsc --noEmit && vite build

vite v8.3.0 building client environment for production...
transforming...
✓ 1022 modules transformed.
rendering chunks...
computing gzip size...
dist/index.html                                 0.51 kB │ gzip:   0.36 kB
dist/assets/maplibre-gl-worker-CNLXcz58.js    508.48 kB
dist/assets/index-3iN4CUw_.css                  8.01 kB │ gzip:   2.60 kB
dist/assets/WorkflowGraph-DLioOiRN.css         15.41 kB │ gzip:   2.56 kB
dist/assets/GeoMap-CKRTiAqP.css                82.86 kB │ gzip:  10.71 kB
dist/assets/result-data-DAZjT2bU.js             1.11 kB │ gzip:   0.51 kB
dist/assets/GeoMap-DKDUqUlT.js                  2.37 kB │ gzip:   1.30 kB
dist/assets/Dashboard-DGRblHfV.js               2.40 kB │ gzip:   1.25 kB
dist/assets/Runs-RYeEfExm.js                    3.51 kB │ gzip:   1.51 kB
dist/assets/Workflow-CzCCFY8C.js                3.51 kB │ gzip:   1.75 kB
dist/assets/Catalog-DEzWK4__.js                 4.47 kB │ gzip:   1.99 kB
dist/assets/Results-CvYrvNk7.js                 5.41 kB │ gzip:   2.00 kB
dist/assets/Entities-BgJDHIya.js                6.94 kB │ gzip:   2.96 kB
dist/assets/Planner-BaVeAavu.js                 8.25 kB │ gzip:   3.53 kB
dist/assets/jsx-runtime-Bzw2jH9X.js             9.08 kB │ gzip:   3.46 kB
dist/assets/contracts-BJs7xzGW.js             174.40 kB │ gzip:  46.25 kB
dist/assets/WorkflowGraph-BdDPRk5Q.js         179.65 kB │ gzip:  58.12 kB
dist/assets/index-BoiG82Au.js                 390.82 kB │ gzip: 119.87 kB
dist/assets/CoastalStatistics-DUmXmHoH.js     543.54 kB │ gzip: 185.03 kB
dist/assets/maplibre-gl-558Sartg.js         1,018.90 kB │ gzip: 274.91 kB

[plugin builtin:vite-reporter] 
(!) Some chunks are larger than 500 kB after minification. Consider:
- Using dynamic import() to code-split the application
- Use build.rolldownOptions.output.codeSplitting to improve chunking: https://rolldown.rs/reference/OutputOptions.codeSplitting
- Adjust chunk size limit for this warning via build.chunkSizeWarningLimit.
✓ built in 350ms
