.......FF                                                                [100%]
=================================== FAILURES ===================================
_____ test_python_scientific_failure_keeps_code_and_safe_diagnostic_frames _____

tmp_path = PosixPath('/private/var/folders/28/dvzgw6td6ws6bfjb1g55hd_c0000gn/T/pytest-of-quanyiming/pytest-80/test_python_scientific_failure0')

    def test_python_scientific_failure_keeps_code_and_safe_diagnostic_frames(tmp_path):
        from coastmas.core.errors import ConstraintError
        def invalid(inputs, parameters):
            raise ConstraintError("vertical datum mismatch")
        adapter = PythonFunctionAdapter({"invalid":invalid})
        with pytest.raises(CoastMASError) as captured:
            adapter.run(RunRequest("invalid",{}, {},tmp_path,2))
>       assert captured.value.code == "CONSTRAINT_ERROR"
E       AssertionError: assert 'EXECUTION_ERROR' == 'CONSTRAINT_ERROR'
E         
E         - CONSTRAINT_ERROR
E         + EXECUTION_ERROR

tests/unit/test_adapters.py:138: AssertionError
__________ test_python_unexpected_exception_does_not_expose_arguments __________

tmp_path = PosixPath('/private/var/folders/28/dvzgw6td6ws6bfjb1g55hd_c0000gn/T/pytest-of-quanyiming/pytest-80/test_python_unexpected_excepti0')

    def test_python_unexpected_exception_does_not_expose_arguments(tmp_path):
        def invalid(inputs, parameters):
            raise RuntimeError("credential=must-not-leak")
        adapter = PythonFunctionAdapter({"invalid":invalid})
        with pytest.raises(CoastMASError) as captured:
            adapter.run(RunRequest("invalid",{}, {},tmp_path,2))
        assert "must-not-leak" not in str(captured.value.details)
>       assert captured.value.details["exception_type"] == "RuntimeError"
               ^^^^^^^^^^^^^^^^^^^^^^^^^^^^^^^^^^^^^^^^
E       KeyError: 'exception_type'

tests/unit/test_adapters.py:152: KeyError
=========================== short test summary info ============================
FAILED tests/unit/test_adapters.py::test_python_scientific_failure_keeps_code_and_safe_diagnostic_frames
FAILED tests/unit/test_adapters.py::test_python_unexpected_exception_does_not_expose_arguments
2 failed, 7 passed in 1.53s
