
> coastmas-web@0.1.0 test
> vitest run TemporalResultView.test.tsx


 RUN  v5.0.1 /Users/quanyiming/Projects/CoastMAS/apps/web

 ❯ src/TemporalResultView.test.tsx (0 test)

⎯⎯⎯⎯⎯⎯ Failed Suites 1 ⎯⎯⎯⎯⎯⎯⎯

 FAIL  src/TemporalResultView.test.tsx [ src/TemporalResultView.test.tsx ]
Error: Failed to resolve import "./TemporalResultView" from "src/TemporalResultView.test.tsx". Does the file exist?
  Plugin: vite:import-analysis
  File: /Users/quanyiming/Projects/CoastMAS/apps/web/src/TemporalResultView.test.tsx:3:31
  1  |  import { cleanup, render, screen } from "@testing-library/react";
  2  |  import { afterEach, expect, it } from "vitest";
  3  |  import TemporalResultView from "./TemporalResultView";
     |                                  ^
  4  |  var _jsxFileName = "/Users/quanyiming/Projects/CoastMAS/apps/web/src/TemporalResultView.test.tsx";
  5  |  import { jsxDEV as _jsxDEV } from "react/jsx-dev-runtime";
 ❯ TransformPluginContext._formatLog node_modules/vite/dist/node/chunks/node.js:8393:39
 ❯ TransformPluginContext.error node_modules/vite/dist/node/chunks/node.js:8390:14
 ❯ normalizeUrl node_modules/vite/dist/node/chunks/node.js:26058:18
 ❯ node_modules/vite/dist/node/chunks/node.js:26128:30
 ❯ TransformPluginContext.transform node_modules/vite/dist/node/chunks/node.js:26094:4
 ❯ EnvironmentPluginContainer.transform node_modules/vite/dist/node/chunks/node.js:8172:14
 ❯ loadAndTransform node_modules/vite/dist/node/chunks/node.js:19634:26

⎯⎯⎯⎯⎯⎯⎯⎯⎯⎯⎯⎯⎯⎯⎯⎯⎯⎯⎯⎯⎯⎯⎯⎯[1/1]⎯


 Test Files  1 failed (1)
      Tests  no tests
   Start at  15:26:50
   Duration  664ms (environment 88%, setup 10%, transform 2%)

