EE                                                                       [100%]
==================================== ERRORS ====================================
______ ERROR at setup of test_resource_permissions_and_immutable_versions ______

self = <sqlalchemy.engine.base.Connection object at 0x107fa8e30>
engine = Engine(postgresql+psycopg://coastmas:***@127.0.0.1:55432/coastmas)
connection = None, _has_events = None, _allow_revalidate = True
_allow_autobegin = True

    def __init__(
        self,
        engine: Engine,
        connection: Optional[PoolProxiedConnection] = None,
        _has_events: Optional[bool] = None,
        _allow_revalidate: bool = True,
        _allow_autobegin: bool = True,
    ):
        """Construct a new Connection."""
        self.engine = engine
        self.dialect = dialect = engine.dialect
    
        if connection is None:
            try:
>               self._dbapi_connection = engine.raw_connection()
                                         ^^^^^^^^^^^^^^^^^^^^^^^

.venv/lib/python3.12/site-packages/sqlalchemy/engine/base.py:144: 
_ _ _ _ _ _ _ _ _ _ _ _ _ _ _ _ _ _ _ _ _ _ _ _ _ _ _ _ _ _ _ _ _ _ _ _ _ _ _ _ 
.venv/lib/python3.12/site-packages/sqlalchemy/engine/base.py:3319: in raw_connection
    return self.pool.connect()
           ^^^^^^^^^^^^^^^^^^^
.venv/lib/python3.12/site-packages/sqlalchemy/pool/base.py:448: in connect
    return _ConnectionFairy._checkout(self)
           ^^^^^^^^^^^^^^^^^^^^^^^^^^^^^^^^
.venv/lib/python3.12/site-packages/sqlalchemy/pool/base.py:1290: in _checkout
    fairy = _ConnectionRecord.checkout(pool)
            ^^^^^^^^^^^^^^^^^^^^^^^^^^^^^^^^
.venv/lib/python3.12/site-packages/sqlalchemy/pool/base.py:712: in checkout
    rec = pool._do_get()
          ^^^^^^^^^^^^^^
.venv/lib/python3.12/site-packages/sqlalchemy/pool/impl.py:178: in _do_get
    with util.safe_reraise():
         ^^^^^^^^^^^^^^^^^^^
.venv/lib/python3.12/site-packages/sqlalchemy/util/langhelpers.py:122: in __exit__
    raise exc_value.with_traceback(exc_tb)
.venv/lib/python3.12/site-packages/sqlalchemy/pool/impl.py:176: in _do_get
    return self._create_connection()
           ^^^^^^^^^^^^^^^^^^^^^^^^^
.venv/lib/python3.12/site-packages/sqlalchemy/pool/base.py:389: in _create_connection
    return _ConnectionRecord(self)
           ^^^^^^^^^^^^^^^^^^^^^^^
.venv/lib/python3.12/site-packages/sqlalchemy/pool/base.py:674: in __init__
    self.__connect()
.venv/lib/python3.12/site-packages/sqlalchemy/pool/base.py:900: in __connect
    with util.safe_reraise():
         ^^^^^^^^^^^^^^^^^^^
.venv/lib/python3.12/site-packages/sqlalchemy/util/langhelpers.py:122: in __exit__
    raise exc_value.with_traceback(exc_tb)
.venv/lib/python3.12/site-packages/sqlalchemy/pool/base.py:896: in __connect
    self.dbapi_connection = connection = pool._invoke_creator(self)
                                         ^^^^^^^^^^^^^^^^^^^^^^^^^^
.venv/lib/python3.12/site-packages/sqlalchemy/engine/create.py:667: in connect
    return dialect.connect(*cargs_tup, **cparams)
           ^^^^^^^^^^^^^^^^^^^^^^^^^^^^^^^^^^^^^^
.venv/lib/python3.12/site-packages/sqlalchemy/engine/default.py:630: in connect
    return self.loaded_dbapi.connect(*cargs, **cparams)  # type: ignore[no-any-return]  # NOQA: E501
           ^^^^^^^^^^^^^^^^^^^^^^^^^^^^^^^^^^^^^^^^^^^^
_ _ _ _ _ _ _ _ _ _ _ _ _ _ _ _ _ _ _ _ _ _ _ _ _ _ _ _ _ _ _ _ _ _ _ _ _ _ _ _ 

cls = <class 'psycopg.Connection'>
conninfo = 'host=127.0.0.1 dbname=coastmas user=coastmas password=[REDACTED] port=55432 hostaddr=127.0.0.1'
autocommit = False, prepare_threshold = 5
context = <psycopg.adapt.AdaptersMap object at 0x1092696a0>, row_factory = None
cursor_factory = None
kwargs = {'host': '127.0.0.1', 'dbname': 'coastmas', 'user': 'coastmas', 'password': '[REDACTED]', ...}

    @classmethod
    def connect(
        cls,
        conninfo: str = "",
        *,
        autocommit: bool = False,
        prepare_threshold: int | None = 5,
        context: AdaptContext | None = None,
        row_factory: RowFactory[Row] | None = None,
        cursor_factory: type[Cursor[Row]] | None = None,
        **kwargs: ConnParam,
    ) -> Self:
        """
        Connect to a database server and return a new `Connection` instance.
        """
    
        params = cls._get_connection_params(conninfo, **kwargs)
        timeout = timeout_from_conninfo(params)
        rv = None
        attempts = conninfo_attempts(params)
        conn_errors: list[tuple[e.Error, str]] = []
        for attempt in attempts:
            tdescr = (attempt.get("host"), attempt.get("port"), attempt.get("hostaddr"))
            descr = "host: %r, port: %r, hostaddr: %r" % tdescr
            logger.debug("connection attempt: %s", descr)
            try:
                conninfo = make_conninfo("", **attempt)
                gen = cls._connect_gen(conninfo)
                rv = waiting.wait_conn(gen, interval=_WAIT_INTERVAL, timeout=timeout)
            except e._WaitTimeout:
                tex = e.ConnectionTimeout("connection timeout expired")
                logger.debug("connection failed: %s: %s", descr, str(tex))
                conn_errors.append((tex, descr))
            except e.Error as ex:
                logger.debug("connection failed: %s: %s", descr, str(ex))
                conn_errors.append((ex, descr))
            except e._NO_TRACEBACK as ex:
                raise ex.with_traceback(None)
            else:
                logger.debug("connection succeeded: %s", descr)
                break
    
        if not rv:
            last_ex = conn_errors[-1][0]
            if len(conn_errors) == 1:
>               raise last_ex.with_traceback(None)
E               psycopg.OperationalError: connection failed: connection to server at "127.0.0.1", port 55432 failed: could not receive data from server: Connection refused

.venv/lib/python3.12/site-packages/psycopg/connection.py:126: OperationalError

The above exception was the direct cause of the following exception:

    @pytest.fixture(scope="module")
    def engine():
        database_name = "coastmas_test_" + uuid4().hex
        administrative = create_engine(local_database_url(), isolation_level="AUTOCOMMIT")
>       with administrative.connect() as connection:
             ^^^^^^^^^^^^^^^^^^^^^^^^

tests/integration/test_persistence.py:22: 
_ _ _ _ _ _ _ _ _ _ _ _ _ _ _ _ _ _ _ _ _ _ _ _ _ _ _ _ _ _ _ _ _ _ _ _ _ _ _ _ 
.venv/lib/python3.12/site-packages/sqlalchemy/engine/base.py:3295: in connect
    return self._connection_cls(self)
           ^^^^^^^^^^^^^^^^^^^^^^^^^^
.venv/lib/python3.12/site-packages/sqlalchemy/engine/base.py:146: in __init__
    Connection._handle_dbapi_exception_noconnection(
.venv/lib/python3.12/site-packages/sqlalchemy/engine/base.py:2450: in _handle_dbapi_exception_noconnection
    raise sqlalchemy_exception.with_traceback(exc_info[2]) from e
.venv/lib/python3.12/site-packages/sqlalchemy/engine/base.py:144: in __init__
    self._dbapi_connection = engine.raw_connection()
                             ^^^^^^^^^^^^^^^^^^^^^^^
.venv/lib/python3.12/site-packages/sqlalchemy/engine/base.py:3319: in raw_connection
    return self.pool.connect()
           ^^^^^^^^^^^^^^^^^^^
.venv/lib/python3.12/site-packages/sqlalchemy/pool/base.py:448: in connect
    return _ConnectionFairy._checkout(self)
           ^^^^^^^^^^^^^^^^^^^^^^^^^^^^^^^^
.venv/lib/python3.12/site-packages/sqlalchemy/pool/base.py:1290: in _checkout
    fairy = _ConnectionRecord.checkout(pool)
            ^^^^^^^^^^^^^^^^^^^^^^^^^^^^^^^^
.venv/lib/python3.12/site-packages/sqlalchemy/pool/base.py:712: in checkout
    rec = pool._do_get()
          ^^^^^^^^^^^^^^
.venv/lib/python3.12/site-packages/sqlalchemy/pool/impl.py:178: in _do_get
    with util.safe_reraise():
         ^^^^^^^^^^^^^^^^^^^
.venv/lib/python3.12/site-packages/sqlalchemy/util/langhelpers.py:122: in __exit__
    raise exc_value.with_traceback(exc_tb)
.venv/lib/python3.12/site-packages/sqlalchemy/pool/impl.py:176: in _do_get
    return self._create_connection()
           ^^^^^^^^^^^^^^^^^^^^^^^^^
.venv/lib/python3.12/site-packages/sqlalchemy/pool/base.py:389: in _create_connection
    return _ConnectionRecord(self)
           ^^^^^^^^^^^^^^^^^^^^^^^
.venv/lib/python3.12/site-packages/sqlalchemy/pool/base.py:674: in __init__
    self.__connect()
.venv/lib/python3.12/site-packages/sqlalchemy/pool/base.py:900: in __connect
    with util.safe_reraise():
         ^^^^^^^^^^^^^^^^^^^
.venv/lib/python3.12/site-packages/sqlalchemy/util/langhelpers.py:122: in __exit__
    raise exc_value.with_traceback(exc_tb)
.venv/lib/python3.12/site-packages/sqlalchemy/pool/base.py:896: in __connect
    self.dbapi_connection = connection = pool._invoke_creator(self)
                                         ^^^^^^^^^^^^^^^^^^^^^^^^^^
.venv/lib/python3.12/site-packages/sqlalchemy/engine/create.py:667: in connect
    return dialect.connect(*cargs_tup, **cparams)
           ^^^^^^^^^^^^^^^^^^^^^^^^^^^^^^^^^^^^^^
.venv/lib/python3.12/site-packages/sqlalchemy/engine/default.py:630: in connect
    return self.loaded_dbapi.connect(*cargs, **cparams)  # type: ignore[no-any-return]  # NOQA: E501
           ^^^^^^^^^^^^^^^^^^^^^^^^^^^^^^^^^^^^^^^^^^^^
_ _ _ _ _ _ _ _ _ _ _ _ _ _ _ _ _ _ _ _ _ _ _ _ _ _ _ _ _ _ _ _ _ _ _ _ _ _ _ _ 

cls = <class 'psycopg.Connection'>
conninfo = 'host=127.0.0.1 dbname=coastmas user=coastmas password=[REDACTED] port=55432 hostaddr=127.0.0.1'
autocommit = False, prepare_threshold = 5
context = <psycopg.adapt.AdaptersMap object at 0x1092696a0>, row_factory = None
cursor_factory = None
kwargs = {'host': '127.0.0.1', 'dbname': 'coastmas', 'user': 'coastmas', 'password': '[REDACTED]', ...}

    @classmethod
    def connect(
        cls,
        conninfo: str = "",
        *,
        autocommit: bool = False,
        prepare_threshold: int | None = 5,
        context: AdaptContext | None = None,
        row_factory: RowFactory[Row] | None = None,
        cursor_factory: type[Cursor[Row]] | None = None,
        **kwargs: ConnParam,
    ) -> Self:
        """
        Connect to a database server and return a new `Connection` instance.
        """
    
        params = cls._get_connection_params(conninfo, **kwargs)
        timeout = timeout_from_conninfo(params)
        rv = None
        attempts = conninfo_attempts(params)
        conn_errors: list[tuple[e.Error, str]] = []
        for attempt in attempts:
            tdescr = (attempt.get("host"), attempt.get("port"), attempt.get("hostaddr"))
            descr = "host: %r, port: %r, hostaddr: %r" % tdescr
            logger.debug("connection attempt: %s", descr)
            try:
                conninfo = make_conninfo("", **attempt)
                gen = cls._connect_gen(conninfo)
                rv = waiting.wait_conn(gen, interval=_WAIT_INTERVAL, timeout=timeout)
            except e._WaitTimeout:
                tex = e.ConnectionTimeout("connection timeout expired")
                logger.debug("connection failed: %s: %s", descr, str(tex))
                conn_errors.append((tex, descr))
            except e.Error as ex:
                logger.debug("connection failed: %s: %s", descr, str(ex))
                conn_errors.append((ex, descr))
            except e._NO_TRACEBACK as ex:
                raise ex.with_traceback(None)
            else:
                logger.debug("connection succeeded: %s", descr)
                break
    
        if not rv:
            last_ex = conn_errors[-1][0]
            if len(conn_errors) == 1:
>               raise last_ex.with_traceback(None)
E               sqlalchemy.exc.OperationalError: (psycopg.OperationalError) connection failed: connection to server at "127.0.0.1", port 55432 failed: could not receive data from server: Connection refused
E               (Background on this error at: https://sqlalche.me/e/20/e3q8)

.venv/lib/python3.12/site-packages/psycopg/connection.py:126: OperationalError
__________ ERROR at setup of test_foreign_key_rejects_orphan_versions __________

self = <sqlalchemy.engine.base.Connection object at 0x107fa8e30>
engine = Engine(postgresql+psycopg://coastmas:***@127.0.0.1:55432/coastmas)
connection = None, _has_events = None, _allow_revalidate = True
_allow_autobegin = True

    def __init__(
        self,
        engine: Engine,
        connection: Optional[PoolProxiedConnection] = None,
        _has_events: Optional[bool] = None,
        _allow_revalidate: bool = True,
        _allow_autobegin: bool = True,
    ):
        """Construct a new Connection."""
        self.engine = engine
        self.dialect = dialect = engine.dialect
    
        if connection is None:
            try:
>               self._dbapi_connection = engine.raw_connection()
                                         ^^^^^^^^^^^^^^^^^^^^^^^

.venv/lib/python3.12/site-packages/sqlalchemy/engine/base.py:144: 
_ _ _ _ _ _ _ _ _ _ _ _ _ _ _ _ _ _ _ _ _ _ _ _ _ _ _ _ _ _ _ _ _ _ _ _ _ _ _ _ 
.venv/lib/python3.12/site-packages/sqlalchemy/engine/base.py:3319: in raw_connection
    return self.pool.connect()
           ^^^^^^^^^^^^^^^^^^^
.venv/lib/python3.12/site-packages/sqlalchemy/pool/base.py:448: in connect
    return _ConnectionFairy._checkout(self)
           ^^^^^^^^^^^^^^^^^^^^^^^^^^^^^^^^
.venv/lib/python3.12/site-packages/sqlalchemy/pool/base.py:1290: in _checkout
    fairy = _ConnectionRecord.checkout(pool)
            ^^^^^^^^^^^^^^^^^^^^^^^^^^^^^^^^
.venv/lib/python3.12/site-packages/sqlalchemy/pool/base.py:712: in checkout
    rec = pool._do_get()
          ^^^^^^^^^^^^^^
.venv/lib/python3.12/site-packages/sqlalchemy/pool/impl.py:178: in _do_get
    with util.safe_reraise():
         ^^^^^^^^^^^^^^^^^^^
.venv/lib/python3.12/site-packages/sqlalchemy/util/langhelpers.py:122: in __exit__
    raise exc_value.with_traceback(exc_tb)
.venv/lib/python3.12/site-packages/sqlalchemy/pool/impl.py:176: in _do_get
    return self._create_connection()
           ^^^^^^^^^^^^^^^^^^^^^^^^^
.venv/lib/python3.12/site-packages/sqlalchemy/pool/base.py:389: in _create_connection
    return _ConnectionRecord(self)
           ^^^^^^^^^^^^^^^^^^^^^^^
.venv/lib/python3.12/site-packages/sqlalchemy/pool/base.py:674: in __init__
    self.__connect()
.venv/lib/python3.12/site-packages/sqlalchemy/pool/base.py:900: in __connect
    with util.safe_reraise():
         ^^^^^^^^^^^^^^^^^^^
.venv/lib/python3.12/site-packages/sqlalchemy/util/langhelpers.py:122: in __exit__
    raise exc_value.with_traceback(exc_tb)
.venv/lib/python3.12/site-packages/sqlalchemy/pool/base.py:896: in __connect
    self.dbapi_connection = connection = pool._invoke_creator(self)
                                         ^^^^^^^^^^^^^^^^^^^^^^^^^^
.venv/lib/python3.12/site-packages/sqlalchemy/engine/create.py:667: in connect
    return dialect.connect(*cargs_tup, **cparams)
           ^^^^^^^^^^^^^^^^^^^^^^^^^^^^^^^^^^^^^^
.venv/lib/python3.12/site-packages/sqlalchemy/engine/default.py:630: in connect
    return self.loaded_dbapi.connect(*cargs, **cparams)  # type: ignore[no-any-return]  # NOQA: E501
           ^^^^^^^^^^^^^^^^^^^^^^^^^^^^^^^^^^^^^^^^^^^^
_ _ _ _ _ _ _ _ _ _ _ _ _ _ _ _ _ _ _ _ _ _ _ _ _ _ _ _ _ _ _ _ _ _ _ _ _ _ _ _ 

cls = <class 'psycopg.Connection'>
conninfo = 'host=127.0.0.1 dbname=coastmas user=coastmas password=[REDACTED] port=55432 hostaddr=127.0.0.1'
autocommit = False, prepare_threshold = 5
context = <psycopg.adapt.AdaptersMap object at 0x1092696a0>, row_factory = None
cursor_factory = None
kwargs = {'host': '127.0.0.1', 'dbname': 'coastmas', 'user': 'coastmas', 'password': '[REDACTED]', ...}

    @classmethod
    def connect(
        cls,
        conninfo: str = "",
        *,
        autocommit: bool = False,
        prepare_threshold: int | None = 5,
        context: AdaptContext | None = None,
        row_factory: RowFactory[Row] | None = None,
        cursor_factory: type[Cursor[Row]] | None = None,
        **kwargs: ConnParam,
    ) -> Self:
        """
        Connect to a database server and return a new `Connection` instance.
        """
    
        params = cls._get_connection_params(conninfo, **kwargs)
        timeout = timeout_from_conninfo(params)
        rv = None
        attempts = conninfo_attempts(params)
        conn_errors: list[tuple[e.Error, str]] = []
        for attempt in attempts:
            tdescr = (attempt.get("host"), attempt.get("port"), attempt.get("hostaddr"))
            descr = "host: %r, port: %r, hostaddr: %r" % tdescr
            logger.debug("connection attempt: %s", descr)
            try:
                conninfo = make_conninfo("", **attempt)
                gen = cls._connect_gen(conninfo)
                rv = waiting.wait_conn(gen, interval=_WAIT_INTERVAL, timeout=timeout)
            except e._WaitTimeout:
                tex = e.ConnectionTimeout("connection timeout expired")
                logger.debug("connection failed: %s: %s", descr, str(tex))
                conn_errors.append((tex, descr))
            except e.Error as ex:
                logger.debug("connection failed: %s: %s", descr, str(ex))
                conn_errors.append((ex, descr))
            except e._NO_TRACEBACK as ex:
                raise ex.with_traceback(None)
            else:
                logger.debug("connection succeeded: %s", descr)
                break
    
        if not rv:
            last_ex = conn_errors[-1][0]
            if len(conn_errors) == 1:
>               raise last_ex.with_traceback(None)
E               psycopg.OperationalError: connection failed: connection to server at "127.0.0.1", port 55432 failed: could not receive data from server: Connection refused

.venv/lib/python3.12/site-packages/psycopg/connection.py:126: OperationalError

The above exception was the direct cause of the following exception:

    @pytest.fixture(scope="module")
    def engine():
        database_name = "coastmas_test_" + uuid4().hex
        administrative = create_engine(local_database_url(), isolation_level="AUTOCOMMIT")
>       with administrative.connect() as connection:
             ^^^^^^^^^^^^^^^^^^^^^^^^

tests/integration/test_persistence.py:22: 
_ _ _ _ _ _ _ _ _ _ _ _ _ _ _ _ _ _ _ _ _ _ _ _ _ _ _ _ _ _ _ _ _ _ _ _ _ _ _ _ 
.venv/lib/python3.12/site-packages/sqlalchemy/engine/base.py:3295: in connect
    return self._connection_cls(self)
           ^^^^^^^^^^^^^^^^^^^^^^^^^^
.venv/lib/python3.12/site-packages/sqlalchemy/engine/base.py:146: in __init__
    Connection._handle_dbapi_exception_noconnection(
.venv/lib/python3.12/site-packages/sqlalchemy/engine/base.py:2450: in _handle_dbapi_exception_noconnection
    raise sqlalchemy_exception.with_traceback(exc_info[2]) from e
.venv/lib/python3.12/site-packages/sqlalchemy/engine/base.py:144: in __init__
    self._dbapi_connection = engine.raw_connection()
                             ^^^^^^^^^^^^^^^^^^^^^^^
.venv/lib/python3.12/site-packages/sqlalchemy/engine/base.py:3319: in raw_connection
    return self.pool.connect()
           ^^^^^^^^^^^^^^^^^^^
.venv/lib/python3.12/site-packages/sqlalchemy/pool/base.py:448: in connect
    return _ConnectionFairy._checkout(self)
           ^^^^^^^^^^^^^^^^^^^^^^^^^^^^^^^^
.venv/lib/python3.12/site-packages/sqlalchemy/pool/base.py:1290: in _checkout
    fairy = _ConnectionRecord.checkout(pool)
            ^^^^^^^^^^^^^^^^^^^^^^^^^^^^^^^^
.venv/lib/python3.12/site-packages/sqlalchemy/pool/base.py:712: in checkout
    rec = pool._do_get()
          ^^^^^^^^^^^^^^
.venv/lib/python3.12/site-packages/sqlalchemy/pool/impl.py:178: in _do_get
    with util.safe_reraise():
         ^^^^^^^^^^^^^^^^^^^
.venv/lib/python3.12/site-packages/sqlalchemy/util/langhelpers.py:122: in __exit__
    raise exc_value.with_traceback(exc_tb)
.venv/lib/python3.12/site-packages/sqlalchemy/pool/impl.py:176: in _do_get
    return self._create_connection()
           ^^^^^^^^^^^^^^^^^^^^^^^^^
.venv/lib/python3.12/site-packages/sqlalchemy/pool/base.py:389: in _create_connection
    return _ConnectionRecord(self)
           ^^^^^^^^^^^^^^^^^^^^^^^
.venv/lib/python3.12/site-packages/sqlalchemy/pool/base.py:674: in __init__
    self.__connect()
.venv/lib/python3.12/site-packages/sqlalchemy/pool/base.py:900: in __connect
    with util.safe_reraise():
         ^^^^^^^^^^^^^^^^^^^
.venv/lib/python3.12/site-packages/sqlalchemy/util/langhelpers.py:122: in __exit__
    raise exc_value.with_traceback(exc_tb)
.venv/lib/python3.12/site-packages/sqlalchemy/pool/base.py:896: in __connect
    self.dbapi_connection = connection = pool._invoke_creator(self)
                                         ^^^^^^^^^^^^^^^^^^^^^^^^^^
.venv/lib/python3.12/site-packages/sqlalchemy/engine/create.py:667: in connect
    return dialect.connect(*cargs_tup, **cparams)
           ^^^^^^^^^^^^^^^^^^^^^^^^^^^^^^^^^^^^^^
.venv/lib/python3.12/site-packages/sqlalchemy/engine/default.py:630: in connect
    return self.loaded_dbapi.connect(*cargs, **cparams)  # type: ignore[no-any-return]  # NOQA: E501
           ^^^^^^^^^^^^^^^^^^^^^^^^^^^^^^^^^^^^^^^^^^^^
_ _ _ _ _ _ _ _ _ _ _ _ _ _ _ _ _ _ _ _ _ _ _ _ _ _ _ _ _ _ _ _ _ _ _ _ _ _ _ _ 

cls = <class 'psycopg.Connection'>
conninfo = 'host=127.0.0.1 dbname=coastmas user=coastmas password=[REDACTED] port=55432 hostaddr=127.0.0.1'
autocommit = False, prepare_threshold = 5
context = <psycopg.adapt.AdaptersMap object at 0x1092696a0>, row_factory = None
cursor_factory = None
kwargs = {'host': '127.0.0.1', 'dbname': 'coastmas', 'user': 'coastmas', 'password': '[REDACTED]', ...}

    @classmethod
    def connect(
        cls,
        conninfo: str = "",
        *,
        autocommit: bool = False,
        prepare_threshold: int | None = 5,
        context: AdaptContext | None = None,
        row_factory: RowFactory[Row] | None = None,
        cursor_factory: type[Cursor[Row]] | None = None,
        **kwargs: ConnParam,
    ) -> Self:
        """
        Connect to a database server and return a new `Connection` instance.
        """
    
        params = cls._get_connection_params(conninfo, **kwargs)
        timeout = timeout_from_conninfo(params)
        rv = None
        attempts = conninfo_attempts(params)
        conn_errors: list[tuple[e.Error, str]] = []
        for attempt in attempts:
            tdescr = (attempt.get("host"), attempt.get("port"), attempt.get("hostaddr"))
            descr = "host: %r, port: %r, hostaddr: %r" % tdescr
            logger.debug("connection attempt: %s", descr)
            try:
                conninfo = make_conninfo("", **attempt)
                gen = cls._connect_gen(conninfo)
                rv = waiting.wait_conn(gen, interval=_WAIT_INTERVAL, timeout=timeout)
            except e._WaitTimeout:
                tex = e.ConnectionTimeout("connection timeout expired")
                logger.debug("connection failed: %s: %s", descr, str(tex))
                conn_errors.append((tex, descr))
            except e.Error as ex:
                logger.debug("connection failed: %s: %s", descr, str(ex))
                conn_errors.append((ex, descr))
            except e._NO_TRACEBACK as ex:
                raise ex.with_traceback(None)
            else:
                logger.debug("connection succeeded: %s", descr)
                break
    
        if not rv:
            last_ex = conn_errors[-1][0]
            if len(conn_errors) == 1:
>               raise last_ex.with_traceback(None)
E               sqlalchemy.exc.OperationalError: (psycopg.OperationalError) connection failed: connection to server at "127.0.0.1", port 55432 failed: could not receive data from server: Connection refused
E               (Background on this error at: https://sqlalche.me/e/20/e3q8)

.venv/lib/python3.12/site-packages/psycopg/connection.py:126: OperationalError
=========================== short test summary info ============================
ERROR tests/integration/test_persistence.py::test_resource_permissions_and_immutable_versions
ERROR tests/integration/test_persistence.py::test_foreign_key_rejects_orphan_versions
2 errors in 3.93s
