
> coastmas-web@0.1.0 build
> tsc --noEmit && vite build

vite v8.3.0 building client environment for production...
transforming...
✓ 1025 modules transformed.
rendering chunks...
computing gzip size...
dist/index.html                                 0.51 kB │ gzip:   0.36 kB
dist/assets/maplibre-gl-worker-CNLXcz58.js    508.48 kB
dist/assets/index-CydU-A9W.css                  8.89 kB │ gzip:   2.81 kB
dist/assets/style-DLioOiRN.css                 15.41 kB │ gzip:   2.56 kB
dist/assets/GeoMap-CKRTiAqP.css                82.86 kB │ gzip:  10.71 kB
dist/assets/result-data-BKKgQXne.js             1.11 kB │ gzip:   0.51 kB
dist/assets/WorkflowGraph-Ysw5Q0au.js           2.15 kB │ gzip:   1.09 kB
dist/assets/GeoMap-BkFFTYmD.js                  2.37 kB │ gzip:   1.30 kB
dist/assets/Dashboard-DrRfbBiP.js               2.40 kB │ gzip:   1.25 kB
dist/assets/Runs-DKltwopM.js                    3.51 kB │ gzip:   1.51 kB
dist/assets/Workflow-nED7Bfas.js                3.61 kB │ gzip:   1.78 kB
dist/assets/Catalog-D5rVM-Xv.js                 4.56 kB │ gzip:   2.02 kB
dist/assets/Results-QMt-8BcS.js                 5.41 kB │ gzip:   1.99 kB
dist/assets/KnowledgeGraph-BpcUon4u.js          6.85 kB │ gzip:   3.08 kB
dist/assets/Entities-Cqe4hS01.js                7.01 kB │ gzip:   2.99 kB
dist/assets/Planner-mH4Nqtaa.js                 8.25 kB │ gzip:   3.54 kB
dist/assets/jsx-runtime-Bzw2jH9X.js             9.08 kB │ gzip:   3.46 kB
dist/assets/WorkflowEditor-CL_b8OeK.js         16.67 kB │ gzip:   6.38 kB
dist/assets/contracts-C9f469Pr.js             176.29 kB │ gzip:  46.57 kB
dist/assets/style-BLi8n_fj.js                 177.72 kB │ gzip:  57.32 kB
dist/assets/index-DpHJlaMi.js                 391.45 kB │ gzip: 120.07 kB
dist/assets/CoastalStatistics-DUmXmHoH.js     543.54 kB │ gzip: 185.03 kB
dist/assets/maplibre-gl-558Sartg.js         1,018.90 kB │ gzip: 274.91 kB

[plugin builtin:vite-reporter] 
(!) Some chunks are larger than 500 kB after minification. Consider:
- Using dynamic import() to code-split the application
- Use build.rolldownOptions.output.codeSplitting to improve chunking: https://rolldown.rs/reference/OutputOptions.codeSplitting
- Adjust chunk size limit for this warning via build.chunkSizeWarningLimit.
✓ built in 300ms
