...F                                                                     [100%]
=================================== FAILURES ===================================
_____ test_author_reassigned_viewer_retains_read_access_but_cannot_revise ______

engine = Engine(postgresql+psycopg://coastmas:***@127.0.0.1:55432/coastmas_test_175fdf585b92478d93c649f3eb5fa463)
actors = ('97a2ac80-864f-436b-8462-0fed945cf07a', '36332eac-9e90-42ec-b1a8-37c34cc690e2', '084030bd-7180-49de-90ef-65575b07a6f4', 'b479f11b-6e53-4656-a74c-f168ffee6649')

    def test_author_reassigned_viewer_retains_read_access_but_cannot_revise(engine, actors):
        owner, viewer, outsider, project = actors
        with Session(engine) as session, session.begin():
            selected = setup_scene(session, owner, project)
            proposal = draft(selected.id)
            save_proposal(session,user_id=owner,project_id=project,draft=proposal)
            session.get(Membership,(project,owner)).role="VIEWER"
>           assert read_resource(session,user_id=owner,identifier=proposal.id).version == 1
                   ^^^^^^^^^^^^^^^^^^^^^^^^^^^^^^^^^^^^^^^^^^^^^^^^^^^^^^^^^^^

tests/integration/test_collaboration_persistence.py:171: 
_ _ _ _ _ _ _ _ _ _ _ _ _ _ _ _ _ _ _ _ _ _ _ _ _ _ _ _ _ _ _ _ _ _ _ _ _ _ _ _ 
src/coastmas/persistence/resources.py:245: in read_resource
    require_permission(session, user_id, resource.project_id, "participate")
_ _ _ _ _ _ _ _ _ _ _ _ _ _ _ _ _ _ _ _ _ _ _ _ _ _ _ _ _ _ _ _ _ _ _ _ _ _ _ _ 

session = <sqlalchemy.orm.session.Session object at 0x11eaab9e0>
user_id = '97a2ac80-864f-436b-8462-0fed945cf07a'
project_id = 'b479f11b-6e53-4656-a74c-f168ffee6649', action = 'participate'
published = False

    def require_permission(
        session: Session, user_id: str, project_id: str, action: str, published: bool = False
    ) -> None:
        user = session.scalar(
            select(User).where(User.id == user_id).execution_options(populate_existing=True)
        )
        if user is None or not user.active:
            raise CoastMASError("AUTHORIZATION_ERROR", "permission denied")
        if user.is_admin:
            return
        member = session.scalar(
            select(Membership)
            .where(Membership.project_id == project_id, Membership.user_id == user_id)
            .execution_options(populate_existing=True)
        )
        allowed = {
            "read": {"ADMIN", "RESEARCHER", "MANAGER", "VIEWER"},
            "write": {"ADMIN", "RESEARCHER", "MANAGER"},
            "publish": {"ADMIN", "MANAGER"},
            "participate": {"ADMIN", "RESEARCHER", "MANAGER", "PUBLIC"},
            "admin": {"ADMIN"},
        }
        if member is not None:
            if member.role in allowed.get(action, set()):
                return
            if member.role == "PUBLIC" and action == "read" and published:
                return
>       raise CoastMASError("AUTHORIZATION_ERROR", "permission denied")
E       coastmas.core.errors.CoastMASError: permission denied

src/coastmas/persistence/resources.py:80: CoastMASError
=============================== warnings summary ===============================
.venv/lib/python3.12/site-packages/fastapi/testclient.py:1
  /Users/quanyiming/Projects/CoastMAS/.venv/lib/python3.12/site-packages/fastapi/testclient.py:1: StarletteDeprecationWarning: Using `httpx` with `starlette.testclient` is deprecated; install `httpx2` instead.
    from starlette.testclient import TestClient as TestClient  # noqa

.venv/lib/python3.12/site-packages/starlette/testclient.py:53
  /Users/quanyiming/Projects/CoastMAS/.venv/lib/python3.12/site-packages/starlette/testclient.py:53: DeprecationWarning: The anyio.abc.BlockingPortal alias is deprecated, use anyio.from_thread.BlockingPortal instead.
    _PortalFactoryType = Callable[[], AbstractContextManager[anyio.abc.BlockingPortal]]

-- Docs: https://docs.pytest.org/en/stable/how-to/capture-warnings.html
=========================== short test summary info ============================
FAILED tests/integration/test_collaboration_persistence.py::test_author_reassigned_viewer_retains_read_access_but_cannot_revise
1 failed, 3 passed, 2 warnings in 3.49s
