go: downloading cloud.google.com/go/storage v1.52.0
go: downloading github.com/Azure/azure-sdk-for-go/sdk/azcore v1.18.0
go: downloading github.com/Azure/azure-sdk-for-go/sdk/azidentity v1.9.0
go: downloading github.com/Azure/azure-sdk-for-go/sdk/storage/azblob v1.6.1
go: downloading github.com/cespare/xxhash/v2 v2.3.0
go: downloading github.com/cheggaaa/pb v1.0.29
go: downloading github.com/coreos/go-oidc/v3 v3.14.1
go: downloading github.com/coreos/go-systemd/v22 v22.5.0
go: downloading github.com/cosnicolaou/pbzip2 v1.0.5
go: downloading github.com/dchest/siphash v1.2.3
go: downloading github.com/dustin/go-humanize v1.0.1
go: downloading github.com/fatih/color v1.18.0
go: downloading cloud.google.com/go v0.120.1
go: downloading github.com/felixge/fgprof v0.9.5
go: downloading github.com/go-openapi/loads v0.22.0
go: downloading github.com/golang-jwt/jwt/v4 v4.5.2
go: downloading github.com/google/uuid v1.6.0
go: downloading github.com/inconshreveable/mousetrap v1.1.0
go: downloading github.com/json-iterator/go v1.1.12
go: downloading github.com/klauspost/compress v1.18.0
go: downloading github.com/klauspost/pgzip v1.2.6
go: downloading github.com/klauspost/filepathx v1.1.1
go: downloading github.com/klauspost/readahead v1.4.0
go: downloading github.com/klauspost/reedsolomon v1.12.4
go: downloading github.com/lithammer/shortuuid/v4 v4.2.0
go: downloading github.com/miekg/dns v1.1.65
go: downloading github.com/minio/cli v1.24.2
go: downloading github.com/minio/console v1.7.7-0.20250905210349-2017f33b26e1
go: downloading github.com/minio/dnscache v0.1.1
go: downloading github.com/minio/dperf v0.6.3
go: downloading github.com/minio/highwayhash v1.0.3
go: downloading github.com/minio/kms-go/kes v0.3.1
go: downloading github.com/minio/madmin-go/v3 v3.0.109
go: downloading github.com/minio/minio-go/v7 v7.0.91
go: downloading github.com/minio/mux v1.9.2
go: downloading github.com/minio/pkg/v3 v3.1.3
go: downloading github.com/minio/selfupdate v0.6.0
go: downloading github.com/minio/zipindex v0.4.0
go: downloading github.com/minio/xxml v0.0.3
go: downloading github.com/minio/sio v0.4.1
go: downloading github.com/mitchellh/go-homedir v1.1.0
go: downloading github.com/philhofer/fwd v1.2.0
go: downloading github.com/pkg/errors v0.9.1
go: downloading github.com/pierrec/lz4/v4 v4.1.22
go: downloading github.com/pkg/sftp v1.13.9
go: downloading github.com/pkg/xattr v0.4.10
go: downloading github.com/prometheus/client_golang v1.22.0
go: downloading github.com/prometheus/client_model v0.6.2
go: downloading github.com/prometheus/common v0.63.0
go: downloading github.com/prometheus/procfs v0.16.1
go: downloading github.com/puzpuzpuz/xsync/v3 v3.5.1
go: downloading github.com/rcrowley/go-metrics v0.0.0-20250401214520-65e299d6c5c9
go: downloading github.com/rs/cors v1.11.1
go: downloading github.com/secure-io/sio-go v0.3.1
go: downloading github.com/shirou/gopsutil/v3 v3.24.5
go: downloading github.com/tinylib/msgp v1.4.0
go: downloading github.com/valyala/bytebufferpool v1.0.0
go: downloading github.com/zeebo/xxh3 v1.0.2
go: downloading go.etcd.io/etcd/api/v3 v3.5.21
go: downloading go.etcd.io/etcd/client/v3 v3.5.21
go: downloading go.uber.org/atomic v1.11.0
go: downloading goftp.io/server/v2 v2.0.1
go: downloading golang.org/x/crypto v0.37.0
go: downloading golang.org/x/oauth2 v0.29.0
go: downloading golang.org/x/sync v0.13.0
go: downloading golang.org/x/sys v0.32.0
go: downloading golang.org/x/term v0.31.0
go: downloading google.golang.org/api v0.230.0
go: downloading gopkg.in/yaml.v2 v2.4.0
go: downloading gopkg.in/yaml.v3 v3.0.1
go: downloading github.com/go-jose/go-jose/v4 v4.1.0
go: downloading github.com/mattn/go-runewidth v0.0.16
go: downloading github.com/Azure/azure-sdk-for-go/sdk/internal v1.11.1
go: downloading github.com/AzureAD/microsoft-authentication-library-for-go v1.4.2
go: downloading github.com/mattn/go-colorable v0.1.14
go: downloading github.com/mattn/go-isatty v0.0.20
go: downloading cloud.google.com/go/iam v1.5.2
go: downloading cloud.google.com/go/compute/metadata v0.6.0
go: downloading github.com/GoogleCloudPlatform/opentelemetry-operations-go/exporter/metric v0.51.0
go: downloading go.opentelemetry.io/contrib/detectors/gcp v1.35.0
go: downloading github.com/googleapis/gax-go/v2 v2.14.1
go: downloading go.opentelemetry.io/otel v1.35.0
go: downloading go.opentelemetry.io/otel/sdk/metric v1.35.0
go: downloading go.opentelemetry.io/otel/sdk v1.35.0
go: downloading go.opentelemetry.io/otel/trace v1.35.0
go: downloading google.golang.org/grpc v1.72.0
go: downloading google.golang.org/genproto v0.0.0-20250422160041-2d3770c4ea7f
go: downloading google.golang.org/protobuf v1.36.6
go: downloading github.com/modern-go/concurrent v0.0.0-20180306012644-bacd9c7ef1dd
go: downloading github.com/google/pprof v0.0.0-20250422154841-e1f9c1950416
go: downloading github.com/modern-go/reflect2 v1.0.2
go: downloading github.com/go-openapi/analysis v0.23.0
go: downloading github.com/go-openapi/spec v0.21.0
go: downloading github.com/go-openapi/swag v0.23.1
go: downloading github.com/klauspost/cpuid/v2 v2.2.10
go: downloading golang.org/x/net v0.39.0
go: downloading github.com/ncw/directio v1.0.5
go: downloading aead.dev/mem v0.2.0
go: downloading github.com/go-openapi/errors v0.22.1
go: downloading github.com/go-openapi/runtime v0.28.0
go: downloading github.com/go-openapi/strfmt v0.23.0
go: downloading github.com/jessevdk/go-flags v1.6.1
go: downloading github.com/minio/mc v0.0.0-20250313080218-cf909e1063a9
go: downloading github.com/minio/websocket v1.6.0
go: downloading github.com/unrolled/secure v1.17.0
go: downloading github.com/prometheus/prom2json v1.4.2
go: downloading github.com/safchain/ethtool v0.5.10
go: downloading github.com/go-ini/ini v1.67.0
go: downloading github.com/goccy/go-json v0.10.5
go: downloading github.com/minio/crc64nvme v1.0.1
go: downloading github.com/minio/md5-simd v1.1.2
go: downloading github.com/rs/xid v1.6.0
go: downloading golang.org/x/time v0.11.0
go: downloading github.com/beevik/ntp v1.4.3
go: downloading go.uber.org/zap v1.27.0
go: downloading github.com/go-ldap/ldap/v3 v3.4.11
go: downloading github.com/rabbitmq/amqp091-go v1.10.0
go: downloading github.com/IBM/sarama v1.45.1
go: downloading github.com/eclipse/paho.mqtt.golang v1.5.0
go: downloading github.com/elastic/go-elasticsearch/v7 v7.17.10
go: downloading github.com/go-sql-driver/mysql v1.9.2
go: downloading github.com/gomodule/redigo v1.9.2
go: downloading github.com/lib/pq v1.10.9
go: downloading github.com/nats-io/nats.go v1.41.2
go: downloading github.com/nats-io/stan.go v0.10.4
go: downloading github.com/nsqio/go-nsq v1.1.0
go: downloading github.com/xdg/scram v1.0.5
go: downloading github.com/gobwas/ws v1.4.0
go: downloading github.com/buger/jsonparser v1.1.1
go: downloading aead.dev/mtls v0.2.1
go: downloading github.com/minio/kms-go/kms v0.5.1-0.20250225090116-4e64ce8d0f35
go: downloading github.com/minio/simdjson-go v0.4.5
go: downloading github.com/rjeczalik/notify v0.9.3
go: downloading github.com/lestrrat-go/jwx/v2 v2.1.4
go: downloading github.com/fatih/structs v1.1.0
go: downloading github.com/kr/fs v0.1.0
go: downloading aead.dev/minisign v0.3.0
go: downloading github.com/munnerz/goautoneg v0.0.0-20191010083416-a7dc8b61c822
go: downloading github.com/gogo/protobuf v1.3.2
go: downloading github.com/golang/protobuf v1.5.4
go: downloading github.com/tklauser/go-sysconf v0.3.15
go: downloading go.etcd.io/etcd/client/pkg/v3 v3.5.21
go: downloading github.com/rivo/uniseg v0.4.7
go: downloading github.com/kylelemons/godebug v1.1.0
go: downloading github.com/pkg/browser v0.0.0-20240102092130-5ac0b6a4141c
go: downloading google.golang.org/genproto/googleapis/api v0.0.0-20250422160041-2d3770c4ea7f
go: downloading google.golang.org/genproto/googleapis/rpc v0.0.0-20250422160041-2d3770c4ea7f
go: downloading cloud.google.com/go/monitoring v1.24.2
go: downloading github.com/GoogleCloudPlatform/opentelemetry-operations-go/internal/resourcemapping v0.51.0
go: downloading github.com/GoogleCloudPlatform/opentelemetry-operations-go/detectors/gcp v1.27.0
go: downloading cloud.google.com/go/auth v0.16.0
go: downloading cloud.google.com/go/auth/oauth2adapt v0.2.8
go: downloading go.opentelemetry.io/contrib/instrumentation/net/http/otelhttp v0.60.0
go: downloading go.opentelemetry.io/otel/metric v1.35.0
go: downloading github.com/go-logr/logr v1.4.2
go: downloading github.com/go-openapi/jsonpointer v0.21.1
go: downloading github.com/mailru/easyjson v0.9.0
go: downloading github.com/go-openapi/validate v0.24.0
go: downloading github.com/go-openapi/jsonreference v0.21.0
go: downloading github.com/asaskevich/govalidator v0.0.0-20230301143203-a9d515a09cc2
go: downloading github.com/mitchellh/mapstructure v1.5.0
go: downloading go.mongodb.org/mongo-driver v1.17.3
go: downloading github.com/oklog/ulid v1.3.1
go: downloading github.com/docker/go-units v0.5.0
go: downloading github.com/charmbracelet/bubbles v0.20.0
go: downloading github.com/charmbracelet/bubbletea v1.3.4
go: downloading github.com/charmbracelet/lipgloss v1.0.0
go: downloading github.com/google/shlex v0.0.0-20191202100458-e7afc7fbc510
go: downloading github.com/jedib0t/go-pretty/v6 v6.6.7
go: downloading github.com/mattn/go-ieproxy v0.0.12
go: downloading github.com/minio/filepath v1.0.0
go: downloading github.com/minio/colorjson v1.0.8
go: downloading github.com/muesli/reflow v0.3.0
go: downloading github.com/muesli/termenv v0.16.0
go: downloading github.com/posener/complete v1.2.3
go: downloading github.com/olekukonko/tablewriter v0.0.5
go: downloading github.com/tidwall/gjson v1.18.0
go: downloading github.com/vbauerster/mpb/v8 v8.9.3
go: downloading golang.org/x/text v0.24.0
go: downloading github.com/matttproud/golang_protobuf_extensions v1.0.4
go: downloading github.com/go-asn1-ber/asn1-ber v1.5.8-0.20250403174932-29230038a667
go: downloading github.com/Azure/go-ntlmssp v0.0.0-20221128193559-754e69321358
go: downloading go.uber.org/multierr v1.11.0
go: downloading github.com/davecgh/go-spew v1.1.2-0.20180830191138-d8f796af33cc
go: downloading github.com/eapache/go-resiliency v1.7.0
go: downloading github.com/eapache/go-xerial-snappy v0.0.0-20230731223053-c322873962e3
go: downloading github.com/eapache/queue v1.1.0
go: downloading github.com/hashicorp/go-multierror v1.1.1
go: downloading github.com/jcmturner/gofork v1.7.6
go: downloading github.com/jcmturner/gokrb5/v8 v8.4.4
go: downloading filippo.io/edwards25519 v1.1.0
go: downloading github.com/nats-io/nuid v1.0.1
go: downloading github.com/minio/csvparser v1.0.0
go: downloading github.com/fraugster/parquet-go v0.12.0
go: downloading github.com/alecthomas/participle v0.7.1
go: downloading github.com/gobwas/httphead v0.1.0
go: downloading github.com/gobwas/pool v0.2.1
go: downloading github.com/golang/snappy v1.0.0
go: downloading github.com/gorilla/websocket v1.5.3
go: downloading github.com/xdg/stringprep v1.0.3
go: downloading github.com/nats-io/nkeys v0.4.11
go: downloading github.com/coreos/go-semver v0.3.1
go: downloading github.com/lestrrat-go/option v1.0.1
go: downloading github.com/golang-jwt/jwt/v5 v5.2.2
go: downloading github.com/lestrrat-go/iter v1.0.2
go: downloading github.com/lestrrat-go/blackmagic v1.0.2
go: downloading github.com/lestrrat-go/httprc v1.0.6
go: downloading go.opentelemetry.io/contrib/instrumentation/google.golang.org/grpc/otelgrpc v0.60.0
go: downloading github.com/tklauser/numcpus v0.10.0
go: downloading github.com/google/s2a-go v0.1.9
go: downloading github.com/googleapis/enterprise-certificate-proxy v0.3.6
go: downloading github.com/go-logr/stdr v1.2.2
go: downloading go.opentelemetry.io/auto/sdk v1.1.0
go: downloading github.com/envoyproxy/go-control-plane/envoy v1.32.4
go: downloading github.com/felixge/httpsnoop v1.0.4
go: downloading github.com/josharian/intern v1.0.0
go: downloading github.com/charmbracelet/x/ansi v0.8.0
go: downloading github.com/charmbracelet/x/term v0.2.1
go: downloading github.com/muesli/ansi v0.0.0-20230316100256-276c6243b2f6
go: downloading github.com/muesli/cancelreader v0.2.2
go: downloading github.com/juju/ratelimit v1.0.2
go: downloading github.com/aymanbagabas/go-osc52/v2 v2.0.1
go: downloading github.com/lucasb-eyer/go-colorful v1.2.0
go: downloading github.com/prometheus/prometheus v0.303.0
go: downloading github.com/tidwall/match v1.1.1
go: downloading github.com/tidwall/pretty v1.2.1
go: downloading github.com/acarl005/stripansi v0.0.0-20180116102854-5a71ef0e047d
go: downloading github.com/VividCortex/ewma v1.2.0
go: downloading github.com/hashicorp/errwrap v1.1.0
go: downloading github.com/jcmturner/dnsutils/v2 v2.0.0
go: downloading github.com/hashicorp/go-uuid v1.0.3
go: downloading github.com/apache/thrift v0.21.0
go: downloading github.com/spiffe/go-spiffe/v2 v2.5.0
go: downloading github.com/lestrrat-go/httpcc v1.0.1
go: downloading github.com/cncf/xds/go v0.0.0-20250326154945-ae57f3c0d45f
go: downloading github.com/envoyproxy/protoc-gen-validate v1.2.1
go: downloading github.com/jcmturner/rpc/v2 v2.0.3
go: downloading github.com/jcmturner/aescts/v2 v2.0.0
go: downloading cel.dev/expr v0.23.1
go: downloading github.com/zeebo/errs v1.4.0
../module-cache/google.golang.org/grpc@v1.72.0/xds/internal/resolver/serviceconfig.go:31:2: github.com/cespare/xxhash/v2@v2.3.0: Get "http://127.0.0.1:51329/github.com/cespare/xxhash/v2/@v/v2.3.0.zip": read tcp 127.0.0.1:51334->127.0.0.1:51329: read: connection reset by peer
../module-cache/github.com/tinylib/msgp@v1.4.0/msgp/read.go:12:2: github.com/philhofer/fwd@v1.2.0: Get "http://127.0.0.1:51329/github.com/philhofer/fwd/@v/v1.2.0.zip": dial tcp 127.0.0.1:51329: connect: connection reset by peer
../module-cache/github.com/minio/mc@v0.0.0-20250313080218-cf909e1063a9/cmd/mirror-main.go:42:2: github.com/prometheus/client_golang@v1.22.0: Get "http://127.0.0.1:51329/github.com/prometheus/client_golang/@v/v1.22.0.zip": read tcp 127.0.0.1:51825->127.0.0.1:51329: read: connection reset by peer
../module-cache/github.com/minio/mc@v0.0.0-20250313080218-cf909e1063a9/cmd/mirror-main.go:43:2: github.com/prometheus/client_golang@v1.22.0: Get "http://127.0.0.1:51329/github.com/prometheus/client_golang/@v/v1.22.0.zip": read tcp 127.0.0.1:51825->127.0.0.1:51329: read: connection reset by peer
../module-cache/github.com/minio/mc@v0.0.0-20250313080218-cf909e1063a9/cmd/mirror-main.go:44:2: github.com/prometheus/client_golang@v1.22.0: Get "http://127.0.0.1:51329/github.com/prometheus/client_golang/@v/v1.22.0.zip": read tcp 127.0.0.1:51825->127.0.0.1:51329: read: connection reset by peer
../module-cache/github.com/!i!b!m/sarama@v1.45.1/compress.go:10:2: github.com/pierrec/lz4/v4@v4.1.22: Get "http://127.0.0.1:51329/github.com/pierrec/lz4/v4/@v/v4.1.22.zip": read tcp 127.0.0.1:51820->127.0.0.1:51329: read: connection reset by peer
cmd/metrics-v3.go:25:2: github.com/prometheus/client_golang@v1.22.0: Get "http://127.0.0.1:51329/github.com/prometheus/client_golang/@v/v1.22.0.zip": read tcp 127.0.0.1:51825->127.0.0.1:51329: read: connection reset by peer
