
> coastmas-task-workspace@2.0.0 build
> tsc --noEmit && vite build

vite v8.3.0 building client environment for production...
transforming...
✓ 2103 modules transformed.
rendering chunks...
computing gzip size...
dist/index.html                                 0.37 kB │ gzip:   0.30 kB
dist/assets/maplibre-gl-worker-CNLXcz58.js    508.48 kB
dist/assets/index-D6vmXs30.css                 59.71 kB │ gzip:  11.44 kB
dist/assets/maplibre-gl-CKRTiAqP.css           82.86 kB │ gzip:  10.71 kB
dist/assets/VectorMap-D086yOOs.js               6.36 kB │ gzip:   2.59 kB
dist/assets/AssetMap-CUB080xS.js               12.45 kB │ gzip:   4.79 kB
dist/assets/index-BL-2axhj.js                 751.11 kB │ gzip: 222.74 kB
dist/assets/maplibre-gl-Bz7YOzOj.js         1,032.85 kB │ gzip: 279.13 kB

[plugin builtin:vite-reporter] 
(!) Some chunks are larger than 500 kB after minification. Consider:
- Using dynamic import() to code-split the application
- Use build.rolldownOptions.output.codeSplitting to improve chunking: https://rolldown.rs/reference/OutputOptions.codeSplitting
- Adjust chunk size limit for this warning via build.chunkSizeWarningLimit.
✓ built in 336ms
